173.199.115.179 - - [22/Jun/2013:09:01:50 +0200] "GET /catalog/product_reviews.php/products_id/42/reviews_id/143/page/6 HTTP/1.1" 200 10406 "-" "Mozilla/5.0 (compatible; AhrefsBot/4.0; +http://ahrefs.com/robot/)"
173.199.115.179 - - [22/Jun/2013:09:01:55 +0200] "GET /catalog/product_reviews_info.php/products_id/31/reviews_id/373/language/de HTTP/1.1" 200 9788 "-" "Mozilla/5.0 (compatible; AhrefsBot/4.0; +http://ahrefs.com/robot/)"
173.199.115.179 - - [22/Jun/2013:09:02:28 +0200] "GET /catalog/product_reviews.php/products_id/42/reviews_id/96/page/5 HTTP/1.1" 200 10421 "-" "Mozilla/5.0 (compatible; AhrefsBot/4.0; +http://ahrefs.com/robot/)"
173.199.115.179 - - [22/Jun/2013:09:02:31 +0200] "GET /catalog/product_reviews_info.php/products_id/42/reviews_id/129 HTTP/1.1" 200 9680 "-" "Mozilla/5.0 (compatible; AhrefsBot/4.0; +http://ahrefs.com/robot/)"
173.199.115.179 - - [22/Jun/2013:09:02:42 +0200] "GET /catalog/product_reviews.php/products_id/42/reviews_id/438/action/buy_now HTTP/1.1" 302 319 "-" "Mozilla/5.0 (compatible; AhrefsBot/4.0; +http://ahrefs.com/robot/)"
173.199.115.179 - - [22/Jun/2013:09:02:54 +0200] "GET /catalog/product_reviews.php/products_id/42/reviews_id/139/page/7/action/buy_now HTTP/1.1" 302 319 "-" "Mozilla/5.0 (compatible; AhrefsBot/4.0; +http://ahrefs.com/robot/)"
173.199.115.179 - - [22/Jun/2013:09:03:04 +0200] "GET /catalog/product_reviews.php/products_id/32/reviews_id/246/page/17/action/buy_now HTTP/1.1" 302 319 "-" "Mozilla/5.0 (compatible; AhrefsBot/4.0; +http://ahrefs.com/robot/)"
173.199.115.179 - - [22/Jun/2013:09:03:11 +0200] "GET /catalog/product_reviews.php/products_id/32/reviews_id/119/page/18 HTTP/1.1" 200 10505 "-" "Mozilla/5.0 (compatible; AhrefsBot/4.0; +http://ahrefs.com/robot/)"
173.199.115.179 - - [22/Jun/2013:09:03:15 +0200] "GET /catalog/product_reviews.php/products_id/30/reviews_id/195/action/buy_now HTTP/1.1" 302 319 "-" "Mozilla/5.0 (compatible; AhrefsBot/4.0; +http://ahrefs.com/robot/)"
173.199.115.179 - - [22/Jun/2013:09:03:18 +0200] "GET /catalog/product_reviews_write.php/products_id/32/reviews_id/519/page/7 HTTP/1.1" 302 380 "-" "Mozilla/5.0 (compatible; AhrefsBot/4.0; +http://ahrefs.com/robot/)"
173.199.115.179 - - [22/Jun/2013:09:03:29 +0200] "GET /catalog/product_reviews.php/products_id/32/reviews_id/114/language/de HTTP/1.1" 200 10509 "-" "Mozilla/5.0 (compatible; AhrefsBot/4.0; +http://ahrefs.com/robot/)"
173.199.115.179 - - [22/Jun/2013:09:03:31 +0200] "GET /catalog/product_reviews.php/products_id/31/reviews_id/359/page/8/action/buy_now HTTP/1.1" 302 319 "-" "Mozilla/5.0 (compatible; AhrefsBot/4.0; +http://ahrefs.com/robot/)"
173.199.115.179 - - [22/Jun/2013:09:03:46 +0200] "GET /catalog/product_reviews.php/products_id/31/reviews_id/362/page/8/action/buy_now HTTP/1.1" 302 319 "-" "Mozilla/5.0 (compatible; AhrefsBot/4.0; +http://ahrefs.com/robot/)"
173.199.115.179 - - [22/Jun/2013:09:04:23 +0200] "GET /catalog/product_reviews.php/products_id/32/reviews_id/108/page/10/action/buy_now HTTP/1.1" 302 319 "-" "Mozilla/5.0 (compatible; AhrefsBot/4.0; +http://ahrefs.com/robot/)"
65.255.60.162 - - [22/Jun/2013:09:04:48 +0200] "GET / HTTP/1.1" 200 8577 "-" "Java/1.7.0_21"
65.255.60.162 - - [22/Jun/2013:09:04:49 +0200] "GET /1/alte_oldenburger.html HTTP/1.1" 200 6037 "-" "Java/1.7.0_21"
65.255.60.162 - - [22/Jun/2013:09:04:51 +0200] "GET /1/angebote_krankenversicherung.html HTTP/1.1" 200 6144 "-" "Java/1.7.0_21"
65.255.60.162 - - [22/Jun/2013:09:04:52 +0200] "GET /1/berufshaftpflicht.html HTTP/1.1" 200 5757 "-" "Java/1.7.0_21"
65.255.60.162 - - [22/Jun/2013:09:04:52 +0200] "GET /1/hausratversicherung_gebaeudeversicherung.html HTTP/1.1" 200 6021 "-" "Java/1.7.0_21"
65.255.60.162 - - [22/Jun/2013:09:04:53 +0200] "GET /1/lebensversicherung_vergleich.html HTTP/1.1" 200 5968 "-" "Java/1.7.0_21"
65.255.60.162 - - [22/Jun/2013:09:04:53 +0200] "GET /1/private_krankenversicherungen.html HTTP/1.1" 200 6028 "-" "Java/1.7.0_21"
173.199.115.179 - - [22/Jun/2013:09:04:55 +0200] "GET /catalog/faqdesk_index.php/faqPath/9/faqdesk_id/19/language/de HTTP/1.1" 200 7364 "-" "Mozilla/5.0 (compatible; AhrefsBot/4.0; +http://ahrefs.com/robot/)"
65.255.60.162 - - [22/Jun/2013:09:04:55 +0200] "GET /catalog/allprods.php HTTP/1.1" 200 66299 "-" "Java/1.7.0_21"
65.255.60.162 - - [22/Jun/2013:09:04:56 +0200] "GET /index.php HTTP/1.1" 200 8577 "-" "Java/1.7.0_21"
173.199.115.179 - - [22/Jun/2013:09:04:58 +0200] "GET /catalog/product_reviews.php/products_id/42/reviews_id/345 HTTP/1.1" 200 10391 "-" "Mozilla/5.0 (compatible; AhrefsBot/4.0; +http://ahrefs.com/robot/)"
65.255.60.162 - - [22/Jun/2013:09:04:59 +0200] "GET /catalog/index.php HTTP/1.1" 200 62660 "-" "Java/1.7.0_21"
65.255.60.162 - - [22/Jun/2013:09:05:01 +0200] "GET /catalog/sitemap.php HTTP/1.1" 200 59854 "-" "Java/1.7.0_21"
65.255.60.162 - - [22/Jun/2013:09:05:01 +0200] "GET /links/weihnachtsgeschenk-kinder.php HTTP/1.1" 200 5058 "-" "Java/1.7.0_21"
65.255.60.162 - - [22/Jun/2013:09:05:04 +0200] "GET /pics/enter.png HTTP/1.1" 200 81537 "-" "Java/1.7.0_21"
65.255.60.162 - - [22/Jun/2013:09:05:04 +0200] "GET /catalog HTTP/1.1" 301 545 "-" "Java/1.7.0_21"
65.255.60.162 - - [22/Jun/2013:09:05:06 +0200] "GET /catalog/ HTTP/1.1" 200 62673 "-" "Java/1.7.0_21"
65.255.60.162 - - [22/Jun/2013:09:05:09 +0200] "GET /catalog/advanced_search.php HTTP/1.1" 200 64019 "-" "Java/1.7.0_21"
65.255.60.162 - - [22/Jun/2013:09:05:14 +0200] "GET /catalog/case_studies.php HTTP/1.1" 200 69414 "-" "Java/1.7.0_21"
65.255.60.162 - - [22/Jun/2013:09:05:18 +0200] "GET /catalog/conditions.php HTTP/1.1" 200 87275 "-" "Java/1.7.0_21"
65.255.60.162 - - [22/Jun/2013:09:05:22 +0200] "GET /catalog/contact_us.php HTTP/1.1" 200 61425 "-" "Java/1.7.0_21"
65.255.60.162 - - [22/Jun/2013:09:05:23 +0200] "GET /catalog/faqdesk_index.php HTTP/1.1" 200 35362 "-" "Java/1.7.0_21"
65.255.60.162 - - [22/Jun/2013:09:05:27 +0200] "GET /catalog/news.php HTTP/1.1" 200 72318 "-" "Java/1.7.0_21"
173.199.115.179 - - [22/Jun/2013:09:05:29 +0200] "GET /catalog/faqdesk_index.php/faqPath/6/faqdesk_id/9/page/1/sort/1a HTTP/1.1" 200 6047 "-" "Mozilla/5.0 (compatible; AhrefsBot/4.0; +http://ahrefs.com/robot/)"
65.255.60.162 - - [22/Jun/2013:09:05:29 +0200] "GET /catalog/privacy.php HTTP/1.1" 200 55686 "-" "Java/1.7.0_21"
65.255.60.162 - - [22/Jun/2013:09:05:32 +0200] "GET /catalog/reviews.php HTTP/1.1" 200 68811 "-" "Java/1.7.0_21"
65.255.60.162 - - [22/Jun/2013:09:05:36 +0200] "GET /catalog/shipping.php HTTP/1.1" 200 65508 "-" "Java/1.7.0_21"
65.255.60.162 - - [22/Jun/2013:09:05:38 +0200] "GET /catalog/shopping_cart.php HTTP/1.1" 200 57776 "-" "Java/1.7.0_21"
173.199.115.179 - - [22/Jun/2013:09:05:39 +0200] "GET /catalog/product_reviews.php/products_id/32/reviews_id/144 HTTP/1.1" 200 10519 "-" "Mozilla/5.0 (compatible; AhrefsBot/4.0; +http://ahrefs.com/robot/)"
65.255.60.162 - - [22/Jun/2013:09:05:42 +0200] "GET /catalog/sponsoring.php HTTP/1.1" 200 56856 "-" "Java/1.7.0_21"
65.255.60.162 - - [22/Jun/2013:09:05:43 +0200] "GET /click/click.php?link=http%3A%2F%2Fwww.paypal.de%2F&amp;t=3936390078 HTTP/1.1" 301 2134 "-" "Java/1.7.0_21"
65.255.60.162 - - [22/Jun/2013:09:05:48 +0200] "GET /catalog/affiliate_info.php HTTP/1.1" 200 59549 "-" "Java/1.7.0_21"
65.255.60.162 - - [22/Jun/2013:09:05:50 +0200] "GET /catalog/products_new.php HTTP/1.1" 200 66025 "-" "Java/1.7.0_21"
65.255.60.162 - - [22/Jun/2013:09:05:52 +0200] "GET /catalog/specials.php HTTP/1.1" 200 54540 "-" "Java/1.7.0_21"
65.255.60.162 - - [22/Jun/2013:09:05:56 +0200] "GET /pics/microsite_01_weihnachtsgeschenk_01.png HTTP/1.1" 200 75224 "-" "Java/1.7.0_21"
173.199.115.179 - - [22/Jun/2013:09:06:28 +0200] "GET /catalog/product_reviews.php/products_id/32/reviews_id/246/action/buy_now HTTP/1.1" 302 319 "-" "Mozilla/5.0 (compatible; AhrefsBot/4.0; +http://ahrefs.com/robot/)"
173.199.115.179 - - [22/Jun/2013:09:06:32 +0200] "GET /catalog/product_reviews.php/products_id/32/reviews_id/236/page/20/action/buy_now HTTP/1.1" 302 319 "-" "Mozilla/5.0 (compatible; AhrefsBot/4.0; +http://ahrefs.com/robot/)"
173.199.115.179 - - [22/Jun/2013:09:06:58 +0200] "GET /catalog/index.php/manufacturers_id/14 HTTP/1.1" 200 9253 "-" "Mozilla/5.0 (compatible; AhrefsBot/4.0; +http://ahrefs.com/robot/)"
173.199.115.179 - - [22/Jun/2013:09:06:58 +0200] "GET /catalog/product_reviews.php/products_id/40/reviews_id/65/page/3/action/buy_now HTTP/1.1" 302 319 "-" "Mozilla/5.0 (compatible; AhrefsBot/4.0; +http://ahrefs.com/robot/)"
173.199.115.179 - - [22/Jun/2013:09:07:01 +0200] "GET /catalog/product_reviews_write.php/products_id/42/reviews_id/457/page/12 HTTP/1.1" 302 380 "-" "Mozilla/5.0 (compatible; AhrefsBot/4.0; +http://ahrefs.com/robot/)"
173.199.115.179 - - [22/Jun/2013:09:07:06 +0200] "GET /catalog/product_reviews.php/manufacturers_id/12/products_id/35/page/2/language/de HTTP/1.1" 200 10472 "-" "Mozilla/5.0 (compatible; AhrefsBot/4.0; +http://ahrefs.com/robot/)"
173.199.115.179 - - [22/Jun/2013:09:07:35 +0200] "GET /catalog/product_reviews.php/products_id/32/reviews_id/300/page/10/language/de HTTP/1.1" 200 10604 "-" "Mozilla/5.0 (compatible; AhrefsBot/4.0; +http://ahrefs.com/robot/)"
173.199.115.179 - - [22/Jun/2013:09:08:14 +0200] "GET /catalog/product_reviews_write.php/products_id/32/reviews_id/169/page/14 HTTP/1.1" 302 380 "-" "Mozilla/5.0 (compatible; AhrefsBot/4.0; +http://ahrefs.com/robot/)"
173.199.115.179 - - [22/Jun/2013:09:08:47 +0200] "GET /catalog/product_reviews_info.php/products_id/32/reviews_id/169/action/buy_now HTTP/1.1" 302 319 "-" "Mozilla/5.0 (compatible; AhrefsBot/4.0; +http://ahrefs.com/robot/)"
173.199.115.179 - - [22/Jun/2013:09:08:57 +0200] "GET /catalog/product_reviews_write.php/products_id/30/reviews_id/111/page/2 HTTP/1.1" 302 380 "-" "Mozilla/5.0 (compatible; AhrefsBot/4.0; +http://ahrefs.com/robot/)"
173.199.115.179 - - [22/Jun/2013:09:09:19 +0200] "GET /catalog/product_reviews.php/products_id/31/reviews_id/339/page/5/action/buy_now HTTP/1.1" 302 319 "-" "Mozilla/5.0 (compatible; AhrefsBot/4.0; +http://ahrefs.com/robot/)"
173.199.115.179 - - [22/Jun/2013:09:09:30 +0200] "GET /catalog/product_reviews.php/products_id/47/reviews_id/573/page/3/action/buy_now HTTP/1.1" 302 319 "-" "Mozilla/5.0 (compatible; AhrefsBot/4.0; +http://ahrefs.com/robot/)"
173.199.115.179 - - [22/Jun/2013:09:10:03 +0200] "GET /catalog/product_reviews.php/products_id/30/reviews_id/276/page/4/language/de HTTP/1.1" 200 10444 "-" "Mozilla/5.0 (compatible; AhrefsBot/4.0; +http://ahrefs.com/robot/)"
173.199.115.179 - - [22/Jun/2013:09:10:36 +0200] "GET /catalog/product_reviews_write.php/products_id/30/reviews_id/442 HTTP/1.1" 302 380 "-" "Mozilla/5.0 (compatible; AhrefsBot/4.0; +http://ahrefs.com/robot/)"
173.199.115.179 - - [22/Jun/2013:09:10:49 +0200] "GET /catalog/product_reviews.php/products_id/32/reviews_id/556/language/de HTTP/1.1" 200 10509 "-" "Mozilla/5.0 (compatible; AhrefsBot/4.0; +http://ahrefs.com/robot/)"
173.199.115.179 - - [22/Jun/2013:09:10:56 +0200] "GET /catalog/product_reviews.php/products_id/32/reviews_id/91/page/12/language/de HTTP/1.1" 200 10568 "-" "Mozilla/5.0 (compatible; AhrefsBot/4.0; +http://ahrefs.com/robot/)"
87.144.202.226 - - [22/Jun/2013:09:11:06 +0200] "GET /chCounter/additional.php?res_width=1252&res_height=783&js=true HTTP/1.1" 200 167 "http://www.hacky-sack-shop.de/index.php?ref=google&gclid=CPzV246O97cCFaTItAodzXcAqg" "Mozilla/5.0 (compatible; MSIE 10.0; Windows NT 6.1; WOW64; Trident/6.0; BOIE9;DEDE)"
208.115.113.86 - - [22/Jun/2013:09:11:28 +0200] "GET /catalog/faqdesk_info.php/faqPath/5/faqdesk_id/3/language/de HTTP/1.1" 200 33900 "-" "Mozilla/5.0 (compatible; Ezooms/1.0; ezooms.bot@gmail.com)"
208.115.113.86 - - [22/Jun/2013:09:12:21 +0200] "GET /catalog/product_reviews.php/products_id/56/reviews_id/571/language/de HTTP/1.1" 200 63587 "-" "Mozilla/5.0 (compatible; Ezooms/1.0; ezooms.bot@gmail.com)"
208.115.113.86 - - [22/Jun/2013:09:12:24 +0200] "GET /catalog/product_reviews_info.php/products_id/31/reviews_id/483/language/de HTTP/1.1" 200 60090 "-" "Mozilla/5.0 (compatible; Ezooms/1.0; ezooms.bot@gmail.com)"
208.115.113.86 - - [22/Jun/2013:09:12:54 +0200] "GET /catalog/product_reviews.php/products_id/35/reviews_id/268/page/5/language/de HTTP/1.1" 200 66275 "-" "Mozilla/5.0 (compatible; Ezooms/1.0; ezooms.bot@gmail.com)"
208.115.113.86 - - [22/Jun/2013:09:13:10 +0200] "GET /catalog/product_reviews.php/products_id/30/reviews_id/479/language/de HTTP/1.1" 200 69464 "-" "Mozilla/5.0 (compatible; Ezooms/1.0; ezooms.bot@gmail.com)"
208.115.113.86 - - [22/Jun/2013:09:13:12 +0200] "GET /catalog/product_reviews.php/products_id/32/reviews_id/437/language/de HTTP/1.1" 200 69888 "-" "Mozilla/5.0 (compatible; Ezooms/1.0; ezooms.bot@gmail.com)"
208.115.113.86 - - [22/Jun/2013:09:13:16 +0200] "GET /catalog/product_reviews.php/products_id/31/reviews_id/483/page/5/language/de HTTP/1.1" 200 69972 "-" "Mozilla/5.0 (compatible; Ezooms/1.0; ezooms.bot@gmail.com)"
208.115.113.86 - - [22/Jun/2013:09:13:18 +0200] "GET /catalog/product_reviews.php/products_id/47/reviews_id/521/page/2/language/de HTTP/1.1" 200 69948 "-" "Mozilla/5.0 (compatible; Ezooms/1.0; ezooms.bot@gmail.com)"
173.199.115.179 - - [22/Jun/2013:09:13:52 +0200] "GET /catalog/product_reviews_write.php/products_id/42/reviews_id/279/page/5 HTTP/1.1" 302 380 "-" "Mozilla/5.0 (compatible; AhrefsBot/4.0; +http://ahrefs.com/robot/)"
173.199.115.179 - - [22/Jun/2013:09:14:08 +0200] "GET /catalog/product_reviews.php/products_id/31/reviews_id/447/language/de HTTP/1.1" 200 10473 "-" "Mozilla/5.0 (compatible; AhrefsBot/4.0; +http://ahrefs.com/robot/)"
173.199.115.179 - - [22/Jun/2013:09:14:13 +0200] "GET /catalog/product_reviews_info.php/products_id/52/reviews_id/562/action/buy_now HTTP/1.1" 302 319 "-" "Mozilla/5.0 (compatible; AhrefsBot/4.0; +http://ahrefs.com/robot/)"
173.199.115.179 - - [22/Jun/2013:09:14:58 +0200] "GET /catalog/product_reviews.php/products_id/32/reviews_id/162/page/6 HTTP/1.1" 200 10572 "-" "Mozilla/5.0 (compatible; AhrefsBot/4.0; +http://ahrefs.com/robot/)"
173.199.115.179 - - [22/Jun/2013:09:15:31 +0200] "GET /catalog/product_reviews_info.php/products_id/29/reviews_id/398 HTTP/1.1" 200 9749 "-" "Mozilla/5.0 (compatible; AhrefsBot/4.0; +http://ahrefs.com/robot/)"
173.199.115.179 - - [22/Jun/2013:09:15:43 +0200] "GET /catalog/product_reviews_write.php/products_id/29/reviews_id/274/page/1 HTTP/1.1" 302 380 "-" "Mozilla/5.0 (compatible; AhrefsBot/4.0; +http://ahrefs.com/robot/)"
173.199.115.179 - - [22/Jun/2013:09:15:47 +0200] "GET /catalog/product_reviews.php/products_id/34/reviews_id/371/page/4/language/de HTTP/1.1" 200 10454 "-" "Mozilla/5.0 (compatible; AhrefsBot/4.0; +http://ahrefs.com/robot/)"
173.199.115.179 - - [22/Jun/2013:09:15:54 +0200] "GET /catalog/product_reviews.php/products_id/32/reviews_id/216/page/10/language/de HTTP/1.1" 200 10606 "-" "Mozilla/5.0 (compatible; AhrefsBot/4.0; +http://ahrefs.com/robot/)"
173.199.115.179 - - [22/Jun/2013:09:16:01 +0200] "GET /catalog/product_reviews.php/products_id/32/reviews_id/211/page/4/action/buy_now HTTP/1.1" 302 319 "-" "Mozilla/5.0 (compatible; AhrefsBot/4.0; +http://ahrefs.com/robot/)"
173.199.115.179 - - [22/Jun/2013:09:16:06 +0200] "GET /catalog/product_reviews_write.php/products_id/32 HTTP/1.1" 302 380 "-" "Mozilla/5.0 (compatible; AhrefsBot/4.0; +http://ahrefs.com/robot/)"
173.199.115.179 - - [22/Jun/2013:09:16:09 +0200] "GET /catalog/product_reviews.php/products_id/32/reviews_id/245/page/5/action/buy_now HTTP/1.1" 302 319 "-" "Mozilla/5.0 (compatible; AhrefsBot/4.0; +http://ahrefs.com/robot/)"
173.199.115.179 - - [22/Jun/2013:09:16:16 +0200] "GET /catalog/index.php/cPath/24/page/1/sort/4d/action/buy_now/products_id/44 HTTP/1.1" 302 319 "-" "Mozilla/5.0 (compatible; AhrefsBot/4.0; +http://ahrefs.com/robot/)"
173.199.115.179 - - [22/Jun/2013:09:16:19 +0200] "GET /catalog/product_info.php/manufacturers_id/12/products_id/50/language/de HTTP/1.1" 200 11922 "-" "Mozilla/5.0 (compatible; AhrefsBot/4.0; +http://ahrefs.com/robot/)"
173.199.115.179 - - [22/Jun/2013:09:16:20 +0200] "GET /catalog/product_reviews.php/products_id/32/reviews_id/85/page/8/action/buy_now HTTP/1.1" 302 319 "-" "Mozilla/5.0 (compatible; AhrefsBot/4.0; +http://ahrefs.com/robot/)"
66.249.78.83 - - [22/Jun/2013:09:16:41 +0200] "GET /catalog/popup_add_image.php/imagesID/82 HTTP/1.1" 200 976 "-" "Mozilla/5.0 (compatible; Googlebot/2.1; +http://www.google.com/bot.html)"
173.199.115.179 - - [22/Jun/2013:09:16:51 +0200] "GET /catalog/product_reviews.php/products_id/52/reviews_id/305/page/2 HTTP/1.1" 200 10409 "-" "Mozilla/5.0 (compatible; AhrefsBot/4.0; +http://ahrefs.com/robot/)"
66.249.78.83 - - [22/Jun/2013:09:17:11 +0200] "GET /catalog/product_reviews.php/products_id/52/reviews_id/351/page/2/language/de HTTP/1.1" 200 10421 "-" "Mozilla/5.0 (compatible; Googlebot/2.1; +http://www.google.com/bot.html)"
173.199.115.179 - - [22/Jun/2013:09:17:12 +0200] "GET /catalog/product_reviews.php/products_id/32/reviews_id/269/page/3/action/buy_now HTTP/1.1" 302 319 "-" "Mozilla/5.0 (compatible; AhrefsBot/4.0; +http://ahrefs.com/robot/)"
173.199.115.179 - - [22/Jun/2013:09:17:23 +0200] "GET /catalog/reviews.php/page/81 HTTP/1.1" 200 10087 "-" "Mozilla/5.0 (compatible; AhrefsBot/4.0; +http://ahrefs.com/robot/)"
173.199.115.179 - - [22/Jun/2013:09:17:25 +0200] "GET /catalog/product_reviews.php/products_id/32/reviews_id/374/page/2 HTTP/1.1" 200 10586 "-" "Mozilla/5.0 (compatible; AhrefsBot/4.0; +http://ahrefs.com/robot/)"
173.199.115.179 - - [22/Jun/2013:09:18:17 +0200] "GET /catalog/product_reviews.php/products_id/32/reviews_id/455/page/14/language/de HTTP/1.1" 200 10606 "-" "Mozilla/5.0 (compatible; AhrefsBot/4.0; +http://ahrefs.com/robot/)"
173.199.115.179 - - [22/Jun/2013:09:18:17 +0200] "GET /catalog/product_reviews_write.php/products_id/40/reviews_id/227/page/3 HTTP/1.1" 302 380 "-" "Mozilla/5.0 (compatible; AhrefsBot/4.0; +http://ahrefs.com/robot/)"
173.199.115.179 - - [22/Jun/2013:09:18:18 +0200] "GET /catalog/product_reviews.php/products_id/42/reviews_id/72/page/12/action/buy_now HTTP/1.1" 302 319 "-" "Mozilla/5.0 (compatible; AhrefsBot/4.0; +http://ahrefs.com/robot/)"
173.199.115.179 - - [22/Jun/2013:09:18:58 +0200] "GET /catalog/product_reviews.php/products_id/42/reviews_id/33/page/7/action/buy_now HTTP/1.1" 302 319 "-" "Mozilla/5.0 (compatible; AhrefsBot/4.0; +http://ahrefs.com/robot/)"
173.199.115.179 - - [22/Jun/2013:09:19:05 +0200] "GET /catalog/product_reviews_write.php/products_id/32/reviews_id/194/page/8 HTTP/1.1" 302 380 "-" "Mozilla/5.0 (compatible; AhrefsBot/4.0; +http://ahrefs.com/robot/)"
173.199.115.179 - - [22/Jun/2013:09:19:09 +0200] "GET /catalog/product_reviews.php/products_id/32/reviews_id/80/page/6 HTTP/1.1" 200 10578 "-" "Mozilla/5.0 (compatible; AhrefsBot/4.0; +http://ahrefs.com/robot/)"
173.199.115.179 - - [22/Jun/2013:09:19:21 +0200] "GET /catalog/product_reviews_write.php/products_id/32/reviews_id/100/page/5 HTTP/1.1" 302 380 "-" "Mozilla/5.0 (compatible; AhrefsBot/4.0; +http://ahrefs.com/robot/)"
173.199.115.179 - - [22/Jun/2013:09:19:33 +0200] "GET /catalog/product_reviews.php/products_id/34/reviews_id/173/page/2/action/buy_now HTTP/1.1" 302 319 "-" "Mozilla/5.0 (compatible; AhrefsBot/4.0; +http://ahrefs.com/robot/)"
173.199.115.179 - - [22/Jun/2013:09:19:50 +0200] "GET /catalog/product_reviews_write.php/products_id/32/reviews_id/108/page/14 HTTP/1.1" 302 380 "-" "Mozilla/5.0 (compatible; AhrefsBot/4.0; +http://ahrefs.com/robot/)"
173.199.115.179 - - [22/Jun/2013:09:20:03 +0200] "GET /catalog/product_reviews.php/products_id/31/reviews_id/59/page/7 HTTP/1.1" 200 10490 "-" "Mozilla/5.0 (compatible; AhrefsBot/4.0; +http://ahrefs.com/robot/)"
173.199.115.179 - - [22/Jun/2013:09:20:17 +0200] "GET /catalog/product_reviews.php/products_id/32/reviews_id/87/page/9/action/buy_now HTTP/1.1" 302 319 "-" "Mozilla/5.0 (compatible; AhrefsBot/4.0; +http://ahrefs.com/robot/)"
173.199.115.179 - - [22/Jun/2013:09:20:32 +0200] "GET /catalog/product_reviews.php/manufacturers_id/12/products_id/47/page/6/action/buy_now HTTP/1.1" 302 319 "-" "Mozilla/5.0 (compatible; AhrefsBot/4.0; +http://ahrefs.com/robot/)"
173.199.115.179 - - [22/Jun/2013:09:21:18 +0200] "GET /catalog/product_reviews.php/products_id/40/reviews_id/357/page/2/action/buy_now HTTP/1.1" 302 319 "-" "Mozilla/5.0 (compatible; AhrefsBot/4.0; +http://ahrefs.com/robot/)"
173.199.115.179 - - [22/Jun/2013:09:21:53 +0200] "GET /catalog/product_reviews.php/products_id/32/reviews_id/544/page/19/action/buy_now HTTP/1.1" 302 319 "-" "Mozilla/5.0 (compatible; AhrefsBot/4.0; +http://ahrefs.com/robot/)"
173.199.115.179 - - [22/Jun/2013:09:22:12 +0200] "GET /catalog/product_reviews.php/products_id/32/reviews_id/437/page/15/action/buy_now HTTP/1.1" 302 319 "-" "Mozilla/5.0 (compatible; AhrefsBot/4.0; +http://ahrefs.com/robot/)"
173.199.115.179 - - [22/Jun/2013:09:22:51 +0200] "GET /catalog/product_reviews.php/products_id/36/reviews_id/528/page/5 HTTP/1.1" 200 10465 "-" "Mozilla/5.0 (compatible; AhrefsBot/4.0; +http://ahrefs.com/robot/)"
173.199.115.179 - - [22/Jun/2013:09:23:01 +0200] "GET /catalog/product_reviews_write.php/products_id/42/reviews_id/265 HTTP/1.1" 302 380 "-" "Mozilla/5.0 (compatible; AhrefsBot/4.0; +http://ahrefs.com/robot/)"
173.199.115.179 - - [22/Jun/2013:09:23:14 +0200] "GET /catalog/faqdesk_info.php/faqPath/9/faqdesk_id/34/language/de HTTP/1.1" 200 5369 "-" "Mozilla/5.0 (compatible; AhrefsBot/4.0; +http://ahrefs.com/robot/)"
173.199.115.179 - - [22/Jun/2013:09:23:22 +0200] "GET /catalog/product_reviews_write.php/products_id/31/reviews_id/34 HTTP/1.1" 302 380 "-" "Mozilla/5.0 (compatible; AhrefsBot/4.0; +http://ahrefs.com/robot/)"
173.199.115.179 - - [22/Jun/2013:09:23:28 +0200] "GET /catalog/product_reviews.php/products_id/32/reviews_id/43/page/16 HTTP/1.1" 200 10552 "-" "Mozilla/5.0 (compatible; AhrefsBot/4.0; +http://ahrefs.com/robot/)"
173.199.115.179 - - [22/Jun/2013:09:23:30 +0200] "GET /catalog/product_reviews_write.php/products_id/32/reviews_id/556/page/4 HTTP/1.1" 302 380 "-" "Mozilla/5.0 (compatible; AhrefsBot/4.0; +http://ahrefs.com/robot/)"
173.199.115.179 - - [22/Jun/2013:09:24:48 +0200] "GET /catalog/product_reviews.php/products_id/30/reviews_id/195/page/2/language/de HTTP/1.1" 200 10434 "-" "Mozilla/5.0 (compatible; AhrefsBot/4.0; +http://ahrefs.com/robot/)"
173.199.115.179 - - [22/Jun/2013:09:25:14 +0200] "GET /catalog/product_reviews.php/products_id/47/reviews_id/500/page/2/action/buy_now HTTP/1.1" 302 319 "-" "Mozilla/5.0 (compatible; AhrefsBot/4.0; +http://ahrefs.com/robot/)"
173.199.115.179 - - [22/Jun/2013:09:25:29 +0200] "GET /catalog/product_reviews.php/products_id/52/reviews_id/360/action/buy_now HTTP/1.1" 302 319 "-" "Mozilla/5.0 (compatible; AhrefsBot/4.0; +http://ahrefs.com/robot/)"
173.199.115.179 - - [22/Jun/2013:09:25:33 +0200] "GET /catalog/product_reviews.php/products_id/35/reviews_id/441/page/4 HTTP/1.1" 200 10495 "-" "Mozilla/5.0 (compatible; AhrefsBot/4.0; +http://ahrefs.com/robot/)"
173.199.115.179 - - [22/Jun/2013:09:25:50 +0200] "GET /catalog/product_reviews.php/products_id/32/reviews_id/246/language/de HTTP/1.1" 200 10483 "-" "Mozilla/5.0 (compatible; AhrefsBot/4.0; +http://ahrefs.com/robot/)"
173.199.115.179 - - [22/Jun/2013:09:25:55 +0200] "GET /catalog/product_reviews_write.php/products_id/47/reviews_id/433/page/5 HTTP/1.1" 302 380 "-" "Mozilla/5.0 (compatible; AhrefsBot/4.0; +http://ahrefs.com/robot/)"
173.199.115.179 - - [22/Jun/2013:09:25:56 +0200] "GET /catalog/news.php/news_id/96/page/3 HTTP/1.1" 200 11897 "-" "Mozilla/5.0 (compatible; AhrefsBot/4.0; +http://ahrefs.com/robot/)"
173.199.115.179 - - [22/Jun/2013:09:26:14 +0200] "GET /catalog/product_reviews_write.php/products_id/32/reviews_id/556/page/13 HTTP/1.1" 302 380 "-" "Mozilla/5.0 (compatible; AhrefsBot/4.0; +http://ahrefs.com/robot/)"
173.199.115.179 - - [22/Jun/2013:09:26:16 +0200] "GET /catalog/product_reviews_write.php/products_id/36/reviews_id/528/page/4 HTTP/1.1" 302 380 "-" "Mozilla/5.0 (compatible; AhrefsBot/4.0; +http://ahrefs.com/robot/)"
85.214.25.242 - - [22/Jun/2013:09:27:35 +0200] "GET / HTTP/1.0" 301 525 "-" "Mozilla/5.0 (Windows NT 6.1; rv:12.0) Gecko/20100101 Firefox/12.0"
85.214.25.242 - - [22/Jun/2013:09:27:35 +0200] "GET / HTTP/1.0" 200 9286 "-" "Mozilla/5.0 (Windows NT 6.1; rv:12.0) Gecko/20100101 Firefox/12.0"
123.125.71.84 - - [22/Jun/2013:09:29:51 +0200] "GET / HTTP/1.1" 301 525 "-" "Mozilla/5.0 (compatible; Baiduspider/2.0; +http://www.baidu.com/search/spider.html)"
173.199.115.179 - - [22/Jun/2013:09:29:54 +0200] "GET /catalog/product_reviews_info.php/products_id/30/reviews_id/277/action/buy_now HTTP/1.1" 302 319 "-" "Mozilla/5.0 (compatible; AhrefsBot/4.0; +http://ahrefs.com/robot/)"
173.199.115.179 - - [22/Jun/2013:09:30:00 +0200] "GET /catalog/product_reviews.php/products_id/32/reviews_id/455/page/8 HTTP/1.1" 200 10587 "-" "Mozilla/5.0 (compatible; AhrefsBot/4.0; +http://ahrefs.com/robot/)"
173.199.115.179 - - [22/Jun/2013:09:30:04 +0200] "GET /catalog/product_reviews.php/manufacturers_id/11/products_id/42/page/10 HTTP/1.1" 200 10485 "-" "Mozilla/5.0 (compatible; AhrefsBot/4.0; +http://ahrefs.com/robot/)"
220.181.108.139 - - [22/Jun/2013:09:30:16 +0200] "GET / HTTP/1.1" 301 525 "-" "Mozilla/5.0 (compatible; Baiduspider/2.0; +http://www.baidu.com/search/spider.html)"
173.199.115.179 - - [22/Jun/2013:09:30:26 +0200] "GET /catalog/product_reviews.php/products_id/32/reviews_id/32/page/4/action/buy_now HTTP/1.1" 302 319 "-" "Mozilla/5.0 (compatible; AhrefsBot/4.0; +http://ahrefs.com/robot/)"
173.199.115.179 - - [22/Jun/2013:09:30:29 +0200] "GET /catalog/faqdesk_reviews_write.php/faqPath/9/faqdesk_id/32 HTTP/1.1" 302 380 "-" "Mozilla/5.0 (compatible; AhrefsBot/4.0; +http://ahrefs.com/robot/)"
173.199.115.179 - - [22/Jun/2013:09:30:30 +0200] "GET /catalog/product_reviews_write.php/products_id/32/reviews_id/556/page/1 HTTP/1.1" 302 380 "-" "Mozilla/5.0 (compatible; AhrefsBot/4.0; +http://ahrefs.com/robot/)"
173.199.115.179 - - [22/Jun/2013:09:30:35 +0200] "GET /catalog/product_reviews_write.php/products_id/32/reviews_id/67/page/13 HTTP/1.1" 302 380 "-" "Mozilla/5.0 (compatible; AhrefsBot/4.0; +http://ahrefs.com/robot/)"
173.199.115.179 - - [22/Jun/2013:09:30:38 +0200] "GET /catalog/product_reviews_write.php/products_id/32/reviews_id/497/page/8 HTTP/1.1" 302 380 "-" "Mozilla/5.0 (compatible; AhrefsBot/4.0; +http://ahrefs.com/robot/)"
173.199.115.179 - - [22/Jun/2013:09:30:46 +0200] "GET /catalog/product_reviews.php/products_id/42/reviews_id/261/page/4 HTTP/1.1" 200 10466 "-" "Mozilla/5.0 (compatible; AhrefsBot/4.0; +http://ahrefs.com/robot/)"
173.199.115.179 - - [22/Jun/2013:09:30:58 +0200] "GET /catalog/product_reviews.php/products_id/47/reviews_id/476/page/2/action/buy_now HTTP/1.1" 302 319 "-" "Mozilla/5.0 (compatible; AhrefsBot/4.0; +http://ahrefs.com/robot/)"
173.199.115.179 - - [22/Jun/2013:09:31:03 +0200] "GET /catalog/product_reviews.php/products_id/42/reviews_id/256/page/8/action/buy_now HTTP/1.1" 302 319 "-" "Mozilla/5.0 (compatible; AhrefsBot/4.0; +http://ahrefs.com/robot/)"
173.199.115.179 - - [22/Jun/2013:09:31:29 +0200] "GET /catalog/product_reviews.php/products_id/32/reviews_id/220/page/7/language/de HTTP/1.1" 200 10612 "-" "Mozilla/5.0 (compatible; AhrefsBot/4.0; +http://ahrefs.com/robot/)"
173.199.115.179 - - [22/Jun/2013:09:32:06 +0200] "GET /catalog/product_reviews.php/products_id/34/reviews_id/574/action/buy_now HTTP/1.1" 302 319 "-" "Mozilla/5.0 (compatible; AhrefsBot/4.0; +http://ahrefs.com/robot/)"
173.199.115.179 - - [22/Jun/2013:09:32:40 +0200] "GET /catalog/product_reviews.php/products_id/30/reviews_id/81/page/6/action/buy_now HTTP/1.1" 302 319 "-" "Mozilla/5.0 (compatible; AhrefsBot/4.0; +http://ahrefs.com/robot/)"
173.199.115.179 - - [22/Jun/2013:09:32:45 +0200] "GET /catalog/product_reviews.php/products_id/32/reviews_id/519/page/10 HTTP/1.1" 200 10617 "-" "Mozilla/5.0 (compatible; AhrefsBot/4.0; +http://ahrefs.com/robot/)"
5.199.136.130 - - [22/Jun/2013:09:32:53 +0200] "GET /catalog/product_reviews.php/products_id/42/reviews_id/326/page/1/action/buy_now HTTP/1.1" 302 319 "-" "Mozilla/5.0 (compatible; Spiderlytics/1.0; +spider@spiderlytics.com)"
173.199.115.179 - - [22/Jun/2013:09:32:58 +0200] "GET /catalog/product_reviews_write.php/products_id/31/reviews_id/288/page/6 HTTP/1.1" 302 380 "-" "Mozilla/5.0 (compatible; AhrefsBot/4.0; +http://ahrefs.com/robot/)"
173.199.115.179 - - [22/Jun/2013:09:33:01 +0200] "GET /catalog/product_reviews_write.php/products_id/34/reviews_id/469/page/6 HTTP/1.1" 302 380 "-" "Mozilla/5.0 (compatible; AhrefsBot/4.0; +http://ahrefs.com/robot/)"
173.199.115.179 - - [22/Jun/2013:09:33:30 +0200] "GET /catalog/product_reviews.php/products_id/36/reviews_id/28/page/4/language/de HTTP/1.1" 200 10499 "-" "Mozilla/5.0 (compatible; AhrefsBot/4.0; +http://ahrefs.com/robot/)"
173.199.115.179 - - [22/Jun/2013:09:33:48 +0200] "GET /catalog/product_reviews_info.php/products_id/44/reviews_id/466/language/de HTTP/1.1" 200 9794 "-" "Mozilla/5.0 (compatible; AhrefsBot/4.0; +http://ahrefs.com/robot/)"
173.199.115.179 - - [22/Jun/2013:09:33:50 +0200] "GET /catalog/product_reviews_write.php/products_id/42/reviews_id/482/page/10 HTTP/1.1" 302 380 "-" "Mozilla/5.0 (compatible; AhrefsBot/4.0; +http://ahrefs.com/robot/)"
173.199.115.179 - - [22/Jun/2013:09:34:01 +0200] "GET /catalog/product_reviews_write.php/products_id/32/reviews_id/85/page/11 HTTP/1.1" 302 380 "-" "Mozilla/5.0 (compatible; AhrefsBot/4.0; +http://ahrefs.com/robot/)"
173.199.115.179 - - [22/Jun/2013:09:34:13 +0200] "GET /catalog/product_reviews.php/products_id/32/reviews_id/258/page/18/action/buy_now HTTP/1.1" 302 319 "-" "Mozilla/5.0 (compatible; AhrefsBot/4.0; +http://ahrefs.com/robot/)"
173.199.115.179 - - [22/Jun/2013:09:34:30 +0200] "GET /catalog/product_reviews.php/products_id/32/reviews_id/464/language/de HTTP/1.1" 200 10521 "-" "Mozilla/5.0 (compatible; AhrefsBot/4.0; +http://ahrefs.com/robot/)"
173.199.115.179 - - [22/Jun/2013:09:34:30 +0200] "GET /catalog/product_info.php/manufacturers_id/11/products_id/29/action/add_product HTTP/1.1" 302 319 "-" "Mozilla/5.0 (compatible; AhrefsBot/4.0; +http://ahrefs.com/robot/)"
173.199.115.179 - - [22/Jun/2013:09:34:48 +0200] "GET /catalog/product_reviews_write.php/products_id/32/reviews_id/296/page/1 HTTP/1.1" 302 380 "-" "Mozilla/5.0 (compatible; AhrefsBot/4.0; +http://ahrefs.com/robot/)"
173.199.115.179 - - [22/Jun/2013:09:35:06 +0200] "GET /catalog/product_reviews.php/products_id/42/reviews_id/252/page/10/action/buy_now HTTP/1.1" 302 319 "-" "Mozilla/5.0 (compatible; AhrefsBot/4.0; +http://ahrefs.com/robot/)"
173.199.115.179 - - [22/Jun/2013:09:35:29 +0200] "GET /catalog/product_reviews_write.php/products_id/32/reviews_id/135/page/15 HTTP/1.1" 302 380 "-" "Mozilla/5.0 (compatible; AhrefsBot/4.0; +http://ahrefs.com/robot/)"
173.199.115.179 - - [22/Jun/2013:09:35:42 +0200] "GET /catalog/product_reviews_write.php/products_id/47/reviews_id/531/page/6 HTTP/1.1" 302 380 "-" "Mozilla/5.0 (compatible; AhrefsBot/4.0; +http://ahrefs.com/robot/)"
173.199.115.179 - - [22/Jun/2013:09:36:04 +0200] "GET /catalog/product_reviews.php/products_id/36/reviews_id/323/page/5 HTTP/1.1" 200 10465 "-" "Mozilla/5.0 (compatible; AhrefsBot/4.0; +http://ahrefs.com/robot/)"
173.199.115.179 - - [22/Jun/2013:09:36:11 +0200] "GET /catalog/product_reviews_write.php/products_id/35/reviews_id/515 HTTP/1.1" 302 380 "-" "Mozilla/5.0 (compatible; AhrefsBot/4.0; +http://ahrefs.com/robot/)"
173.199.115.179 - - [22/Jun/2013:09:36:19 +0200] "GET /catalog/product_reviews.php/products_id/34/reviews_id/404/page/2 HTTP/1.1" 200 10523 "-" "Mozilla/5.0 (compatible; AhrefsBot/4.0; +http://ahrefs.com/robot/)"
173.199.115.179 - - [22/Jun/2013:09:36:31 +0200] "GET /catalog/product_reviews_write.php/manufacturers_id/14/products_id/45 HTTP/1.1" 302 380 "-" "Mozilla/5.0 (compatible; AhrefsBot/4.0; +http://ahrefs.com/robot/)"
173.199.115.179 - - [22/Jun/2013:09:37:09 +0200] "GET /catalog/product_reviews_write.php/products_id/32/reviews_id/490/page/18 HTTP/1.1" 302 380 "-" "Mozilla/5.0 (compatible; AhrefsBot/4.0; +http://ahrefs.com/robot/)"
173.199.115.179 - - [22/Jun/2013:09:37:37 +0200] "GET /catalog/product_reviews.php/products_id/30/reviews_id/124 HTTP/1.1" 200 10362 "-" "Mozilla/5.0 (compatible; AhrefsBot/4.0; +http://ahrefs.com/robot/)"
173.199.115.179 - - [22/Jun/2013:09:38:28 +0200] "GET /catalog/product_reviews.php/products_id/32/reviews_id/61/page/15 HTTP/1.1" 200 10542 "-" "Mozilla/5.0 (compatible; AhrefsBot/4.0; +http://ahrefs.com/robot/)"
173.199.115.179 - - [22/Jun/2013:09:38:33 +0200] "GET /catalog/product_reviews.php/products_id/32/reviews_id/93/page/6/action/buy_now HTTP/1.1" 302 319 "-" "Mozilla/5.0 (compatible; AhrefsBot/4.0; +http://ahrefs.com/robot/)"
173.199.115.179 - - [22/Jun/2013:09:38:52 +0200] "GET /catalog/product_reviews.php/products_id/35/reviews_id/515/page/2 HTTP/1.1" 200 10474 "-" "Mozilla/5.0 (compatible; AhrefsBot/4.0; +http://ahrefs.com/robot/)"
173.199.115.179 - - [22/Jun/2013:09:38:58 +0200] "GET /catalog/product_reviews_write.php/products_id/32/reviews_id/389/page/8 HTTP/1.1" 302 380 "-" "Mozilla/5.0 (compatible; AhrefsBot/4.0; +http://ahrefs.com/robot/)"
173.199.115.179 - - [22/Jun/2013:09:39:26 +0200] "GET /catalog/product_reviews_write.php/products_id/32/reviews_id/290/page/5 HTTP/1.1" 302 380 "-" "Mozilla/5.0 (compatible; AhrefsBot/4.0; +http://ahrefs.com/robot/)"
66.249.78.83 - - [22/Jun/2013:09:40:22 +0200] "GET /catalog/popup_add_image.php/imagesID/14 HTTP/1.1" 200 988 "-" "Mozilla/5.0 (compatible; Googlebot/2.1; +http://www.google.com/bot.html)"
173.199.115.179 - - [22/Jun/2013:09:40:51 +0200] "GET /catalog/product_reviews_write.php/products_id/32/reviews_id/167/page/11 HTTP/1.1" 302 380 "-" "Mozilla/5.0 (compatible; AhrefsBot/4.0; +http://ahrefs.com/robot/)"
173.199.115.179 - - [22/Jun/2013:09:40:58 +0200] "GET /catalog/product_reviews.php/products_id/32/reviews_id/167/page/3 HTTP/1.1" 200 10554 "-" "Mozilla/5.0 (compatible; AhrefsBot/4.0; +http://ahrefs.com/robot/)"
173.199.115.179 - - [22/Jun/2013:09:41:18 +0200] "GET /catalog/product_reviews.php/products_id/40/reviews_id/214/page/4/language/de HTTP/1.1" 200 10377 "-" "Mozilla/5.0 (compatible; AhrefsBot/4.0; +http://ahrefs.com/robot/)"
66.249.78.83 - - [22/Jun/2013:09:43:07 +0200] "GET /1/berufshaftpflicht.html HTTP/1.1" 200 1537 "-" "Mozilla/5.0 (iPhone; U; CPU iPhone OS 4_1 like Mac OS X; en-us) AppleWebKit/532.9 (KHTML, like Gecko) Version/4.0.5 Mobile/8B117 Safari/6531.22.7 (compatible; Googlebot-Mobile/2.1; +http://www.google.com/bot.html)"
173.199.115.179 - - [22/Jun/2013:09:43:50 +0200] "-" 408 0 "-" "-"
173.199.115.179 - - [22/Jun/2013:09:44:13 +0200] "GET /catalog/product_reviews_info.php/products_id/30/reviews_id/195 HTTP/1.1" 200 9749 "-" "Mozilla/5.0 (compatible; AhrefsBot/4.0; +http://ahrefs.com/robot/)"
173.199.115.179 - - [22/Jun/2013:09:44:23 +0200] "GET /catalog/product_reviews.php/products_id/32/reviews_id/258/page/9 HTTP/1.1" 200 10629 "-" "Mozilla/5.0 (compatible; AhrefsBot/4.0; +http://ahrefs.com/robot/)"
173.199.115.179 - - [22/Jun/2013:09:45:00 +0200] "GET /catalog/product_reviews_write.php/manufacturers_id/12/products_id/35/page/1 HTTP/1.1" 302 380 "-" "Mozilla/5.0 (compatible; AhrefsBot/4.0; +http://ahrefs.com/robot/)"
173.199.115.179 - - [22/Jun/2013:09:45:40 +0200] "GET /catalog/faqdesk_info.php/faqPath/4_5/faqdesk_id/2 HTTP/1.1" 200 5282 "-" "Mozilla/5.0 (compatible; AhrefsBot/4.0; +http://ahrefs.com/robot/)"
173.199.115.179 - - [22/Jun/2013:09:45:42 +0200] "GET /catalog/product_reviews.php/products_id/32/reviews_id/560/page/3 HTTP/1.1" 200 10554 "-" "Mozilla/5.0 (compatible; AhrefsBot/4.0; +http://ahrefs.com/robot/)"
66.249.78.83 - - [22/Jun/2013:09:46:03 +0200] "GET /catalog/product_reviews.php/products_id/36/reviews_id/516/page/2/language/de HTTP/1.1" 200 10436 "-" "Mozilla/5.0 (compatible; Googlebot/2.1; +http://www.google.com/bot.html)"
173.199.115.179 - - [22/Jun/2013:09:46:05 +0200] "GET /catalog/product_reviews.php/products_id/42/reviews_id/233/page/10/language/de HTTP/1.1" 200 10485 "-" "Mozilla/5.0 (compatible; AhrefsBot/4.0; +http://ahrefs.com/robot/)"
173.199.115.179 - - [22/Jun/2013:09:46:06 +0200] "GET /catalog/product_reviews.php/products_id/35/reviews_id/417/page/1 HTTP/1.1" 200 10453 "-" "Mozilla/5.0 (compatible; AhrefsBot/4.0; +http://ahrefs.com/robot/)"
173.199.115.179 - - [22/Jun/2013:09:46:15 +0200] "GET /catalog/product_reviews.php/products_id/47/reviews_id/241/page/2 HTTP/1.1" 200 10437 "-" "Mozilla/5.0 (compatible; AhrefsBot/4.0; +http://ahrefs.com/robot/)"
173.199.115.179 - - [22/Jun/2013:09:46:22 +0200] "GET /catalog/product_reviews.php/products_id/42/reviews_id/137/page/3/action/buy_now HTTP/1.1" 302 319 "-" "Mozilla/5.0 (compatible; AhrefsBot/4.0; +http://ahrefs.com/robot/)"
173.199.115.179 - - [22/Jun/2013:09:46:39 +0200] "GET /catalog/product_reviews_write.php/products_id/52/reviews_id/284/page/4 HTTP/1.1" 302 380 "-" "Mozilla/5.0 (compatible; AhrefsBot/4.0; +http://ahrefs.com/robot/)"
173.199.115.179 - - [22/Jun/2013:09:47:03 +0200] "GET /catalog/product_reviews.php/products_id/42/reviews_id/151/page/4/action/buy_now HTTP/1.1" 302 319 "-" "Mozilla/5.0 (compatible; AhrefsBot/4.0; +http://ahrefs.com/robot/)"
192.95.40.198 - - [22/Jun/2013:09:47:17 +0200] "GET / HTTP/1.1" 200 3386 "http://www.footbag-shop.de" "Mozilla/5.0 (Windows NT 6.1; rv:14.0) Gecko/20100101 Firefox/14.0.1"
173.199.115.179 - - [22/Jun/2013:09:48:05 +0200] "GET /catalog/product_reviews_write.php/products_id/31/reviews_id/164/page/4 HTTP/1.1" 302 380 "-" "Mozilla/5.0 (compatible; AhrefsBot/4.0; +http://ahrefs.com/robot/)"
173.199.115.179 - - [22/Jun/2013:09:48:41 +0200] "GET /catalog/product_reviews_write.php/products_id/32/reviews_id/444 HTTP/1.1" 302 380 "-" "Mozilla/5.0 (compatible; AhrefsBot/4.0; +http://ahrefs.com/robot/)"
173.199.115.179 - - [22/Jun/2013:09:48:50 +0200] "GET /catalog/product_reviews.php/products_id/32/reviews_id/169/page/4 HTTP/1.1" 200 10566 "-" "Mozilla/5.0 (compatible; AhrefsBot/4.0; +http://ahrefs.com/robot/)"
173.199.115.179 - - [22/Jun/2013:09:49:18 +0200] "GET /catalog/product_reviews.php/products_id/35/reviews_id/364/action/buy_now HTTP/1.1" 302 319 "-" "Mozilla/5.0 (compatible; AhrefsBot/4.0; +http://ahrefs.com/robot/)"
173.199.115.179 - - [22/Jun/2013:09:49:19 +0200] "GET /catalog/product_reviews.php/products_id/42/reviews_id/346/page/4/language/de HTTP/1.1" 200 10464 "-" "Mozilla/5.0 (compatible; AhrefsBot/4.0; +http://ahrefs.com/robot/)"
173.199.115.179 - - [22/Jun/2013:09:49:52 +0200] "GET /catalog/product_reviews_info.php/products_id/35/reviews_id/379/action/buy_now HTTP/1.1" 302 319 "-" "Mozilla/5.0 (compatible; AhrefsBot/4.0; +http://ahrefs.com/robot/)"
173.199.115.179 - - [22/Jun/2013:09:49:52 +0200] "GET /catalog/product_reviews_write.php/products_id/32/reviews_id/155 HTTP/1.1" 302 380 "-" "Mozilla/5.0 (compatible; AhrefsBot/4.0; +http://ahrefs.com/robot/)"
173.199.115.179 - - [22/Jun/2013:09:49:54 +0200] "GET /catalog/product_reviews_write.php/products_id/42/reviews_id/131/page/5 HTTP/1.1" 302 380 "-" "Mozilla/5.0 (compatible; AhrefsBot/4.0; +http://ahrefs.com/robot/)"
173.199.115.179 - - [22/Jun/2013:09:50:07 +0200] "GET /catalog/product_reviews.php/products_id/32/reviews_id/300/page/16/language/de HTTP/1.1" 200 10553 "-" "Mozilla/5.0 (compatible; AhrefsBot/4.0; +http://ahrefs.com/robot/)"
173.199.115.179 - - [22/Jun/2013:09:50:21 +0200] "GET /catalog/product_reviews_write.php/products_id/52/reviews_id/251 HTTP/1.1" 302 380 "-" "Mozilla/5.0 (compatible; AhrefsBot/4.0; +http://ahrefs.com/robot/)"
173.199.115.179 - - [22/Jun/2013:09:50:43 +0200] "GET /catalog/product_reviews.php/products_id/42/reviews_id/570/page/3 HTTP/1.1" 200 10413 "-" "Mozilla/5.0 (compatible; AhrefsBot/4.0; +http://ahrefs.com/robot/)"
173.199.115.179 - - [22/Jun/2013:09:51:08 +0200] "GET /catalog/product_reviews.php/products_id/42/page/10/language/de HTTP/1.1" 200 10466 "-" "Mozilla/5.0 (compatible; AhrefsBot/4.0; +http://ahrefs.com/robot/)"
173.199.115.179 - - [22/Jun/2013:09:51:18 +0200] "GET /catalog/product_reviews.php/products_id/42/reviews_id/139/page/2/language/de HTTP/1.1" 200 10380 "-" "Mozilla/5.0 (compatible; AhrefsBot/4.0; +http://ahrefs.com/robot/)"
173.199.115.179 - - [22/Jun/2013:09:51:26 +0200] "GET /catalog/product_reviews_write.php/products_id/30 HTTP/1.1" 302 380 "-" "Mozilla/5.0 (compatible; AhrefsBot/4.0; +http://ahrefs.com/robot/)"
173.199.115.179 - - [22/Jun/2013:09:51:32 +0200] "GET /catalog/product_reviews.php/products_id/42/reviews_id/206 HTTP/1.1" 200 10381 "-" "Mozilla/5.0 (compatible; AhrefsBot/4.0; +http://ahrefs.com/robot/)"
173.199.115.179 - - [22/Jun/2013:09:51:35 +0200] "GET /catalog/product_reviews_write.php/products_id/32/reviews_id/461/page/6 HTTP/1.1" 302 380 "-" "Mozilla/5.0 (compatible; AhrefsBot/4.0; +http://ahrefs.com/robot/)"
173.199.115.179 - - [22/Jun/2013:09:52:02 +0200] "GET /catalog/product_reviews.php/products_id/32/reviews_id/238/page/17/language/de HTTP/1.1" 200 10562 "-" "Mozilla/5.0 (compatible; AhrefsBot/4.0; +http://ahrefs.com/robot/)"
173.199.115.179 - - [22/Jun/2013:09:52:29 +0200] "GET /catalog/product_reviews.php/products_id/32/reviews_id/183/page/5/action/buy_now HTTP/1.1" 302 319 "-" "Mozilla/5.0 (compatible; AhrefsBot/4.0; +http://ahrefs.com/robot/)"
173.199.115.179 - - [22/Jun/2013:09:53:32 +0200] "GET /catalog/product_reviews_write.php/products_id/42/reviews_id/205/page/3 HTTP/1.1" 302 380 "-" "Mozilla/5.0 (compatible; AhrefsBot/4.0; +http://ahrefs.com/robot/)"
178.255.215.85 - - [22/Jun/2013:09:53:43 +0200] "GET /catalog/product_reviews.php/products_id/32/reviews_id/159/page/12 HTTP/1.1" 200 10560 "-" "Mozilla/5.0 (compatible; Exabot/3.0 (BiggerBetter); +http://www.exabot.com/go/robot)"
173.199.115.179 - - [22/Jun/2013:09:54:05 +0200] "GET /catalog/product_reviews.php/products_id/32/reviews_id/462/language/de HTTP/1.1" 200 10481 "-" "Mozilla/5.0 (compatible; AhrefsBot/4.0; +http://ahrefs.com/robot/)"
173.199.115.179 - - [22/Jun/2013:09:54:17 +0200] "GET /catalog/product_reviews.php/products_id/42/reviews_id/387/page/6/language/de HTTP/1.1" 200 10412 "-" "Mozilla/5.0 (compatible; AhrefsBot/4.0; +http://ahrefs.com/robot/)"
173.199.115.179 - - [22/Jun/2013:09:54:24 +0200] "GET /catalog/product_reviews.php/products_id/32/reviews_id/37/page/14/language/de HTTP/1.1" 200 10610 "-" "Mozilla/5.0 (compatible; AhrefsBot/4.0; +http://ahrefs.com/robot/)"
173.199.115.179 - - [22/Jun/2013:09:54:38 +0200] "GET /catalog/product_reviews.php/products_id/35/reviews_id/515/page/5/action/buy_now HTTP/1.1" 302 319 "-" "Mozilla/5.0 (compatible; AhrefsBot/4.0; +http://ahrefs.com/robot/)"
173.199.115.179 - - [22/Jun/2013:09:54:45 +0200] "GET /catalog/product_reviews_write.php/products_id/36/reviews_id/153/page/2 HTTP/1.1" 302 380 "-" "Mozilla/5.0 (compatible; AhrefsBot/4.0; +http://ahrefs.com/robot/)"
173.199.115.179 - - [22/Jun/2013:09:55:04 +0200] "GET /catalog/product_reviews.php/products_id/42/reviews_id/482/page/8 HTTP/1.1" 200 10432 "-" "Mozilla/5.0 (compatible; AhrefsBot/4.0; +http://ahrefs.com/robot/)"
173.199.115.179 - - [22/Jun/2013:09:55:07 +0200] "GET /catalog/product_reviews.php/products_id/42/reviews_id/523/page/12 HTTP/1.1" 200 10031 "-" "Mozilla/5.0 (compatible; AhrefsBot/4.0; +http://ahrefs.com/robot/)"
173.199.115.179 - - [22/Jun/2013:09:56:03 +0200] "GET /catalog/product_reviews.php/products_id/40/reviews_id/234/page/1 HTTP/1.1" 200 10312 "-" "Mozilla/5.0 (compatible; AhrefsBot/4.0; +http://ahrefs.com/robot/)"
173.199.115.179 - - [22/Jun/2013:09:56:07 +0200] "GET /catalog/product_reviews.php/products_id/36/reviews_id/78/page/5/action/buy_now HTTP/1.1" 302 319 "-" "Mozilla/5.0 (compatible; AhrefsBot/4.0; +http://ahrefs.com/robot/)"
173.199.115.179 - - [22/Jun/2013:09:59:31 +0200] "GET /catalog/product_reviews.php/products_id/42/reviews_id/322/page/8/action/buy_now HTTP/1.1" 302 319 "-" "Mozilla/5.0 (compatible; AhrefsBot/4.0; +http://ahrefs.com/robot/)"
173.199.115.179 - - [22/Jun/2013:09:59:34 +0200] "GET /catalog/product_reviews_write.php/products_id/32/reviews_id/551/page/4 HTTP/1.1" 302 380 "-" "Mozilla/5.0 (compatible; AhrefsBot/4.0; +http://ahrefs.com/robot/)"
173.199.115.179 - - [22/Jun/2013:10:00:14 +0200] "GET /catalog/product_reviews.php/products_id/42/reviews_id/145/page/2 HTTP/1.1" 200 10438 "-" "Mozilla/5.0 (compatible; AhrefsBot/4.0; +http://ahrefs.com/robot/)"
173.199.115.179 - - [22/Jun/2013:10:00:20 +0200] "GET /catalog/product_reviews.php/products_id/52/reviews_id/351/page/2/action/buy_now HTTP/1.1" 302 319 "-" "Mozilla/5.0 (compatible; AhrefsBot/4.0; +http://ahrefs.com/robot/)"
173.199.115.179 - - [22/Jun/2013:10:00:37 +0200] "GET /catalog/product_reviews.php/products_id/32/reviews_id/370/page/3 HTTP/1.1" 200 10547 "-" "Mozilla/5.0 (compatible; AhrefsBot/4.0; +http://ahrefs.com/robot/)"
173.199.115.179 - - [22/Jun/2013:10:00:40 +0200] "GET /catalog/product_reviews.php/products_id/29/reviews_id/313/page/2/language/de HTTP/1.1" 200 10392 "-" "Mozilla/5.0 (compatible; AhrefsBot/4.0; +http://ahrefs.com/robot/)"
173.199.115.179 - - [22/Jun/2013:10:00:41 +0200] "GET /catalog/product_reviews.php/products_id/42/reviews_id/139/page/10/action/buy_now HTTP/1.1" 302 319 "-" "Mozilla/5.0 (compatible; AhrefsBot/4.0; +http://ahrefs.com/robot/)"
173.199.115.179 - - [22/Jun/2013:10:01:03 +0200] "GET /catalog/reviews.php/page/36 HTTP/1.1" 200 10143 "-" "Mozilla/5.0 (compatible; AhrefsBot/4.0; +http://ahrefs.com/robot/)"
173.199.115.179 - - [22/Jun/2013:10:01:04 +0200] "GET /catalog/product_reviews.php/products_id/42/reviews_id/247/page/9/action/buy_now HTTP/1.1" 302 319 "-" "Mozilla/5.0 (compatible; AhrefsBot/4.0; +http://ahrefs.com/robot/)"
173.199.115.179 - - [22/Jun/2013:10:01:24 +0200] "GET /catalog/product_reviews_write.php/products_id/42/reviews_id/412/page/8 HTTP/1.1" 302 380 "-" "Mozilla/5.0 (compatible; AhrefsBot/4.0; +http://ahrefs.com/robot/)"
173.199.115.179 - - [22/Jun/2013:10:01:46 +0200] "GET /catalog/product_reviews.php/products_id/52/reviews_id/351/page/4/language/de HTTP/1.1" 200 10395 "-" "Mozilla/5.0 (compatible; AhrefsBot/4.0; +http://ahrefs.com/robot/)"
173.199.115.179 - - [22/Jun/2013:10:01:47 +0200] "GET /catalog/product_reviews.php/products_id/52/reviews_id/251/page/5/language/de HTTP/1.1" 200 10068 "-" "Mozilla/5.0 (compatible; AhrefsBot/4.0; +http://ahrefs.com/robot/)"
173.199.115.179 - - [22/Jun/2013:10:01:48 +0200] "GET /catalog/product_reviews.php/products_id/34/reviews_id/228/page/4/language/de HTTP/1.1" 200 10465 "-" "Mozilla/5.0 (compatible; AhrefsBot/4.0; +http://ahrefs.com/robot/)"
173.199.115.179 - - [22/Jun/2013:10:02:18 +0200] "GET /catalog/product_reviews.php/products_id/42/reviews_id/343/page/12 HTTP/1.1" 200 10025 "-" "Mozilla/5.0 (compatible; AhrefsBot/4.0; +http://ahrefs.com/robot/)"
173.199.115.179 - - [22/Jun/2013:10:02:38 +0200] "GET /catalog/product_reviews_write.php/products_id/42/reviews_id/219 HTTP/1.1" 302 380 "-" "Mozilla/5.0 (compatible; AhrefsBot/4.0; +http://ahrefs.com/robot/)"
173.199.115.179 - - [22/Jun/2013:10:02:39 +0200] "GET /catalog/product_reviews.php/products_id/32/reviews_id/243/page/13 HTTP/1.1" 200 10585 "-" "Mozilla/5.0 (compatible; AhrefsBot/4.0; +http://ahrefs.com/robot/)"
173.199.115.179 - - [22/Jun/2013:10:02:39 +0200] "GET /catalog/product_reviews_info.php/products_id/42/reviews_id/129/language/de HTTP/1.1" 200 9667 "-" "Mozilla/5.0 (compatible; AhrefsBot/4.0; +http://ahrefs.com/robot/)"
173.199.115.179 - - [22/Jun/2013:10:03:01 +0200] "GET /catalog/product_reviews_write.php/products_id/32/reviews_id/123/page/17 HTTP/1.1" 302 380 "-" "Mozilla/5.0 (compatible; AhrefsBot/4.0; +http://ahrefs.com/robot/)"
173.199.115.179 - - [22/Jun/2013:10:03:37 +0200] "GET /catalog/product_reviews.php/products_id/42/reviews_id/345/page/12/language/de HTTP/1.1" 200 10045 "-" "Mozilla/5.0 (compatible; AhrefsBot/4.0; +http://ahrefs.com/robot/)"
173.199.115.179 - - [22/Jun/2013:10:03:40 +0200] "GET /catalog/product_reviews.php/products_id/31/reviews_id/110/page/1/language/de HTTP/1.1" 200 10519 "-" "Mozilla/5.0 (compatible; AhrefsBot/4.0; +http://ahrefs.com/robot/)"
66.249.78.83 - - [22/Jun/2013:10:04:09 +0200] "GET /catalog/popup_add_image.php/imagesID/41 HTTP/1.1" 200 982 "-" "Mozilla/5.0 (compatible; Googlebot/2.1; +http://www.google.com/bot.html)"
5.199.136.130 - - [22/Jun/2013:10:04:47 +0200] "GET /catalog/product_reviews.php/products_id/32/reviews_id/67/page/11 HTTP/1.1" 200 10628 "-" "Mozilla/5.0 (compatible; Spiderlytics/1.0; +spider@spiderlytics.com)"
173.199.115.179 - - [22/Jun/2013:10:04:55 +0200] "GET /catalog/product_reviews.php/products_id/36/reviews_id/28/page/2/language/de HTTP/1.1" 200 10477 "-" "Mozilla/5.0 (compatible; AhrefsBot/4.0; +http://ahrefs.com/robot/)"
173.199.115.179 - - [22/Jun/2013:10:05:36 +0200] "GET /catalog/product_reviews.php/products_id/42/reviews_id/97/page/10 HTTP/1.1" 200 10475 "-" "Mozilla/5.0 (compatible; AhrefsBot/4.0; +http://ahrefs.com/robot/)"
173.199.115.179 - - [22/Jun/2013:10:06:04 +0200] "GET /catalog/product_reviews_write.php/products_id/40/reviews_id/400/page/1 HTTP/1.1" 302 380 "-" "Mozilla/5.0 (compatible; AhrefsBot/4.0; +http://ahrefs.com/robot/)"
173.199.115.179 - - [22/Jun/2013:10:06:07 +0200] "GET /catalog/product_reviews.php/products_id/30/reviews_id/81/page/5 HTTP/1.1" 200 10448 "-" "Mozilla/5.0 (compatible; AhrefsBot/4.0; +http://ahrefs.com/robot/)"
173.199.115.179 - - [22/Jun/2013:10:06:21 +0200] "GET /catalog/product_reviews_write.php/manufacturers_id/12/products_id/32/page/16 HTTP/1.1" 302 380 "-" "Mozilla/5.0 (compatible; AhrefsBot/4.0; +http://ahrefs.com/robot/)"
173.199.115.179 - - [22/Jun/2013:10:06:46 +0200] "GET /catalog/product_reviews.php/products_id/31/reviews_id/553/page/7/language/de HTTP/1.1" 200 10509 "-" "Mozilla/5.0 (compatible; AhrefsBot/4.0; +http://ahrefs.com/robot/)"
173.199.115.179 - - [22/Jun/2013:10:06:58 +0200] "GET /catalog/product_reviews_write.php/products_id/40/reviews_id/357/page/6 HTTP/1.1" 302 380 "-" "Mozilla/5.0 (compatible; AhrefsBot/4.0; +http://ahrefs.com/robot/)"
