173.199.115.179 - - [22/Jun/2013:10:07:40 +0200] "GET /catalog/product_reviews.php/products_id/32/reviews_id/411/page/18/action/buy_now HTTP/1.1" 302 319 "-" "Mozilla/5.0 (compatible; AhrefsBot/4.0; +http://ahrefs.com/robot/)"
173.199.115.179 - - [22/Jun/2013:10:08:10 +0200] "GET /catalog/product_reviews.php/products_id/40/reviews_id/579/page/5 HTTP/1.1" 200 10413 "-" "Mozilla/5.0 (compatible; AhrefsBot/4.0; +http://ahrefs.com/robot/)"
173.199.115.179 - - [22/Jun/2013:10:09:16 +0200] "GET /catalog/product_reviews.php/products_id/35/reviews_id/259/language/de HTTP/1.1" 200 10411 "-" "Mozilla/5.0 (compatible; AhrefsBot/4.0; +http://ahrefs.com/robot/)"
173.199.115.179 - - [22/Jun/2013:10:09:55 +0200] "GET /catalog/faqdesk_index.php/faqPath/9/faqdesk_id/17/page/1/sort/1a HTTP/1.1" 200 7365 "-" "Mozilla/5.0 (compatible; AhrefsBot/4.0; +http://ahrefs.com/robot/)"
173.199.115.179 - - [22/Jun/2013:10:09:57 +0200] "GET /catalog/product_reviews_info.php/products_id/52/reviews_id/565/action/buy_now HTTP/1.1" 302 319 "-" "Mozilla/5.0 (compatible; AhrefsBot/4.0; +http://ahrefs.com/robot/)"
173.199.115.179 - - [22/Jun/2013:10:10:06 +0200] "GET /catalog/product_reviews_write.php/products_id/31/reviews_id/483/page/6 HTTP/1.1" 302 380 "-" "Mozilla/5.0 (compatible; AhrefsBot/4.0; +http://ahrefs.com/robot/)"
173.199.115.179 - - [22/Jun/2013:10:10:14 +0200] "GET /catalog/product_reviews_write.php/products_id/42/reviews_id/96/page/5 HTTP/1.1" 302 380 "-" "Mozilla/5.0 (compatible; AhrefsBot/4.0; +http://ahrefs.com/robot/)"
173.199.115.179 - - [22/Jun/2013:10:10:25 +0200] "GET /catalog/product_reviews.php/products_id/42/reviews_id/457/action/buy_now HTTP/1.1" 302 319 "-" "Mozilla/5.0 (compatible; AhrefsBot/4.0; +http://ahrefs.com/robot/)"
173.199.115.179 - - [22/Jun/2013:10:10:25 +0200] "GET /catalog/faqdesk_reviews_article.php/faqPath/4_5/faqdesk_id/6/language/de HTTP/1.1" 200 5175 "-" "Mozilla/5.0 (compatible; AhrefsBot/4.0; +http://ahrefs.com/robot/)"
173.199.115.179 - - [22/Jun/2013:10:10:26 +0200] "GET /catalog/product_reviews.php/products_id/42/reviews_id/101/page/1 HTTP/1.1" 200 10381 "-" "Mozilla/5.0 (compatible; AhrefsBot/4.0; +http://ahrefs.com/robot/)"
173.199.115.179 - - [22/Jun/2013:10:10:28 +0200] "GET /catalog/product_reviews.php/products_id/31/reviews_id/293/action/buy_now HTTP/1.1" 302 319 "-" "Mozilla/5.0 (compatible; AhrefsBot/4.0; +http://ahrefs.com/robot/)"
173.199.115.179 - - [22/Jun/2013:10:10:58 +0200] "GET /catalog/product_reviews_info.php/products_id/32/reviews_id/443/action/buy_now HTTP/1.1" 302 319 "-" "Mozilla/5.0 (compatible; AhrefsBot/4.0; +http://ahrefs.com/robot/)"
173.199.115.179 - - [22/Jun/2013:10:11:06 +0200] "GET /catalog/product_reviews.php/products_id/44/reviews_id/115/page/2/action/buy_now HTTP/1.1" 302 319 "-" "Mozilla/5.0 (compatible; AhrefsBot/4.0; +http://ahrefs.com/robot/)"
173.199.115.179 - - [22/Jun/2013:10:11:15 +0200] "GET /catalog/product_reviews.php/products_id/42/reviews_id/233/page/2/language/de HTTP/1.1" 200 10438 "-" "Mozilla/5.0 (compatible; AhrefsBot/4.0; +http://ahrefs.com/robot/)"
173.199.115.179 - - [22/Jun/2013:10:14:27 +0200] "GET /catalog/product_reviews_write.php/products_id/30/reviews_id/410/page/5 HTTP/1.1" 302 380 "-" "Mozilla/5.0 (compatible; AhrefsBot/4.0; +http://ahrefs.com/robot/)"
173.199.115.179 - - [22/Jun/2013:10:14:31 +0200] "GET /catalog/product_reviews.php/products_id/42/reviews_id/131/page/3/action/buy_now HTTP/1.1" 302 319 "-" "Mozilla/5.0 (compatible; AhrefsBot/4.0; +http://ahrefs.com/robot/)"
173.199.115.179 - - [22/Jun/2013:10:14:37 +0200] "GET /catalog/product_reviews_write.php/products_id/35/reviews_id/559/page/1 HTTP/1.1" 302 380 "-" "Mozilla/5.0 (compatible; AhrefsBot/4.0; +http://ahrefs.com/robot/)"
173.199.115.179 - - [22/Jun/2013:10:14:55 +0200] "GET /catalog/product_reviews.php/products_id/35/reviews_id/271/page/2/action/buy_now HTTP/1.1" 302 319 "-" "Mozilla/5.0 (compatible; AhrefsBot/4.0; +http://ahrefs.com/robot/)"
173.199.115.179 - - [22/Jun/2013:10:15:00 +0200] "GET /catalog/product_reviews.php/products_id/32/reviews_id/519/page/8/action/buy_now HTTP/1.1" 302 319 "-" "Mozilla/5.0 (compatible; AhrefsBot/4.0; +http://ahrefs.com/robot/)"
173.199.115.179 - - [22/Jun/2013:10:15:05 +0200] "GET /catalog/product_reviews.php/products_id/42/reviews_id/97/page/5/action/buy_now HTTP/1.1" 302 319 "-" "Mozilla/5.0 (compatible; AhrefsBot/4.0; +http://ahrefs.com/robot/)"
173.199.115.179 - - [22/Jun/2013:10:15:06 +0200] "GET /catalog/product_reviews.php/products_id/31/reviews_id/409/page/6 HTTP/1.1" 200 10516 "-" "Mozilla/5.0 (compatible; AhrefsBot/4.0; +http://ahrefs.com/robot/)"
173.199.115.179 - - [22/Jun/2013:10:15:08 +0200] "GET /catalog/product_reviews.php/products_id/32/reviews_id/444/page/13/language/de HTTP/1.1" 200 10584 "-" "Mozilla/5.0 (compatible; AhrefsBot/4.0; +http://ahrefs.com/robot/)"
66.249.78.83 - - [22/Jun/2013:10:15:11 +0200] "GET /catalog/product_reviews.php/products_id/36/reviews_id/95/page/4/language/de HTTP/1.1" 200 10500 "-" "Mozilla/5.0 (compatible; Googlebot/2.1; +http://www.google.com/bot.html)"
66.249.78.83 - - [22/Jun/2013:10:15:36 +0200] "GET /catalog/faqdesk_index.php/faqPath/4 HTTP/1.1" 200 5466 "-" "Mozilla/5.0 (compatible; Googlebot/2.1; +http://www.google.com/bot.html)"
173.199.115.179 - - [22/Jun/2013:10:15:46 +0200] "GET /catalog/product_reviews_write.php/products_id/32/reviews_id/108 HTTP/1.1" 302 380 "-" "Mozilla/5.0 (compatible; AhrefsBot/4.0; +http://ahrefs.com/robot/)"
173.199.115.179 - - [22/Jun/2013:10:15:50 +0200] "GET /catalog/product_reviews_write.php/products_id/52/reviews_id/310/page/4 HTTP/1.1" 302 380 "-" "Mozilla/5.0 (compatible; AhrefsBot/4.0; +http://ahrefs.com/robot/)"
173.199.115.179 - - [22/Jun/2013:10:15:52 +0200] "GET /catalog/faqdesk_index.php/faqPath/4_5/faqdesk_id/5/page/1/sort/1a/language/de HTTP/1.1" 200 6103 "-" "Mozilla/5.0 (compatible; AhrefsBot/4.0; +http://ahrefs.com/robot/)"
173.199.115.179 - - [22/Jun/2013:10:16:01 +0200] "GET /catalog/product_reviews_write.php/products_id/35/reviews_id/547 HTTP/1.1" 302 380 "-" "Mozilla/5.0 (compatible; AhrefsBot/4.0; +http://ahrefs.com/robot/)"
173.199.115.179 - - [22/Jun/2013:10:16:07 +0200] "GET /catalog/product_reviews_write.php/products_id/36/reviews_id/78/page/4 HTTP/1.1" 302 380 "-" "Mozilla/5.0 (compatible; AhrefsBot/4.0; +http://ahrefs.com/robot/)"
173.199.115.179 - - [22/Jun/2013:10:16:32 +0200] "GET /catalog/product_reviews.php/products_id/47/reviews_id/450/page/2/action/buy_now HTTP/1.1" 302 319 "-" "Mozilla/5.0 (compatible; AhrefsBot/4.0; +http://ahrefs.com/robot/)"
173.199.115.179 - - [22/Jun/2013:10:17:21 +0200] "GET /catalog/product_reviews.php/products_id/42/reviews_id/139/page/5/action/buy_now HTTP/1.1" 302 319 "-" "Mozilla/5.0 (compatible; AhrefsBot/4.0; +http://ahrefs.com/robot/)"
173.199.115.179 - - [22/Jun/2013:10:17:22 +0200] "GET /catalog/product_reviews.php/products_id/32/reviews_id/185/page/16/action/buy_now HTTP/1.1" 302 319 "-" "Mozilla/5.0 (compatible; AhrefsBot/4.0; +http://ahrefs.com/robot/)"
173.199.115.179 - - [22/Jun/2013:10:17:29 +0200] "GET /catalog/product_reviews.php/products_id/34/reviews_id/138/page/3 HTTP/1.1" 200 10482 "-" "Mozilla/5.0 (compatible; AhrefsBot/4.0; +http://ahrefs.com/robot/)"
173.199.115.179 - - [22/Jun/2013:10:17:32 +0200] "GET /catalog/product_reviews.php/products_id/32/reviews_id/478/page/3/action/buy_now HTTP/1.1" 302 319 "-" "Mozilla/5.0 (compatible; AhrefsBot/4.0; +http://ahrefs.com/robot/)"
173.199.115.179 - - [22/Jun/2013:10:18:06 +0200] "GET /catalog/product_reviews.php/products_id/31/reviews_id/518/page/4 HTTP/1.1" 200 10511 "-" "Mozilla/5.0 (compatible; AhrefsBot/4.0; +http://ahrefs.com/robot/)"
173.199.115.179 - - [22/Jun/2013:10:18:38 +0200] "GET /catalog/product_reviews.php/products_id/36/page/1/language/de HTTP/1.1" 200 10403 "-" "Mozilla/5.0 (compatible; AhrefsBot/4.0; +http://ahrefs.com/robot/)"
173.199.115.179 - - [22/Jun/2013:10:18:50 +0200] "GET /catalog/product_reviews.php/products_id/32/reviews_id/92/page/3/language/de HTTP/1.1" 200 10543 "-" "Mozilla/5.0 (compatible; AhrefsBot/4.0; +http://ahrefs.com/robot/)"
173.199.115.179 - - [22/Jun/2013:10:18:51 +0200] "GET /catalog/product_reviews.php/products_id/31/reviews_id/253/page/9/language/de HTTP/1.1" 200 10515 "-" "Mozilla/5.0 (compatible; AhrefsBot/4.0; +http://ahrefs.com/robot/)"
173.199.115.179 - - [22/Jun/2013:10:19:04 +0200] "GET /catalog/product_reviews.php/products_id/42/reviews_id/346/page/1/language/de HTTP/1.1" 200 10361 "-" "Mozilla/5.0 (compatible; AhrefsBot/4.0; +http://ahrefs.com/robot/)"
173.199.115.179 - - [22/Jun/2013:10:19:20 +0200] "GET /catalog/product_reviews_info.php/products_id/32/reviews_id/471 HTTP/1.1" 200 9823 "-" "Mozilla/5.0 (compatible; AhrefsBot/4.0; +http://ahrefs.com/robot/)"
173.199.115.179 - - [22/Jun/2013:10:19:27 +0200] "GET /catalog/products_new.php/page/1/language/de HTTP/1.1" 200 9780 "-" "Mozilla/5.0 (compatible; AhrefsBot/4.0; +http://ahrefs.com/robot/)"
173.199.115.179 - - [22/Jun/2013:10:19:30 +0200] "GET /catalog/product_reviews.php/products_id/32/reviews_id/32/page/5 HTTP/1.1" 200 10557 "-" "Mozilla/5.0 (compatible; AhrefsBot/4.0; +http://ahrefs.com/robot/)"
173.199.115.179 - - [22/Jun/2013:10:19:53 +0200] "GET /catalog/product_reviews.php/products_id/32/reviews_id/66/page/20 HTTP/1.1" 200 10097 "-" "Mozilla/5.0 (compatible; AhrefsBot/4.0; +http://ahrefs.com/robot/)"
173.199.115.179 - - [22/Jun/2013:10:19:58 +0200] "GET /catalog/product_reviews.php/products_id/34/reviews_id/492/page/6/language/de HTTP/1.1" 200 10393 "-" "Mozilla/5.0 (compatible; AhrefsBot/4.0; +http://ahrefs.com/robot/)"
173.199.115.179 - - [22/Jun/2013:10:20:48 +0200] "GET /catalog/product_reviews.php/products_id/32/reviews_id/505/page/10/action/buy_now HTTP/1.1" 302 319 "-" "Mozilla/5.0 (compatible; AhrefsBot/4.0; +http://ahrefs.com/robot/)"
173.199.115.179 - - [22/Jun/2013:10:20:48 +0200] "GET /catalog/faqdesk_info.php/faqPath/9/faqdesk_id/12 HTTP/1.1" 200 5405 "-" "Mozilla/5.0 (compatible; AhrefsBot/4.0; +http://ahrefs.com/robot/)"
173.199.115.179 - - [22/Jun/2013:10:20:50 +0200] "GET /catalog/product_reviews.php/products_id/34/reviews_id/272/page/3 HTTP/1.1" 200 10481 "-" "Mozilla/5.0 (compatible; AhrefsBot/4.0; +http://ahrefs.com/robot/)"
173.199.115.179 - - [22/Jun/2013:10:21:28 +0200] "GET /catalog/product_reviews.php/products_id/40/reviews_id/121/page/1 HTTP/1.1" 200 10273 "-" "Mozilla/5.0 (compatible; AhrefsBot/4.0; +http://ahrefs.com/robot/)"
173.199.115.179 - - [22/Jun/2013:10:21:28 +0200] "GET /catalog/product_reviews_write.php/products_id/34/reviews_id/509/page/2 HTTP/1.1" 302 380 "-" "Mozilla/5.0 (compatible; AhrefsBot/4.0; +http://ahrefs.com/robot/)"
173.199.115.179 - - [22/Jun/2013:10:21:49 +0200] "GET /catalog/product_reviews_write.php/products_id/32/reviews_id/242/page/8 HTTP/1.1" 302 380 "-" "Mozilla/5.0 (compatible; AhrefsBot/4.0; +http://ahrefs.com/robot/)"
173.199.115.179 - - [22/Jun/2013:10:22:21 +0200] "GET /catalog/product_reviews.php/products_id/32/reviews_id/552/page/16 HTTP/1.1" 200 10555 "-" "Mozilla/5.0 (compatible; AhrefsBot/4.0; +http://ahrefs.com/robot/)"
173.199.115.179 - - [22/Jun/2013:10:22:29 +0200] "GET /catalog/product_reviews.php/products_id/32/reviews_id/552/page/1/action/buy_now HTTP/1.1" 302 319 "-" "Mozilla/5.0 (compatible; AhrefsBot/4.0; +http://ahrefs.com/robot/)"
173.199.115.179 - - [22/Jun/2013:10:23:01 +0200] "GET /catalog/product_reviews.php/products_id/32/reviews_id/85/page/4/action/buy_now HTTP/1.1" 302 319 "-" "Mozilla/5.0 (compatible; AhrefsBot/4.0; +http://ahrefs.com/robot/)"
173.199.115.179 - - [22/Jun/2013:10:23:12 +0200] "GET /catalog/product_reviews.php/products_id/52/reviews_id/310/page/5 HTTP/1.1" 200 10081 "-" "Mozilla/5.0 (compatible; AhrefsBot/4.0; +http://ahrefs.com/robot/)"
173.199.115.179 - - [22/Jun/2013:10:23:58 +0200] "GET /catalog/product_reviews_info.php/products_id/34/reviews_id/223 HTTP/1.1" 200 9768 "-" "Mozilla/5.0 (compatible; AhrefsBot/4.0; +http://ahrefs.com/robot/)"
173.199.115.179 - - [22/Jun/2013:10:24:08 +0200] "GET /catalog/product_reviews.php/products_id/32/reviews_id/35/page/11 HTTP/1.1" 200 10626 "-" "Mozilla/5.0 (compatible; AhrefsBot/4.0; +http://ahrefs.com/robot/)"
173.199.115.179 - - [22/Jun/2013:10:24:09 +0200] "GET /catalog/product_reviews_write.php/products_id/32/reviews_id/68/page/7 HTTP/1.1" 302 380 "-" "Mozilla/5.0 (compatible; AhrefsBot/4.0; +http://ahrefs.com/robot/)"
173.199.115.179 - - [22/Jun/2013:10:24:26 +0200] "GET /catalog/product_reviews.php/products_id/31/reviews_id/273/page/4/action/buy_now HTTP/1.1" 302 319 "-" "Mozilla/5.0 (compatible; AhrefsBot/4.0; +http://ahrefs.com/robot/)"
173.199.115.179 - - [22/Jun/2013:10:24:37 +0200] "GET /catalog/product_reviews_write.php/products_id/30/reviews_id/201/page/2 HTTP/1.1" 302 380 "-" "Mozilla/5.0 (compatible; AhrefsBot/4.0; +http://ahrefs.com/robot/)"
173.199.115.179 - - [22/Jun/2013:10:24:55 +0200] "GET /catalog/product_reviews.php/products_id/32/reviews_id/461/page/19/action/buy_now HTTP/1.1" 302 319 "-" "Mozilla/5.0 (compatible; AhrefsBot/4.0; +http://ahrefs.com/robot/)"
173.199.115.179 - - [22/Jun/2013:10:25:00 +0200] "GET /catalog/product_reviews.php/products_id/47/reviews_id/102/page/3 HTTP/1.1" 200 10467 "-" "Mozilla/5.0 (compatible; AhrefsBot/4.0; +http://ahrefs.com/robot/)"
173.199.115.179 - - [22/Jun/2013:10:25:04 +0200] "GET /catalog/product_reviews_write.php/products_id/32/reviews_id/87/page/11 HTTP/1.1" 302 380 "-" "Mozilla/5.0 (compatible; AhrefsBot/4.0; +http://ahrefs.com/robot/)"
173.199.115.179 - - [22/Jun/2013:10:25:10 +0200] "GET /catalog/product_reviews.php/products_id/32/reviews_id/576/page/9 HTTP/1.1" 200 10630 "-" "Mozilla/5.0 (compatible; AhrefsBot/4.0; +http://ahrefs.com/robot/)"
173.199.115.179 - - [22/Jun/2013:10:25:21 +0200] "GET /catalog/product_reviews_info.php/products_id/40/reviews_id/76 HTTP/1.1" 200 9691 "-" "Mozilla/5.0 (compatible; AhrefsBot/4.0; +http://ahrefs.com/robot/)"
173.199.115.179 - - [22/Jun/2013:10:25:30 +0200] "GET /catalog/product_reviews.php/products_id/32/reviews_id/185/page/16 HTTP/1.1" 200 10561 "-" "Mozilla/5.0 (compatible; AhrefsBot/4.0; +http://ahrefs.com/robot/)"
173.199.115.179 - - [22/Jun/2013:10:25:41 +0200] "GET /catalog/product_reviews.php/products_id/34/reviews_id/469/page/1/action/buy_now HTTP/1.1" 302 319 "-" "Mozilla/5.0 (compatible; AhrefsBot/4.0; +http://ahrefs.com/robot/)"
173.199.115.179 - - [22/Jun/2013:10:26:06 +0200] "GET /catalog/news.php/news_id/96/page/2/language/de HTTP/1.1" 200 12229 "-" "Mozilla/5.0 (compatible; AhrefsBot/4.0; +http://ahrefs.com/robot/)"
173.199.115.179 - - [22/Jun/2013:10:26:15 +0200] "GET /catalog/product_reviews.php/products_id/40/reviews_id/535/page/3/language/de HTTP/1.1" 200 10365 "-" "Mozilla/5.0 (compatible; AhrefsBot/4.0; +http://ahrefs.com/robot/)"
66.249.78.83 - - [22/Jun/2013:10:27:01 +0200] "GET /catalog/product_info.php/products_id/31 HTTP/1.1" 200 11748 "-" "Mozilla/5.0 (compatible; Googlebot/2.1; +http://www.google.com/bot.html)"
173.199.115.179 - - [22/Jun/2013:10:29:45 +0200] "GET /catalog/product_reviews.php/products_id/42/reviews_id/181/page/6/language/de HTTP/1.1" 200 10424 "-" "Mozilla/5.0 (compatible; AhrefsBot/4.0; +http://ahrefs.com/robot/)"
173.199.115.179 - - [22/Jun/2013:10:29:50 +0200] "GET /catalog/product_reviews.php/products_id/31/reviews_id/414/page/8/action/buy_now HTTP/1.1" 302 319 "-" "Mozilla/5.0 (compatible; AhrefsBot/4.0; +http://ahrefs.com/robot/)"
173.199.115.179 - - [22/Jun/2013:10:30:15 +0200] "GET /catalog/faqdesk_index.php/faqPath/6/faqdesk_id/10/page/1/sort/1d HTTP/1.1" 200 6040 "-" "Mozilla/5.0 (compatible; AhrefsBot/4.0; +http://ahrefs.com/robot/)"
173.199.115.179 - - [22/Jun/2013:10:30:20 +0200] "GET /catalog/product_reviews.php/products_id/42/reviews_id/152/page/1/action/buy_now HTTP/1.1" 302 319 "-" "Mozilla/5.0 (compatible; AhrefsBot/4.0; +http://ahrefs.com/robot/)"
173.199.115.179 - - [22/Jun/2013:10:30:21 +0200] "GET /catalog/faqdesk_index.php/faqPath/6/faqdesk_id/9 HTTP/1.1" 200 6045 "-" "Mozilla/5.0 (compatible; AhrefsBot/4.0; +http://ahrefs.com/robot/)"
123.125.71.94 - - [22/Jun/2013:10:30:22 +0200] "GET / HTTP/1.1" 301 525 "-" "Mozilla/5.0 (compatible; Baiduspider/2.0; +http://www.baidu.com/search/spider.html)"
220.181.108.176 - - [22/Jun/2013:10:30:52 +0200] "GET / HTTP/1.1" 301 525 "-" "Mozilla/5.0 (compatible; Baiduspider/2.0; +http://www.baidu.com/search/spider.html)"
173.199.115.179 - - [22/Jun/2013:10:30:54 +0200] "GET /catalog/product_reviews.php/products_id/42/reviews_id/467/page/1/action/buy_now HTTP/1.1" 302 319 "-" "Mozilla/5.0 (compatible; AhrefsBot/4.0; +http://ahrefs.com/robot/)"
208.115.113.86 - - [22/Jun/2013:10:30:57 +0200] "GET /1/angebote_krankenversicherung.html HTTP/1.1" 200 6144 "-" "Mozilla/5.0 (compatible; Ezooms/1.0; ezooms.bot@gmail.com)"
173.199.115.179 - - [22/Jun/2013:10:31:00 +0200] "GET /catalog/product_reviews.php/products_id/30/reviews_id/200/page/2 HTTP/1.1" 200 10441 "-" "Mozilla/5.0 (compatible; AhrefsBot/4.0; +http://ahrefs.com/robot/)"
173.199.115.179 - - [22/Jun/2013:10:31:00 +0200] "GET /catalog/product_reviews_write.php/products_id/31/reviews_id/339 HTTP/1.1" 302 380 "-" "Mozilla/5.0 (compatible; AhrefsBot/4.0; +http://ahrefs.com/robot/)"
173.199.115.179 - - [22/Jun/2013:10:31:19 +0200] "GET /catalog/product_reviews.php/products_id/35/reviews_id/547/page/1/language/de HTTP/1.1" 200 10412 "-" "Mozilla/5.0 (compatible; AhrefsBot/4.0; +http://ahrefs.com/robot/)"
173.199.115.179 - - [22/Jun/2013:10:31:20 +0200] "GET /catalog/product_reviews_write.php/products_id/31/reviews_id/362/page/1 HTTP/1.1" 302 380 "-" "Mozilla/5.0 (compatible; AhrefsBot/4.0; +http://ahrefs.com/robot/)"
173.199.115.179 - - [22/Jun/2013:10:31:29 +0200] "GET /catalog/product_reviews.php/products_id/32/reviews_id/236/page/17/action/buy_now HTTP/1.1" 302 319 "-" "Mozilla/5.0 (compatible; AhrefsBot/4.0; +http://ahrefs.com/robot/)"
173.199.115.179 - - [22/Jun/2013:10:31:33 +0200] "GET /catalog/product_reviews.php/products_id/32/reviews_id/208/page/3 HTTP/1.1" 200 10547 "-" "Mozilla/5.0 (compatible; AhrefsBot/4.0; +http://ahrefs.com/robot/)"
173.199.115.179 - - [22/Jun/2013:10:31:35 +0200] "GET /catalog/product_reviews_write.php/products_id/40/reviews_id/121/page/5 HTTP/1.1" 302 380 "-" "Mozilla/5.0 (compatible; AhrefsBot/4.0; +http://ahrefs.com/robot/)"
84.115.6.84 - - [22/Jun/2013:10:31:36 +0200] "GET /chCounter/additional.php?res_width=1714&res_height=964&js=true HTTP/1.1" 200 167 "http://www.hacky-sack-shop.de/index.php?ref=google&gclid=CK6crI6g97cCFc1e3godXikAKg" "Mozilla/5.0 (compatible; MSIE 10.0; Windows NT 6.1; WOW64; Trident/6.0)"
173.199.115.179 - - [22/Jun/2013:10:31:57 +0200] "GET /catalog/product_reviews_write.php/products_id/32/reviews_id/374/page/11 HTTP/1.1" 302 380 "-" "Mozilla/5.0 (compatible; AhrefsBot/4.0; +http://ahrefs.com/robot/)"
176.57.141.193 - - [22/Jun/2013:10:32:19 +0200] "GET /catalog/contact_us.php HTTP/1.1" 200 63630 "-" "Mozilla/5.0 (X11; Linux i686; rv:6.0) Gecko/20100101 Firefox/6.0"
176.57.141.254 - - [22/Jun/2013:10:32:20 +0200] "GET /catalog/product_reviews_info.php/products_id/32/reviews_id/2 HTTP/1.1" 200 62694 "-" "Mozilla/5.0 (X11; Linux i686; rv:6.0) Gecko/20100101 Firefox/6.0"
173.199.115.179 - - [22/Jun/2013:10:32:23 +0200] "GET /catalog/reviews.php/page/67 HTTP/1.1" 200 10055 "-" "Mozilla/5.0 (compatible; AhrefsBot/4.0; +http://ahrefs.com/robot/)"
173.199.115.179 - - [22/Jun/2013:10:32:25 +0200] "GET /catalog/product_reviews.php/products_id/32/reviews_id/471/page/12/action/buy_now HTTP/1.1" 302 319 "-" "Mozilla/5.0 (compatible; AhrefsBot/4.0; +http://ahrefs.com/robot/)"
173.199.115.179 - - [22/Jun/2013:10:32:27 +0200] "GET /catalog/product_reviews.php/products_id/30/reviews_id/111/page/2/language/de HTTP/1.1" 200 10434 "-" "Mozilla/5.0 (compatible; AhrefsBot/4.0; +http://ahrefs.com/robot/)"
173.199.115.179 - - [22/Jun/2013:10:32:30 +0200] "GET /catalog/product_reviews_write.php/products_id/40/reviews_id/230/page/6 HTTP/1.1" 302 380 "-" "Mozilla/5.0 (compatible; AhrefsBot/4.0; +http://ahrefs.com/robot/)"
173.199.115.179 - - [22/Jun/2013:10:32:36 +0200] "GET /catalog/product_reviews.php/products_id/34/reviews_id/225/action/buy_now HTTP/1.1" 302 319 "-" "Mozilla/5.0 (compatible; AhrefsBot/4.0; +http://ahrefs.com/robot/)"
173.199.115.179 - - [22/Jun/2013:10:32:46 +0200] "GET /catalog/product_reviews.php/products_id/36/reviews_id/507/page/5/action/buy_now HTTP/1.1" 302 319 "-" "Mozilla/5.0 (compatible; AhrefsBot/4.0; +http://ahrefs.com/robot/)"
173.199.115.179 - - [22/Jun/2013:10:33:33 +0200] "GET /catalog/product_reviews.php/products_id/32/reviews_id/556/page/10/action/buy_now HTTP/1.1" 302 319 "-" "Mozilla/5.0 (compatible; AhrefsBot/4.0; +http://ahrefs.com/robot/)"
173.199.115.179 - - [22/Jun/2013:10:33:38 +0200] "GET /catalog/product_reviews.php/products_id/32/reviews_id/382/page/9/action/buy_now HTTP/1.1" 302 319 "-" "Mozilla/5.0 (compatible; AhrefsBot/4.0; +http://ahrefs.com/robot/)"
173.199.115.179 - - [22/Jun/2013:10:33:38 +0200] "GET /catalog/product_reviews_write.php/products_id/36/reviews_id/153 HTTP/1.1" 302 380 "-" "Mozilla/5.0 (compatible; AhrefsBot/4.0; +http://ahrefs.com/robot/)"
173.199.115.179 - - [22/Jun/2013:10:33:41 +0200] "GET /catalog/product_reviews.php/products_id/32/page/4/action/buy_now HTTP/1.1" 302 319 "-" "Mozilla/5.0 (compatible; AhrefsBot/4.0; +http://ahrefs.com/robot/)"
173.199.115.179 - - [22/Jun/2013:10:33:50 +0200] "GET /catalog/product_reviews.php/products_id/42/reviews_id/203/page/8/language/de HTTP/1.1" 200 10433 "-" "Mozilla/5.0 (compatible; AhrefsBot/4.0; +http://ahrefs.com/robot/)"
173.199.115.179 - - [22/Jun/2013:10:33:58 +0200] "GET /catalog/product_info.php/products_id/36/action/add_product HTTP/1.1" 302 319 "-" "Mozilla/5.0 (compatible; AhrefsBot/4.0; +http://ahrefs.com/robot/)"
173.199.115.179 - - [22/Jun/2013:10:34:02 +0200] "GET /catalog/product_reviews.php/products_id/42/reviews_id/322/page/4 HTTP/1.1" 200 10465 "-" "Mozilla/5.0 (compatible; AhrefsBot/4.0; +http://ahrefs.com/robot/)"
173.199.115.179 - - [22/Jun/2013:10:34:20 +0200] "GET /catalog/product_reviews_info.php/products_id/31/reviews_id/518 HTTP/1.1" 200 9905 "-" "Mozilla/5.0 (compatible; AhrefsBot/4.0; +http://ahrefs.com/robot/)"
173.199.115.179 - - [22/Jun/2013:10:34:51 +0200] "GET /catalog/product_reviews.php/products_id/47/reviews_id/502/page/6/action/buy_now HTTP/1.1" 302 319 "-" "Mozilla/5.0 (compatible; AhrefsBot/4.0; +http://ahrefs.com/robot/)"
173.199.115.179 - - [22/Jun/2013:10:35:15 +0200] "GET /catalog/product_reviews_write.php/products_id/32/reviews_id/216/page/4 HTTP/1.1" 302 380 "-" "Mozilla/5.0 (compatible; AhrefsBot/4.0; +http://ahrefs.com/robot/)"
173.199.115.179 - - [22/Jun/2013:10:35:25 +0200] "GET /catalog/product_reviews.php/products_id/32/reviews_id/551/page/6/action/buy_now HTTP/1.1" 302 319 "-" "Mozilla/5.0 (compatible; AhrefsBot/4.0; +http://ahrefs.com/robot/)"
173.199.115.179 - - [22/Jun/2013:10:36:09 +0200] "GET /catalog/product_reviews.php/products_id/40/reviews_id/210 HTTP/1.1" 200 10268 "-" "Mozilla/5.0 (compatible; AhrefsBot/4.0; +http://ahrefs.com/robot/)"
66.249.78.83 - - [22/Jun/2013:10:36:15 +0200] "GET /catalog/product_reviews.php/products_id/42/reviews_id/256/page/3/language/de HTTP/1.1" 200 10412 "-" "Mozilla/5.0 (compatible; Googlebot/2.1; +http://www.google.com/bot.html)"
173.199.115.179 - - [22/Jun/2013:10:36:17 +0200] "GET /catalog/product_reviews.php/products_id/42/reviews_id/252/page/8 HTTP/1.1" 200 10431 "-" "Mozilla/5.0 (compatible; AhrefsBot/4.0; +http://ahrefs.com/robot/)"
173.199.115.179 - - [22/Jun/2013:10:36:23 +0200] "GET /catalog/product_reviews_write.php/products_id/32/reviews_id/258/page/18 HTTP/1.1" 302 380 "-" "Mozilla/5.0 (compatible; AhrefsBot/4.0; +http://ahrefs.com/robot/)"
173.199.115.179 - - [22/Jun/2013:10:36:35 +0200] "GET /catalog/product_reviews.php/products_id/31/reviews_id/164/page/1/language/de HTTP/1.1" 200 10506 "-" "Mozilla/5.0 (compatible; AhrefsBot/4.0; +http://ahrefs.com/robot/)"
173.199.115.179 - - [22/Jun/2013:10:36:56 +0200] "GET /catalog/product_reviews.php/products_id/32/reviews_id/57/page/9/language/de HTTP/1.1" 200 10625 "-" "Mozilla/5.0 (compatible; AhrefsBot/4.0; +http://ahrefs.com/robot/)"
173.199.115.179 - - [22/Jun/2013:10:37:12 +0200] "GET /catalog/product_reviews.php/products_id/31/reviews_id/38/page/2/action/buy_now HTTP/1.1" 302 319 "-" "Mozilla/5.0 (compatible; AhrefsBot/4.0; +http://ahrefs.com/robot/)"
173.199.115.179 - - [22/Jun/2013:10:37:20 +0200] "GET /catalog/product_reviews.php/products_id/32/reviews_id/468/page/15 HTTP/1.1" 200 10533 "-" "Mozilla/5.0 (compatible; AhrefsBot/4.0; +http://ahrefs.com/robot/)"
173.199.115.179 - - [22/Jun/2013:10:37:43 +0200] "GET /catalog/product_reviews.php/products_id/42/reviews_id/457/page/11/language/de HTTP/1.1" 200 10378 "-" "Mozilla/5.0 (compatible; AhrefsBot/4.0; +http://ahrefs.com/robot/)"
173.199.115.179 - - [22/Jun/2013:10:38:06 +0200] "GET /catalog/product_reviews.php/products_id/32/reviews_id/23/page/5/action/buy_now HTTP/1.1" 302 319 "-" "Mozilla/5.0 (compatible; AhrefsBot/4.0; +http://ahrefs.com/robot/)"
208.115.111.70 - - [22/Jun/2013:10:38:47 +0200] "GET /robots.txt HTTP/1.1" 200 406 "-" "Mozilla/5.0 (compatible; Ezooms/1.0; ezooms.bot@gmail.com)"
173.199.115.179 - - [22/Jun/2013:10:39:32 +0200] "GET /catalog/product_reviews.php/products_id/32/reviews_id/106/page/4/action/buy_now HTTP/1.1" 302 319 "-" "Mozilla/5.0 (compatible; AhrefsBot/4.0; +http://ahrefs.com/robot/)"
173.199.115.179 - - [22/Jun/2013:10:39:34 +0200] "GET /catalog/product_reviews.php/products_id/30/reviews_id/75/action/buy_now HTTP/1.1" 302 319 "-" "Mozilla/5.0 (compatible; AhrefsBot/4.0; +http://ahrefs.com/robot/)"
202.46.60.19 - - [22/Jun/2013:10:39:35 +0200] "GET / HTTP/1.1" 200 9327 "-" "Mozilla/4.0 (compatible; MSIE 7.0; Windows NT 6.0)"
119.63.193.132 - - [22/Jun/2013:10:39:37 +0200] "GET / HTTP/1.1" 200 8966 "-" "Mozilla/4.0 (compatible; MSIE 7.0; Windows NT 6.0)"
173.199.115.179 - - [22/Jun/2013:10:39:48 +0200] "GET /catalog/product_reviews_write.php/manufacturers_id/11/products_id/42/page/5 HTTP/1.1" 302 380 "-" "Mozilla/5.0 (compatible; AhrefsBot/4.0; +http://ahrefs.com/robot/)"
173.199.115.179 - - [22/Jun/2013:10:40:28 +0200] "GET /catalog/product_reviews.php/products_id/32/reviews_id/144/page/6 HTTP/1.1" 200 10583 "-" "Mozilla/5.0 (compatible; AhrefsBot/4.0; +http://ahrefs.com/robot/)"
173.199.115.179 - - [22/Jun/2013:10:40:30 +0200] "GET /catalog/product_reviews.php/products_id/42/reviews_id/523/page/5 HTTP/1.1" 200 10404 "-" "Mozilla/5.0 (compatible; AhrefsBot/4.0; +http://ahrefs.com/robot/)"
173.199.115.179 - - [22/Jun/2013:10:40:39 +0200] "GET /catalog/product_reviews.php/products_id/32/reviews_id/238/page/11/language/de HTTP/1.1" 200 10621 "-" "Mozilla/5.0 (compatible; AhrefsBot/4.0; +http://ahrefs.com/robot/)"
173.199.115.179 - - [22/Jun/2013:10:40:55 +0200] "GET /catalog/product_reviews_info.php/products_id/31/reviews_id/426 HTTP/1.1" 200 9803 "-" "Mozilla/5.0 (compatible; AhrefsBot/4.0; +http://ahrefs.com/robot/)"
173.199.115.179 - - [22/Jun/2013:10:41:09 +0200] "GET /catalog/product_reviews.php/products_id/32/reviews_id/478/page/11/action/buy_now HTTP/1.1" 302 319 "-" "Mozilla/5.0 (compatible; AhrefsBot/4.0; +http://ahrefs.com/robot/)"
65.55.24.233 - - [22/Jun/2013:10:42:13 +0200] "GET //robots.txt HTTP/1.1" 200 406 "-" "Mozilla/5.0 (compatible; bingbot/2.0; +http://www.bing.com/bingbot.htm)"
173.199.115.179 - - [22/Jun/2013:10:47:11 +0200] "GET /catalog/product_reviews.php/products_id/42/reviews_id/324/page/4/language/de HTTP/1.1" 200 10458 "-" "Mozilla/5.0 (compatible; AhrefsBot/4.0; +http://ahrefs.com/robot/)"
173.199.115.179 - - [22/Jun/2013:10:47:16 +0200] "GET /catalog/product_reviews_write.php/products_id/32/reviews_id/560/page/15 HTTP/1.1" 302 380 "-" "Mozilla/5.0 (compatible; AhrefsBot/4.0; +http://ahrefs.com/robot/)"
173.199.115.179 - - [22/Jun/2013:10:47:37 +0200] "GET /catalog/product_reviews_info.php/products_id/32/reviews_id/258/language/de HTTP/1.1" 200 9948 "-" "Mozilla/5.0 (compatible; AhrefsBot/4.0; +http://ahrefs.com/robot/)"
173.199.115.179 - - [22/Jun/2013:10:47:40 +0200] "GET /catalog/product_reviews.php/products_id/42/reviews_id/160/page/4/action/buy_now HTTP/1.1" 302 319 "-" "Mozilla/5.0 (compatible; AhrefsBot/4.0; +http://ahrefs.com/robot/)"
173.199.115.179 - - [22/Jun/2013:10:47:55 +0200] "GET /catalog/product_reviews.php/products_id/31/reviews_id/513/page/6/action/buy_now HTTP/1.1" 302 319 "-" "Mozilla/5.0 (compatible; AhrefsBot/4.0; +http://ahrefs.com/robot/)"
173.199.115.179 - - [22/Jun/2013:10:47:58 +0200] "GET /catalog/product_reviews.php/products_id/47/reviews_id/548/page/5 HTTP/1.1" 200 10403 "-" "Mozilla/5.0 (compatible; AhrefsBot/4.0; +http://ahrefs.com/robot/)"
173.199.115.179 - - [22/Jun/2013:10:48:33 +0200] "GET /catalog/product_reviews.php/products_id/32/reviews_id/120/page/20/language/de HTTP/1.1" 200 10086 "-" "Mozilla/5.0 (compatible; AhrefsBot/4.0; +http://ahrefs.com/robot/)"
173.199.115.179 - - [22/Jun/2013:10:48:58 +0200] "GET /catalog/product_reviews.php/products_id/32/reviews_id/35/page/1 HTTP/1.1" 200 10511 "-" "Mozilla/5.0 (compatible; AhrefsBot/4.0; +http://ahrefs.com/robot/)"
173.199.115.179 - - [22/Jun/2013:10:49:38 +0200] "GET /catalog/product_reviews_write.php/products_id/32/reviews_id/258/page/10 HTTP/1.1" 302 380 "-" "Mozilla/5.0 (compatible; AhrefsBot/4.0; +http://ahrefs.com/robot/)"
173.199.115.179 - - [22/Jun/2013:10:49:39 +0200] "GET /catalog/product_reviews.php/products_id/31/reviews_id/373/page/3 HTTP/1.1" 200 10523 "-" "Mozilla/5.0 (compatible; AhrefsBot/4.0; +http://ahrefs.com/robot/)"
173.199.115.179 - - [22/Jun/2013:10:50:04 +0200] "GET /catalog/product_reviews.php/products_id/32/reviews_id/141/page/5/action/buy_now HTTP/1.1" 302 319 "-" "Mozilla/5.0 (compatible; AhrefsBot/4.0; +http://ahrefs.com/robot/)"
173.199.115.179 - - [22/Jun/2013:10:50:05 +0200] "GET /catalog/product_reviews.php/products_id/32/reviews_id/319/page/17/action/buy_now HTTP/1.1" 302 319 "-" "Mozilla/5.0 (compatible; AhrefsBot/4.0; +http://ahrefs.com/robot/)"
173.199.115.179 - - [22/Jun/2013:10:50:30 +0200] "GET /catalog/product_reviews.php/products_id/42/reviews_id/352/page/6/language/de HTTP/1.1" 200 10426 "-" "Mozilla/5.0 (compatible; AhrefsBot/4.0; +http://ahrefs.com/robot/)"
173.199.115.179 - - [22/Jun/2013:10:50:39 +0200] "GET /catalog/product_reviews.php/products_id/32/reviews_id/258/page/17/action/buy_now HTTP/1.1" 302 319 "-" "Mozilla/5.0 (compatible; AhrefsBot/4.0; +http://ahrefs.com/robot/)"
173.199.115.179 - - [22/Jun/2013:10:51:38 +0200] "GET /catalog/product_reviews.php/products_id/42/reviews_id/143/page/8/action/buy_now HTTP/1.1" 302 319 "-" "Mozilla/5.0 (compatible; AhrefsBot/4.0; +http://ahrefs.com/robot/)"
173.199.115.179 - - [22/Jun/2013:10:51:58 +0200] "GET /catalog/product_reviews_write.php/products_id/32/reviews_id/576/page/10 HTTP/1.1" 302 380 "-" "Mozilla/5.0 (compatible; AhrefsBot/4.0; +http://ahrefs.com/robot/)"
173.199.115.179 - - [22/Jun/2013:10:52:35 +0200] "GET /catalog/product_reviews.php/products_id/32/reviews_id/461/page/4 HTTP/1.1" 200 10565 "-" "Mozilla/5.0 (compatible; AhrefsBot/4.0; +http://ahrefs.com/robot/)"
173.199.115.179 - - [22/Jun/2013:10:52:39 +0200] "GET /catalog/product_reviews.php/products_id/31/reviews_id/59/page/3/action/buy_now HTTP/1.1" 302 319 "-" "Mozilla/5.0 (compatible; AhrefsBot/4.0; +http://ahrefs.com/robot/)"
173.199.115.179 - - [22/Jun/2013:10:52:58 +0200] "GET /catalog/product_reviews.php/products_id/32/reviews_id/35/page/12/action/buy_now HTTP/1.1" 302 319 "-" "Mozilla/5.0 (compatible; AhrefsBot/4.0; +http://ahrefs.com/robot/)"
173.199.115.179 - - [22/Jun/2013:10:52:58 +0200] "GET /catalog/product_reviews_info.php/products_id/40/reviews_id/60/language/de HTTP/1.1" 200 9726 "-" "Mozilla/5.0 (compatible; AhrefsBot/4.0; +http://ahrefs.com/robot/)"
173.199.115.179 - - [22/Jun/2013:10:53:49 +0200] "GET /catalog/product_reviews.php/products_id/42/reviews_id/143/page/6/action/buy_now HTTP/1.1" 302 319 "-" "Mozilla/5.0 (compatible; AhrefsBot/4.0; +http://ahrefs.com/robot/)"
173.199.115.179 - - [22/Jun/2013:10:53:59 +0200] "GET /catalog/product_reviews.php/products_id/42/reviews_id/457/page/10/action/buy_now HTTP/1.1" 302 319 "-" "Mozilla/5.0 (compatible; AhrefsBot/4.0; +http://ahrefs.com/robot/)"
66.249.78.83 - - [22/Jun/2013:10:54:13 +0200] "GET /catalog/popup_add_image.php/imagesID/15 HTTP/1.1" 200 982 "-" "Mozilla/5.0 (compatible; Googlebot/2.1; +http://www.google.com/bot.html)"
173.199.115.179 - - [22/Jun/2013:10:54:20 +0200] "GET /catalog/product_reviews.php/products_id/31/reviews_id/511/language/de HTTP/1.1" 200 10471 "-" "Mozilla/5.0 (compatible; AhrefsBot/4.0; +http://ahrefs.com/robot/)"
173.199.115.179 - - [22/Jun/2013:10:54:51 +0200] "GET /catalog/product_reviews_write.php/products_id/36/reviews_id/149/page/3 HTTP/1.1" 302 380 "-" "Mozilla/5.0 (compatible; AhrefsBot/4.0; +http://ahrefs.com/robot/)"
173.199.115.179 - - [22/Jun/2013:10:55:28 +0200] "GET /catalog/product_reviews_write.php/products_id/31/reviews_id/10/page/8 HTTP/1.1" 302 380 "-" "Mozilla/5.0 (compatible; AhrefsBot/4.0; +http://ahrefs.com/robot/)"
173.199.115.179 - - [22/Jun/2013:10:55:29 +0200] "GET /catalog/product_reviews_write.php/products_id/52/page/1 HTTP/1.1" 302 380 "-" "Mozilla/5.0 (compatible; AhrefsBot/4.0; +http://ahrefs.com/robot/)"
173.199.115.179 - - [22/Jun/2013:10:55:51 +0200] "GET /catalog/product_reviews.php/products_id/31/reviews_id/392/page/3/language/de HTTP/1.1" 200 10535 "-" "Mozilla/5.0 (compatible; AhrefsBot/4.0; +http://ahrefs.com/robot/)"
173.199.115.179 - - [22/Jun/2013:10:59:54 +0200] "GET /catalog/product_reviews.php/products_id/34/reviews_id/138 HTTP/1.1" 200 10409 "-" "Mozilla/5.0 (compatible; AhrefsBot/4.0; +http://ahrefs.com/robot/)"
173.199.115.179 - - [22/Jun/2013:11:00:07 +0200] "GET /catalog/product_reviews_write.php/products_id/36/reviews_id/86 HTTP/1.1" 302 380 "-" "Mozilla/5.0 (compatible; AhrefsBot/4.0; +http://ahrefs.com/robot/)"
173.199.115.179 - - [22/Jun/2013:11:00:17 +0200] "GET /catalog/product_reviews.php/products_id/42/reviews_id/203/page/3/action/buy_now HTTP/1.1" 302 319 "-" "Mozilla/5.0 (compatible; AhrefsBot/4.0; +http://ahrefs.com/robot/)"
173.199.115.179 - - [22/Jun/2013:11:00:21 +0200] "GET /catalog/product_reviews.php/products_id/32/reviews_id/141/page/14 HTTP/1.1" 200 10604 "-" "Mozilla/5.0 (compatible; AhrefsBot/4.0; +http://ahrefs.com/robot/)"
173.199.115.179 - - [22/Jun/2013:11:00:27 +0200] "GET /catalog/product_reviews_write.php/products_id/32/reviews_id/80/page/7 HTTP/1.1" 302 380 "-" "Mozilla/5.0 (compatible; AhrefsBot/4.0; +http://ahrefs.com/robot/)"
173.199.115.179 - - [22/Jun/2013:11:00:41 +0200] "GET /catalog/product_reviews.php/products_id/34/reviews_id/509/page/2/action/buy_now HTTP/1.1" 302 319 "-" "Mozilla/5.0 (compatible; AhrefsBot/4.0; +http://ahrefs.com/robot/)"
173.199.115.179 - - [22/Jun/2013:11:00:41 +0200] "GET /catalog/product_reviews.php/products_id/32/reviews_id/497/page/6/language/de HTTP/1.1" 200 10570 "-" "Mozilla/5.0 (compatible; AhrefsBot/4.0; +http://ahrefs.com/robot/)"
173.199.115.179 - - [22/Jun/2013:11:00:42 +0200] "GET /catalog/product_reviews.php/products_id/32/reviews_id/135/page/8/action/buy_now HTTP/1.1" 302 319 "-" "Mozilla/5.0 (compatible; AhrefsBot/4.0; +http://ahrefs.com/robot/)"
173.199.115.179 - - [22/Jun/2013:11:00:55 +0200] "GET /catalog/product_reviews_write.php/products_id/31/reviews_id/362/page/8 HTTP/1.1" 302 380 "-" "Mozilla/5.0 (compatible; AhrefsBot/4.0; +http://ahrefs.com/robot/)"
173.199.115.179 - - [22/Jun/2013:11:01:21 +0200] "GET /catalog/product_reviews.php/products_id/32/reviews_id/370/page/18 HTTP/1.1" 200 10502 "-" "Mozilla/5.0 (compatible; AhrefsBot/4.0; +http://ahrefs.com/robot/)"
173.199.115.179 - - [22/Jun/2013:11:01:25 +0200] "GET /catalog/product_reviews.php/products_id/42/reviews_id/247/page/4/action/buy_now HTTP/1.1" 302 319 "-" "Mozilla/5.0 (compatible; AhrefsBot/4.0; +http://ahrefs.com/robot/)"
173.199.115.179 - - [22/Jun/2013:11:01:29 +0200] "GET /catalog/product_reviews.php/manufacturers_id/12/products_id/32/page/20/language/de HTTP/1.1" 200 10079 "-" "Mozilla/5.0 (compatible; AhrefsBot/4.0; +http://ahrefs.com/robot/)"
173.199.115.179 - - [22/Jun/2013:11:03:09 +0200] "GET /catalog/product_reviews_write.php/products_id/32/reviews_id/159/page/6 HTTP/1.1" 302 380 "-" "Mozilla/5.0 (compatible; AhrefsBot/4.0; +http://ahrefs.com/robot/)"
173.199.115.179 - - [22/Jun/2013:11:03:21 +0200] "GET /catalog/product_reviews.php/products_id/36/reviews_id/95/page/3 HTTP/1.1" 200 10440 "-" "Mozilla/5.0 (compatible; AhrefsBot/4.0; +http://ahrefs.com/robot/)"
173.199.115.179 - - [22/Jun/2013:11:03:25 +0200] "GET /catalog/product_reviews_write.php/products_id/32/reviews_id/23/page/17 HTTP/1.1" 302 380 "-" "Mozilla/5.0 (compatible; AhrefsBot/4.0; +http://ahrefs.com/robot/)"
173.199.115.179 - - [22/Jun/2013:11:03:42 +0200] "GET /catalog/product_reviews.php/products_id/42/reviews_id/252/page/7/action/buy_now HTTP/1.1" 302 319 "-" "Mozilla/5.0 (compatible; AhrefsBot/4.0; +http://ahrefs.com/robot/)"
173.199.115.179 - - [22/Jun/2013:11:05:02 +0200] "GET /catalog/product_reviews.php/products_id/40/reviews_id/579/page/3 HTTP/1.1" 200 10372 "-" "Mozilla/5.0 (compatible; AhrefsBot/4.0; +http://ahrefs.com/robot/)"
173.199.115.179 - - [22/Jun/2013:11:05:20 +0200] "GET /catalog/product_reviews_write.php/products_id/40/reviews_id/192/page/6 HTTP/1.1" 302 380 "-" "Mozilla/5.0 (compatible; AhrefsBot/4.0; +http://ahrefs.com/robot/)"
173.199.115.179 - - [22/Jun/2013:11:05:31 +0200] "GET /catalog/product_reviews.php/products_id/31/reviews_id/359/page/5/language/de HTTP/1.1" 200 10565 "-" "Mozilla/5.0 (compatible; AhrefsBot/4.0; +http://ahrefs.com/robot/)"
173.199.115.179 - - [22/Jun/2013:11:05:32 +0200] "GET /catalog/product_reviews.php/products_id/32/reviews_id/144/page/5 HTTP/1.1" 200 10539 "-" "Mozilla/5.0 (compatible; AhrefsBot/4.0; +http://ahrefs.com/robot/)"
173.199.115.179 - - [22/Jun/2013:11:05:37 +0200] "GET /catalog/product_reviews.php/products_id/32/page/2 HTTP/1.1" 200 10556 "-" "Mozilla/5.0 (compatible; AhrefsBot/4.0; +http://ahrefs.com/robot/)"
173.199.115.179 - - [22/Jun/2013:11:05:39 +0200] "GET /catalog/product_reviews.php/products_id/47/reviews_id/500/page/3/language/de HTTP/1.1" 200 10481 "-" "Mozilla/5.0 (compatible; AhrefsBot/4.0; +http://ahrefs.com/robot/)"
173.199.115.179 - - [22/Jun/2013:11:06:08 +0200] "GET /catalog/product_reviews.php/products_id/35/reviews_id/260/page/1 HTTP/1.1" 200 10413 "-" "Mozilla/5.0 (compatible; AhrefsBot/4.0; +http://ahrefs.com/robot/)"
66.249.78.83 - - [22/Jun/2013:11:06:17 +0200] "GET /catalog/product_reviews.php/products_id/32/reviews_id/15/page/2/language/de HTTP/1.1" 200 10575 "-" "Mozilla/5.0 (compatible; Googlebot/2.1; +http://www.google.com/bot.html)"
173.199.115.179 - - [22/Jun/2013:11:06:19 +0200] "GET /catalog/product_reviews_write.php/products_id/32/reviews_id/211/page/18 HTTP/1.1" 302 380 "-" "Mozilla/5.0 (compatible; AhrefsBot/4.0; +http://ahrefs.com/robot/)"
173.199.115.179 - - [22/Jun/2013:11:06:27 +0200] "GET /catalog/product_reviews.php/products_id/29/reviews_id/142 HTTP/1.1" 200 10366 "-" "Mozilla/5.0 (compatible; AhrefsBot/4.0; +http://ahrefs.com/robot/)"
173.199.115.179 - - [22/Jun/2013:11:06:56 +0200] "GET /catalog/product_reviews.php/products_id/52/reviews_id/401/page/4/action/buy_now HTTP/1.1" 302 319 "-" "Mozilla/5.0 (compatible; AhrefsBot/4.0; +http://ahrefs.com/robot/)"
173.199.115.179 - - [22/Jun/2013:11:06:59 +0200] "GET /catalog/product_reviews.php/products_id/30/reviews_id/292/page/6/language/de HTTP/1.1" 200 10364 "-" "Mozilla/5.0 (compatible; AhrefsBot/4.0; +http://ahrefs.com/robot/)"
208.115.111.70 - - [22/Jun/2013:11:07:29 +0200] "GET /catalog/faqdesk_reviews_info.php/faqPath/4_6/faqdesk_id/8/reviews_id/5/language/de HTTP/1.1" 200 32237 "-" "Mozilla/5.0 (compatible; Ezooms/1.0; ezooms.bot@gmail.com)"
173.199.115.179 - - [22/Jun/2013:11:07:31 +0200] "GET /catalog/product_reviews_write.php/products_id/32/reviews_id/14/page/6 HTTP/1.1" 302 380 "-" "Mozilla/5.0 (compatible; AhrefsBot/4.0; +http://ahrefs.com/robot/)"
173.199.115.179 - - [22/Jun/2013:11:07:31 +0200] "GET /catalog/product_reviews_write.php/products_id/32/reviews_id/411/page/7 HTTP/1.1" 302 380 "-" "Mozilla/5.0 (compatible; AhrefsBot/4.0; +http://ahrefs.com/robot/)"
173.199.115.179 - - [22/Jun/2013:11:07:43 +0200] "GET /catalog/product_reviews.php/products_id/32/reviews_id/216/page/13/action/buy_now HTTP/1.1" 302 319 "-" "Mozilla/5.0 (compatible; AhrefsBot/4.0; +http://ahrefs.com/robot/)"
208.115.111.70 - - [22/Jun/2013:11:08:37 +0200] "GET /catalog/faqdesk_info.php/faqPath/9/faqdesk_id/20/language/de HTTP/1.1" 200 34010 "-" "Mozilla/5.0 (compatible; Ezooms/1.0; ezooms.bot@gmail.com)"
208.115.111.70 - - [22/Jun/2013:11:08:39 +0200] "GET /catalog/faqdesk_info.php/faqPath/9/faqdesk_id/15/language/de HTTP/1.1" 200 33925 "-" "Mozilla/5.0 (compatible; Ezooms/1.0; ezooms.bot@gmail.com)"
208.115.111.70 - - [22/Jun/2013:11:08:42 +0200] "GET /catalog/faqdesk_index.php/faqPath/6/faqdesk_id/11/language/de HTTP/1.1" 200 40379 "-" "Mozilla/5.0 (compatible; Ezooms/1.0; ezooms.bot@gmail.com)"
208.115.111.70 - - [22/Jun/2013:11:08:44 +0200] "GET /catalog/faqdesk_index.php/faqPath/4_6/faqdesk_id/8/page/1/sort/1d/language/de HTTP/1.1" 200 41523 "-" "Mozilla/5.0 (compatible; Ezooms/1.0; ezooms.bot@gmail.com)"
208.115.111.70 - - [22/Jun/2013:11:08:47 +0200] "GET /catalog/faqdesk_index.php/faqPath/9/faqdesk_id/37/language/de HTTP/1.1" 200 51477 "-" "Mozilla/5.0 (compatible; Ezooms/1.0; ezooms.bot@gmail.com)"
173.199.115.179 - - [22/Jun/2013:11:08:56 +0200] "GET /catalog/product_reviews.php/products_id/35/reviews_id/218/page/4/action/buy_now HTTP/1.1" 302 319 "-" "Mozilla/5.0 (compatible; AhrefsBot/4.0; +http://ahrefs.com/robot/)"
208.115.111.70 - - [22/Jun/2013:11:09:07 +0200] "GET /catalog/product_reviews_info.php/products_id/47/reviews_id/548/language/de HTTP/1.1" 200 60046 "-" "Mozilla/5.0 (compatible; Ezooms/1.0; ezooms.bot@gmail.com)"
208.115.111.70 - - [22/Jun/2013:11:09:14 +0200] "GET /catalog/product_reviews_info.php/products_id/30/reviews_id/201/language/de HTTP/1.1" 200 60071 "-" "Mozilla/5.0 (compatible; Ezooms/1.0; ezooms.bot@gmail.com)"
208.115.111.70 - - [22/Jun/2013:11:09:21 +0200] "GET /catalog/product_reviews.php/products_id/47/reviews_id/531/page/6/language/de HTTP/1.1" 200 62240 "-" "Mozilla/5.0 (compatible; Ezooms/1.0; ezooms.bot@gmail.com)"
208.115.111.70 - - [22/Jun/2013:11:09:23 +0200] "GET /catalog/product_reviews.php/products_id/40/reviews_id/424/page/6/language/de HTTP/1.1" 200 63921 "-" "Mozilla/5.0 (compatible; Ezooms/1.0; ezooms.bot@gmail.com)"
173.199.115.179 - - [22/Jun/2013:11:09:26 +0200] "GET /catalog/product_reviews.php/products_id/32/reviews_id/67/page/11/action/buy_now HTTP/1.1" 302 319 "-" "Mozilla/5.0 (compatible; AhrefsBot/4.0; +http://ahrefs.com/robot/)"
173.199.115.179 - - [22/Jun/2013:11:09:34 +0200] "GET /catalog/product_info.php/manufacturers_id/12/products_id/30/action/add_product HTTP/1.1" 302 319 "-" "Mozilla/5.0 (compatible; AhrefsBot/4.0; +http://ahrefs.com/robot/)"
208.115.111.70 - - [22/Jun/2013:11:09:52 +0200] "GET /catalog/product_reviews.php/products_id/34/reviews_id/225/page/5/language/de HTTP/1.1" 200 69916 "-" "Mozilla/5.0 (compatible; Ezooms/1.0; ezooms.bot@gmail.com)"
208.115.111.70 - - [22/Jun/2013:11:09:55 +0200] "GET /catalog/product_reviews.php/products_id/42/page/2/language/de HTTP/1.1" 200 69656 "-" "Mozilla/5.0 (compatible; Ezooms/1.0; ezooms.bot@gmail.com)"
173.199.115.179 - - [22/Jun/2013:11:10:28 +0200] "GET /catalog/product_reviews.php/products_id/31/reviews_id/198/page/4 HTTP/1.1" 200 10512 "-" "Mozilla/5.0 (compatible; AhrefsBot/4.0; +http://ahrefs.com/robot/)"
173.199.115.179 - - [22/Jun/2013:11:10:49 +0200] "GET /catalog/product_reviews.php/products_id/32/reviews_id/489/page/13/action/buy_now HTTP/1.1" 302 319 "-" "Mozilla/5.0 (compatible; AhrefsBot/4.0; +http://ahrefs.com/robot/)"
178.82.228.132 - - [22/Jun/2013:11:13:48 +0200] "GET /chCounter/additional.php?res_width=320&res_height=568&js=true HTTP/1.1" 200 167 "http://www.hacky-sack-shop.de/index.php?ref=google&gclid=CKfQh8ap97cCFci23godKh8AQQ" "Mozilla/5.0 (iPod; CPU iPhone OS 6_1_3 like Mac OS X) AppleWebKit/536.26 (KHTML, like Gecko) Version/6.0 Mobile/10B329 Safari/8536.25"
173.199.115.179 - - [22/Jun/2013:11:13:57 +0200] "GET /catalog/product_reviews.php/products_id/42/reviews_id/202/page/6 HTTP/1.1" 200 10407 "-" "Mozilla/5.0 (compatible; AhrefsBot/4.0; +http://ahrefs.com/robot/)"
173.199.115.179 - - [22/Jun/2013:11:13:57 +0200] "GET /catalog/product_reviews.php/products_id/42/reviews_id/279/page/1 HTTP/1.1" 200 10396 "-" "Mozilla/5.0 (compatible; AhrefsBot/4.0; +http://ahrefs.com/robot/)"
173.199.115.179 - - [22/Jun/2013:11:13:59 +0200] "GET /catalog/product_reviews_write.php/products_id/34/reviews_id/223/page/1 HTTP/1.1" 302 380 "-" "Mozilla/5.0 (compatible; AhrefsBot/4.0; +http://ahrefs.com/robot/)"
173.199.115.179 - - [22/Jun/2013:11:14:37 +0200] "GET /catalog/product_reviews_write.php/products_id/29/reviews_id/62/page/1 HTTP/1.1" 302 380 "-" "Mozilla/5.0 (compatible; AhrefsBot/4.0; +http://ahrefs.com/robot/)"
173.199.115.179 - - [22/Jun/2013:11:14:49 +0200] "GET /catalog/product_reviews.php/products_id/34/reviews_id/509/page/5/action/buy_now HTTP/1.1" 302 319 "-" "Mozilla/5.0 (compatible; AhrefsBot/4.0; +http://ahrefs.com/robot/)"
173.199.115.179 - - [22/Jun/2013:11:16:13 +0200] "GET /catalog/reviews.php/page/17 HTTP/1.1" 200 10145 "-" "Mozilla/5.0 (compatible; AhrefsBot/4.0; +http://ahrefs.com/robot/)"
173.199.115.179 - - [22/Jun/2013:11:16:17 +0200] "GET /catalog/product_reviews.php/products_id/32/reviews_id/92/page/6/language/de HTTP/1.1" 200 10571 "-" "Mozilla/5.0 (compatible; AhrefsBot/4.0; +http://ahrefs.com/robot/)"
173.199.115.179 - - [22/Jun/2013:11:16:18 +0200] "GET /catalog/product_reviews_write.php/products_id/40/reviews_id/118/page/5 HTTP/1.1" 302 380 "-" "Mozilla/5.0 (compatible; AhrefsBot/4.0; +http://ahrefs.com/robot/)"
173.199.115.179 - - [22/Jun/2013:11:16:21 +0200] "GET /catalog/product_reviews.php/products_id/42/reviews_id/279/page/2 HTTP/1.1" 200 10381 "-" "Mozilla/5.0 (compatible; AhrefsBot/4.0; +http://ahrefs.com/robot/)"
173.199.115.179 - - [22/Jun/2013:11:16:22 +0200] "GET /catalog/product_reviews.php/products_id/34/reviews_id/173/page/5 HTTP/1.1" 200 10454 "-" "Mozilla/5.0 (compatible; AhrefsBot/4.0; +http://ahrefs.com/robot/)"
173.199.115.179 - - [22/Jun/2013:11:16:34 +0200] "GET /catalog/product_reviews.php/products_id/32/reviews_id/37/page/19/action/buy_now HTTP/1.1" 302 319 "-" "Mozilla/5.0 (compatible; AhrefsBot/4.0; +http://ahrefs.com/robot/)"
173.199.115.179 - - [22/Jun/2013:11:17:02 +0200] "GET /catalog/product_reviews.php/products_id/34/reviews_id/213/page/5/language/de HTTP/1.1" 200 10461 "-" "Mozilla/5.0 (compatible; AhrefsBot/4.0; +http://ahrefs.com/robot/)"
173.199.115.179 - - [22/Jun/2013:11:17:19 +0200] "GET /catalog/products_new.php/page/1/action/buy_now/products_id/45 HTTP/1.1" 302 319 "-" "Mozilla/5.0 (compatible; AhrefsBot/4.0; +http://ahrefs.com/robot/)"
173.199.115.179 - - [22/Jun/2013:11:17:36 +0200] "GET /catalog/product_reviews.php/products_id/34/reviews_id/309/page/1/language/de HTTP/1.1" 200 10412 "-" "Mozilla/5.0 (compatible; AhrefsBot/4.0; +http://ahrefs.com/robot/)"
173.199.115.179 - - [22/Jun/2013:11:18:36 +0200] "GET /catalog/product_reviews.php/products_id/30/reviews_id/335/page/4/language/de HTTP/1.1" 200 10440 "-" "Mozilla/5.0 (compatible; AhrefsBot/4.0; +http://ahrefs.com/robot/)"
173.199.115.179 - - [22/Jun/2013:11:18:39 +0200] "GET /catalog/product_reviews.php/products_id/35/reviews_id/318/page/2 HTTP/1.1" 200 10499 "-" "Mozilla/5.0 (compatible; AhrefsBot/4.0; +http://ahrefs.com/robot/)"
173.199.115.179 - - [22/Jun/2013:11:18:41 +0200] "GET /catalog/product_reviews.php/products_id/32/reviews_id/61/page/1/language/de HTTP/1.1" 200 10531 "-" "Mozilla/5.0 (compatible; AhrefsBot/4.0; +http://ahrefs.com/robot/)"
173.199.115.179 - - [22/Jun/2013:11:18:41 +0200] "GET /catalog/product_reviews_write.php/products_id/36/reviews_id/527/page/5 HTTP/1.1" 302 380 "-" "Mozilla/5.0 (compatible; AhrefsBot/4.0; +http://ahrefs.com/robot/)"
173.199.115.179 - - [22/Jun/2013:11:18:55 +0200] "GET /catalog/product_reviews.php/products_id/32/reviews_id/16/page/14/action/buy_now HTTP/1.1" 302 319 "-" "Mozilla/5.0 (compatible; AhrefsBot/4.0; +http://ahrefs.com/robot/)"
173.199.115.179 - - [22/Jun/2013:11:19:00 +0200] "GET /catalog/product_reviews.php/products_id/30/reviews_id/410/page/2/language/de HTTP/1.1" 200 10395 "-" "Mozilla/5.0 (compatible; AhrefsBot/4.0; +http://ahrefs.com/robot/)"
173.199.115.179 - - [22/Jun/2013:11:19:15 +0200] "GET /catalog/product_info.php/name/Footbag-Sand-14-Panele/products_id/31 HTTP/1.1" 200 11776 "-" "Mozilla/5.0 (compatible; AhrefsBot/4.0; +http://ahrefs.com/robot/)"
173.199.115.179 - - [22/Jun/2013:11:19:21 +0200] "GET /catalog/product_reviews.php/products_id/32/reviews_id/245/page/14 HTTP/1.1" 200 10606 "-" "Mozilla/5.0 (compatible; AhrefsBot/4.0; +http://ahrefs.com/robot/)"
173.199.115.179 - - [22/Jun/2013:11:19:39 +0200] "GET /catalog/product_reviews.php/products_id/31/reviews_id/431/page/1/language/de HTTP/1.1" 200 10514 "-" "Mozilla/5.0 (compatible; AhrefsBot/4.0; +http://ahrefs.com/robot/)"
173.199.115.179 - - [22/Jun/2013:11:19:55 +0200] "GET /catalog/product_reviews.php/products_id/34/reviews_id/309/page/5 HTTP/1.1" 200 10454 "-" "Mozilla/5.0 (compatible; AhrefsBot/4.0; +http://ahrefs.com/robot/)"
173.199.115.179 - - [22/Jun/2013:11:19:59 +0200] "GET /catalog/product_reviews.php/products_id/34/reviews_id/574/page/6/action/buy_now HTTP/1.1" 302 319 "-" "Mozilla/5.0 (compatible; AhrefsBot/4.0; +http://ahrefs.com/robot/)"
173.199.115.179 - - [22/Jun/2013:11:20:15 +0200] "GET /catalog/product_reviews.php/products_id/35/reviews_id/268/language/de HTTP/1.1" 200 10411 "-" "Mozilla/5.0 (compatible; AhrefsBot/4.0; +http://ahrefs.com/robot/)"
