173.199.115.179 - - [22/Jun/2013:07:01:45 +0200] "GET /catalog/product_reviews.php/products_id/32/reviews_id/478/page/2/action/buy_now HTTP/1.1" 302 319 "-" "Mozilla/5.0 (compatible; AhrefsBot/4.0; +http://ahrefs.com/robot/)"
173.199.115.179 - - [22/Jun/2013:07:01:48 +0200] "GET /catalog/product_reviews.php/products_id/32/reviews_id/246/page/15/action/buy_now HTTP/1.1" 302 319 "-" "Mozilla/5.0 (compatible; AhrefsBot/4.0; +http://ahrefs.com/robot/)"
173.199.115.179 - - [22/Jun/2013:07:01:52 +0200] "GET /catalog/product_reviews_write.php/products_id/52/reviews_id/317/page/5 HTTP/1.1" 302 380 "-" "Mozilla/5.0 (compatible; AhrefsBot/4.0; +http://ahrefs.com/robot/)"
173.199.115.179 - - [22/Jun/2013:07:02:03 +0200] "GET /catalog/product_reviews.php/products_id/32/reviews_id/544/page/17/action/buy_now HTTP/1.1" 302 319 "-" "Mozilla/5.0 (compatible; AhrefsBot/4.0; +http://ahrefs.com/robot/)"
173.199.115.179 - - [22/Jun/2013:07:03:01 +0200] "GET /catalog/reviews.php/page/23/language/de HTTP/1.1" 200 10077 "-" "Mozilla/5.0 (compatible; AhrefsBot/4.0; +http://ahrefs.com/robot/)"
173.199.115.179 - - [22/Jun/2013:07:03:31 +0200] "GET /catalog/product_reviews.php/products_id/52/reviews_id/329/page/3/language/de HTTP/1.1" 200 10422 "-" "Mozilla/5.0 (compatible; AhrefsBot/4.0; +http://ahrefs.com/robot/)"
173.199.115.179 - - [22/Jun/2013:07:03:52 +0200] "GET /catalog/product_reviews.php/products_id/52/reviews_id/275/page/2 HTTP/1.1" 200 10376 "-" "Mozilla/5.0 (compatible; AhrefsBot/4.0; +http://ahrefs.com/robot/)"
24.108.98.36 - - [22/Jun/2013:07:04:25 +0200] "GET /catalog/images/icon_footbag_netz.gif HTTP/1.1" 200 1557 "http://modified.in/footbag/viewtopic.php?f=11&t=11583" "Mozilla/5.0 (Windows NT 6.1; WOW64) AppleWebKit/537.36 (KHTML, like Gecko) Chrome/27.0.1453.116 Safari/537.36"
173.199.115.179 - - [22/Jun/2013:07:04:27 +0200] "GET /catalog/product_reviews.php/products_id/34/page/2/language/de HTTP/1.1" 200 10465 "-" "Mozilla/5.0 (compatible; AhrefsBot/4.0; +http://ahrefs.com/robot/)"
173.199.115.179 - - [22/Jun/2013:07:04:42 +0200] "GET /catalog/product_reviews.php/products_id/31/page/4/action/buy_now HTTP/1.1" 302 319 "-" "Mozilla/5.0 (compatible; AhrefsBot/4.0; +http://ahrefs.com/robot/)"
173.199.115.179 - - [22/Jun/2013:07:05:00 +0200] "GET /catalog/product_reviews.php/products_id/31/reviews_id/494/page/5/language/de HTTP/1.1" 200 10550 "-" "Mozilla/5.0 (compatible; AhrefsBot/4.0; +http://ahrefs.com/robot/)"
173.199.115.179 - - [22/Jun/2013:07:05:25 +0200] "GET /catalog/product_reviews.php/products_id/32/reviews_id/212/page/3/language/de HTTP/1.1" 200 10562 "-" "Mozilla/5.0 (compatible; AhrefsBot/4.0; +http://ahrefs.com/robot/)"
173.199.115.179 - - [22/Jun/2013:07:05:26 +0200] "GET /catalog/product_reviews.php/products_id/42/reviews_id/181/page/1/language/de HTTP/1.1" 200 10392 "-" "Mozilla/5.0 (compatible; AhrefsBot/4.0; +http://ahrefs.com/robot/)"
173.242.125.206 - - [22/Jun/2013:07:05:30 +0200] "GET /robots.txt HTTP/1.0" 200 406 "-" "Mozilla/5.0 (compatible; MJ12bot/v1.4.3; http://www.majestic12.co.uk/bot.php?+)"
173.199.115.179 - - [22/Jun/2013:07:05:31 +0200] "GET /catalog/product_reviews.php/products_id/32/reviews_id/2/page/17 HTTP/1.1" 200 10551 "-" "Mozilla/5.0 (compatible; AhrefsBot/4.0; +http://ahrefs.com/robot/)"
173.242.125.206 - - [22/Jun/2013:07:05:31 +0200] "GET / HTTP/1.0" 200 2929 "-" "Mozilla/5.0 (compatible; MJ12bot/v1.4.3; http://www.majestic12.co.uk/bot.php?+)"
173.199.115.179 - - [22/Jun/2013:07:05:33 +0200] "GET /catalog/product_info.php/products_id/50 HTTP/1.1" 200 11900 "-" "Mozilla/5.0 (compatible; AhrefsBot/4.0; +http://ahrefs.com/robot/)"
173.199.115.179 - - [22/Jun/2013:07:05:36 +0200] "GET /catalog/product_reviews.php/products_id/31/reviews_id/175/page/3 HTTP/1.1" 200 10539 "-" "Mozilla/5.0 (compatible; AhrefsBot/4.0; +http://ahrefs.com/robot/)"
46.161.41.24 - - [22/Jun/2013:07:05:38 +0200] "GET /catalog/product_reviews_info.php/products_id/31/reviews_id/34/language/de/mysid/70b7bfffd39dd86af4209d750b4e29b4 HTTP/1.1" 200 10271 "-" "Mozilla/4.0 (compatible; MSIE 6.0; MSIE 5.5; Windows 95) Opera 7.03 [de]"
173.199.115.179 - - [22/Jun/2013:07:05:45 +0200] "GET /catalog/product_reviews.php/products_id/36/reviews_id/390/page/6 HTTP/1.1" 200 9815 "-" "Mozilla/5.0 (compatible; AhrefsBot/4.0; +http://ahrefs.com/robot/)"
173.199.115.179 - - [22/Jun/2013:07:05:49 +0200] "GET /catalog/product_reviews.php/products_id/32/reviews_id/374/page/4 HTTP/1.1" 200 10564 "-" "Mozilla/5.0 (compatible; AhrefsBot/4.0; +http://ahrefs.com/robot/)"
173.199.115.179 - - [22/Jun/2013:07:05:55 +0200] "GET /catalog/product_reviews.php/products_id/47/reviews_id/133/action/buy_now HTTP/1.1" 302 319 "-" "Mozilla/5.0 (compatible; AhrefsBot/4.0; +http://ahrefs.com/robot/)"
173.199.115.179 - - [22/Jun/2013:07:05:56 +0200] "GET /catalog/product_reviews.php/products_id/32/reviews_id/43/page/15/language/de HTTP/1.1" 200 10540 "-" "Mozilla/5.0 (compatible; AhrefsBot/4.0; +http://ahrefs.com/robot/)"
173.199.115.179 - - [22/Jun/2013:07:06:39 +0200] "GET /catalog/product_reviews_write.php/products_id/32/page/2 HTTP/1.1" 302 380 "-" "Mozilla/5.0 (compatible; AhrefsBot/4.0; +http://ahrefs.com/robot/)"
173.199.115.179 - - [22/Jun/2013:07:06:56 +0200] "GET /catalog/product_reviews.php/products_id/52/reviews_id/351 HTTP/1.1" 200 10321 "-" "Mozilla/5.0 (compatible; AhrefsBot/4.0; +http://ahrefs.com/robot/)"
173.199.115.179 - - [22/Jun/2013:07:06:58 +0200] "GET /catalog/product_reviews.php/products_id/30/reviews_id/132/page/6 HTTP/1.1" 200 10356 "-" "Mozilla/5.0 (compatible; AhrefsBot/4.0; +http://ahrefs.com/robot/)"
173.199.115.179 - - [22/Jun/2013:07:07:09 +0200] "GET /catalog/product_reviews.php/products_id/31/reviews_id/431/language/de HTTP/1.1" 200 10509 "-" "Mozilla/5.0 (compatible; AhrefsBot/4.0; +http://ahrefs.com/robot/)"
173.199.115.179 - - [22/Jun/2013:07:07:17 +0200] "GET /catalog/product_reviews.php/products_id/32/reviews_id/134/page/8/language/de HTTP/1.1" 200 10582 "-" "Mozilla/5.0 (compatible; AhrefsBot/4.0; +http://ahrefs.com/robot/)"
173.199.115.179 - - [22/Jun/2013:07:07:36 +0200] "GET /catalog/product_reviews_write.php/products_id/42/reviews_id/346/page/1 HTTP/1.1" 302 380 "-" "Mozilla/5.0 (compatible; AhrefsBot/4.0; +http://ahrefs.com/robot/)"
173.199.115.179 - - [22/Jun/2013:07:07:48 +0200] "GET /catalog/product_reviews_write.php/products_id/30/reviews_id/534 HTTP/1.1" 302 380 "-" "Mozilla/5.0 (compatible; AhrefsBot/4.0; +http://ahrefs.com/robot/)"
173.199.115.179 - - [22/Jun/2013:07:08:00 +0200] "GET /catalog/index.php/manufacturers_id/12/page/1/sort/2a/action/buy_now/products_id/34 HTTP/1.1" 302 319 "-" "Mozilla/5.0 (compatible; AhrefsBot/4.0; +http://ahrefs.com/robot/)"
173.199.115.179 - - [22/Jun/2013:07:08:05 +0200] "GET /catalog/product_reviews.php/products_id/32/reviews_id/556/page/15 HTTP/1.1" 200 10526 "-" "Mozilla/5.0 (compatible; AhrefsBot/4.0; +http://ahrefs.com/robot/)"
173.199.115.179 - - [22/Jun/2013:07:08:22 +0200] "GET /catalog/product_reviews_write.php/products_id/32/reviews_id/182/page/12 HTTP/1.1" 302 380 "-" "Mozilla/5.0 (compatible; AhrefsBot/4.0; +http://ahrefs.com/robot/)"
66.249.78.83 - - [22/Jun/2013:07:08:49 +0200] "GET /catalog/news.php/language/de HTTP/1.1" 200 11025 "-" "Mozilla/5.0 (compatible; Googlebot/2.1; +http://www.google.com/bot.html)"
173.199.115.179 - - [22/Jun/2013:07:08:50 +0200] "GET /catalog/product_reviews.php/products_id/42/reviews_id/261/page/11 HTTP/1.1" 200 10397 "-" "Mozilla/5.0 (compatible; AhrefsBot/4.0; +http://ahrefs.com/robot/)"
208.115.111.70 - - [22/Jun/2013:07:08:55 +0200] "GET /catalog/faqdesk_info.php/faqPath/9/faqdesk_id/33/language/de HTTP/1.1" 200 33920 "-" "Mozilla/5.0 (compatible; Ezooms/1.0; ezooms.bot@gmail.com)"
208.115.111.70 - - [22/Jun/2013:07:09:03 +0200] "GET /catalog/faqdesk_info.php/faqPath/9/faqdesk_id/36/language/de HTTP/1.1" 200 33883 "-" "Mozilla/5.0 (compatible; Ezooms/1.0; ezooms.bot@gmail.com)"
173.199.115.179 - - [22/Jun/2013:07:09:04 +0200] "GET /catalog/product_reviews.php/products_id/34/reviews_id/179/page/2 HTTP/1.1" 200 10523 "-" "Mozilla/5.0 (compatible; AhrefsBot/4.0; +http://ahrefs.com/robot/)"
208.115.111.70 - - [22/Jun/2013:07:09:06 +0200] "GET /catalog/faqdesk_index.php/faqPath/5/faqdesk_id/2/page/1/sort/1a/language/de HTTP/1.1" 200 40710 "-" "Mozilla/5.0 (compatible; Ezooms/1.0; ezooms.bot@gmail.com)"
173.199.115.179 - - [22/Jun/2013:07:09:24 +0200] "GET /catalog/product_reviews.php/products_id/35/reviews_id/541/page/2/action/buy_now HTTP/1.1" 302 319 "-" "Mozilla/5.0 (compatible; AhrefsBot/4.0; +http://ahrefs.com/robot/)"
208.115.111.70 - - [22/Jun/2013:07:09:35 +0200] "GET /catalog/product_reviews_info.php/products_id/40/reviews_id/44/language/de HTTP/1.1" 200 59978 "-" "Mozilla/5.0 (compatible; Ezooms/1.0; ezooms.bot@gmail.com)"
208.115.111.70 - - [22/Jun/2013:07:09:41 +0200] "GET /catalog/product_reviews_info.php/products_id/42/reviews_id/256/language/de HTTP/1.1" 200 59889 "-" "Mozilla/5.0 (compatible; Ezooms/1.0; ezooms.bot@gmail.com)"
173.199.115.179 - - [22/Jun/2013:07:09:49 +0200] "GET /catalog/product_reviews_write.php/products_id/40/reviews_id/535/page/4 HTTP/1.1" 302 380 "-" "Mozilla/5.0 (compatible; AhrefsBot/4.0; +http://ahrefs.com/robot/)"
173.199.115.179 - - [22/Jun/2013:07:10:11 +0200] "GET /catalog/faqdesk_index.php/faqPath/9/faqdesk_id/28 HTTP/1.1" 200 7363 "-" "Mozilla/5.0 (compatible; AhrefsBot/4.0; +http://ahrefs.com/robot/)"
173.199.115.179 - - [22/Jun/2013:07:10:13 +0200] "GET /catalog/product_reviews.php/manufacturers_id/12/products_id/31/page/1/action/buy_now HTTP/1.1" 302 319 "-" "Mozilla/5.0 (compatible; AhrefsBot/4.0; +http://ahrefs.com/robot/)"
173.199.115.179 - - [22/Jun/2013:07:10:38 +0200] "GET /catalog/product_reviews.php/products_id/32/reviews_id/462/page/6 HTTP/1.1" 200 10573 "-" "Mozilla/5.0 (compatible; AhrefsBot/4.0; +http://ahrefs.com/robot/)"
208.115.111.70 - - [22/Jun/2013:07:10:43 +0200] "GET /catalog/index.php/manufacturers_id/12/page/1/sort/2d/language/de HTTP/1.1" 200 70069 "-" "Mozilla/5.0 (compatible; Ezooms/1.0; ezooms.bot@gmail.com)"
173.199.115.179 - - [22/Jun/2013:07:10:44 +0200] "GET /catalog/product_reviews.php/products_id/31/reviews_id/511/page/2/action/buy_now HTTP/1.1" 302 319 "-" "Mozilla/5.0 (compatible; AhrefsBot/4.0; +http://ahrefs.com/robot/)"
173.199.115.179 - - [22/Jun/2013:07:11:10 +0200] "GET /catalog/faqdesk_index.php/faqPath/9/faqdesk_id/24/page/1/sort/2d/language/de HTTP/1.1" 200 7368 "-" "Mozilla/5.0 (compatible; AhrefsBot/4.0; +http://ahrefs.com/robot/)"
76.119.188.139 - - [22/Jun/2013:07:15:35 +0200] "GET /catalog/images/icon_footbag_netz.gif HTTP/1.1" 200 1557 "http://modified.in/footbag/viewtopic.php?f=11&t=11583" "Mozilla/5.0 (compatible; MSIE 10.0; Windows NT 6.1; Trident/6.0; MAAU; MAAU)"
173.199.115.179 - - [22/Jun/2013:07:17:46 +0200] "GET /catalog/product_reviews_write.php/products_id/32/reviews_id/374/page/7 HTTP/1.1" 302 380 "-" "Mozilla/5.0 (compatible; AhrefsBot/4.0; +http://ahrefs.com/robot/)"
173.199.115.179 - - [22/Jun/2013:07:18:16 +0200] "GET /catalog/product_reviews.php/products_id/42/reviews_id/96/page/7/language/de HTTP/1.1" 200 10406 "-" "Mozilla/5.0 (compatible; AhrefsBot/4.0; +http://ahrefs.com/robot/)"
173.199.115.179 - - [22/Jun/2013:07:18:34 +0200] "GET /catalog/product_reviews.php/products_id/40/reviews_id/192 HTTP/1.1" 200 10268 "-" "Mozilla/5.0 (compatible; AhrefsBot/4.0; +http://ahrefs.com/robot/)"
173.199.115.179 - - [22/Jun/2013:07:19:16 +0200] "GET /catalog/product_reviews.php/products_id/32/reviews_id/395/page/15/language/de HTTP/1.1" 200 10530 "-" "Mozilla/5.0 (compatible; AhrefsBot/4.0; +http://ahrefs.com/robot/)"
66.249.78.83 - - [22/Jun/2013:07:19:19 +0200] "GET /catalog/product_reviews.php/products_id/30/reviews_id/200/page/1/language/de HTTP/1.1" 200 10383 "-" "Mozilla/5.0 (compatible; Googlebot/2.1; +http://www.google.com/bot.html)"
5.199.136.130 - - [22/Jun/2013:07:19:53 +0200] "GET /robots.txt HTTP/1.1" 200 406 "-" "Mozilla/5.0 (compatible; Spiderlytics/1.0; +spider@spiderlytics.com)"
5.199.136.130 - - [22/Jun/2013:07:19:53 +0200] "GET /catalog/product_reviews.php/products_id/34/reviews_id/391/page/7/action/buy_now HTTP/1.1" 302 319 "-" "Mozilla/5.0 (compatible; Spiderlytics/1.0; +spider@spiderlytics.com)"
173.199.115.179 - - [22/Jun/2013:07:19:55 +0200] "GET /catalog/product_reviews_write.php/products_id/32/reviews_id/350/page/18 HTTP/1.1" 302 380 "-" "Mozilla/5.0 (compatible; AhrefsBot/4.0; +http://ahrefs.com/robot/)"
173.199.115.179 - - [22/Jun/2013:07:19:58 +0200] "GET /catalog/product_reviews.php/products_id/31/reviews_id/154 HTTP/1.1" 200 10470 "-" "Mozilla/5.0 (compatible; AhrefsBot/4.0; +http://ahrefs.com/robot/)"
173.199.115.179 - - [22/Jun/2013:07:20:05 +0200] "GET /catalog/product_reviews.php/products_id/32/reviews_id/116/page/9 HTTP/1.1" 200 10625 "-" "Mozilla/5.0 (compatible; AhrefsBot/4.0; +http://ahrefs.com/robot/)"
173.199.115.179 - - [22/Jun/2013:07:20:07 +0200] "GET /catalog/product_reviews.php/products_id/32/reviews_id/135/page/10/action/buy_now HTTP/1.1" 302 319 "-" "Mozilla/5.0 (compatible; AhrefsBot/4.0; +http://ahrefs.com/robot/)"
173.199.115.179 - - [22/Jun/2013:07:20:09 +0200] "GET /catalog/product_reviews.php/products_id/32/reviews_id/144/page/5/language/de HTTP/1.1" 200 10562 "-" "Mozilla/5.0 (compatible; AhrefsBot/4.0; +http://ahrefs.com/robot/)"
173.199.115.179 - - [22/Jun/2013:07:20:10 +0200] "GET /catalog/product_reviews_write.php/products_id/42/reviews_id/217 HTTP/1.1" 302 380 "-" "Mozilla/5.0 (compatible; AhrefsBot/4.0; +http://ahrefs.com/robot/)"
173.199.115.179 - - [22/Jun/2013:07:20:20 +0200] "GET /catalog/product_reviews_write.php/products_id/52/reviews_id/353/page/5 HTTP/1.1" 302 380 "-" "Mozilla/5.0 (compatible; AhrefsBot/4.0; +http://ahrefs.com/robot/)"
173.199.115.179 - - [22/Jun/2013:07:20:32 +0200] "GET /catalog/product_reviews_info.php/products_id/31/reviews_id/10/action/buy_now HTTP/1.1" 302 319 "-" "Mozilla/5.0 (compatible; AhrefsBot/4.0; +http://ahrefs.com/robot/)"
173.199.115.179 - - [22/Jun/2013:07:20:50 +0200] "GET /catalog/product_reviews_write.php/products_id/32/reviews_id/35/page/6 HTTP/1.1" 302 380 "-" "Mozilla/5.0 (compatible; AhrefsBot/4.0; +http://ahrefs.com/robot/)"
173.199.115.179 - - [22/Jun/2013:07:20:54 +0200] "GET /catalog/product_reviews.php/products_id/42/reviews_id/204/page/4 HTTP/1.1" 200 10461 "-" "Mozilla/5.0 (compatible; AhrefsBot/4.0; +http://ahrefs.com/robot/)"
173.199.115.179 - - [22/Jun/2013:07:21:37 +0200] "GET /catalog/index.php/manufacturers_id/12/sort/2a/action/buy_now/products_id/31 HTTP/1.1" 302 319 "-" "Mozilla/5.0 (compatible; AhrefsBot/4.0; +http://ahrefs.com/robot/)"
173.199.115.179 - - [22/Jun/2013:07:22:39 +0200] "GET /catalog/product_reviews.php/products_id/35/reviews_id/559/page/2 HTTP/1.1" 200 10507 "-" "Mozilla/5.0 (compatible; AhrefsBot/4.0; +http://ahrefs.com/robot/)"
173.199.115.179 - - [22/Jun/2013:07:22:52 +0200] "GET /catalog/product_reviews.php/products_id/31/reviews_id/280/page/9/language/de HTTP/1.1" 200 10516 "-" "Mozilla/5.0 (compatible; AhrefsBot/4.0; +http://ahrefs.com/robot/)"
173.199.115.179 - - [22/Jun/2013:07:23:07 +0200] "GET /catalog/product_reviews_write.php/products_id/31/reviews_id/408/page/9 HTTP/1.1" 302 380 "-" "Mozilla/5.0 (compatible; AhrefsBot/4.0; +http://ahrefs.com/robot/)"
173.199.115.179 - - [22/Jun/2013:07:23:11 +0200] "GET /catalog/product_reviews.php/products_id/34/reviews_id/173/page/6/action/buy_now HTTP/1.1" 302 319 "-" "Mozilla/5.0 (compatible; AhrefsBot/4.0; +http://ahrefs.com/robot/)"
173.199.115.179 - - [22/Jun/2013:07:23:36 +0200] "GET /catalog/product_reviews_write.php/products_id/32/reviews_id/471/page/17 HTTP/1.1" 302 380 "-" "Mozilla/5.0 (compatible; AhrefsBot/4.0; +http://ahrefs.com/robot/)"
173.199.115.179 - - [22/Jun/2013:07:23:46 +0200] "GET /catalog/product_reviews.php/products_id/32/reviews_id/319/page/17/language/de HTTP/1.1" 200 10566 "-" "Mozilla/5.0 (compatible; AhrefsBot/4.0; +http://ahrefs.com/robot/)"
173.199.115.179 - - [22/Jun/2013:07:23:54 +0200] "GET /catalog/product_reviews.php/products_id/32/page/3/action/buy_now HTTP/1.1" 302 319 "-" "Mozilla/5.0 (compatible; AhrefsBot/4.0; +http://ahrefs.com/robot/)"
173.199.115.179 - - [22/Jun/2013:07:24:07 +0200] "GET /catalog/product_info.php/manufacturers_id/12/products_id/32 HTTP/1.1" 200 12113 "-" "Mozilla/5.0 (compatible; AhrefsBot/4.0; +http://ahrefs.com/robot/)"
173.199.115.179 - - [22/Jun/2013:07:24:39 +0200] "GET /catalog/product_reviews.php/products_id/32/reviews_id/73/page/4 HTTP/1.1" 200 10563 "-" "Mozilla/5.0 (compatible; AhrefsBot/4.0; +http://ahrefs.com/robot/)"
173.199.115.179 - - [22/Jun/2013:07:25:10 +0200] "GET /catalog/product_reviews_write.php/products_id/42/reviews_id/97/page/6 HTTP/1.1" 302 380 "-" "Mozilla/5.0 (compatible; AhrefsBot/4.0; +http://ahrefs.com/robot/)"
173.199.115.179 - - [22/Jun/2013:07:25:23 +0200] "GET /catalog/product_reviews.php/products_id/34/reviews_id/156/page/5 HTTP/1.1" 200 10464 "-" "Mozilla/5.0 (compatible; AhrefsBot/4.0; +http://ahrefs.com/robot/)"
173.199.115.179 - - [22/Jun/2013:07:25:43 +0200] "GET /catalog/product_reviews.php/products_id/32/reviews_id/106/page/6/language/de HTTP/1.1" 200 10569 "-" "Mozilla/5.0 (compatible; AhrefsBot/4.0; +http://ahrefs.com/robot/)"
173.199.115.179 - - [22/Jun/2013:07:25:46 +0200] "GET /catalog/product_reviews_write.php/products_id/32/reviews_id/556/page/15 HTTP/1.1" 302 380 "-" "Mozilla/5.0 (compatible; AhrefsBot/4.0; +http://ahrefs.com/robot/)"
173.199.115.179 - - [22/Jun/2013:07:25:51 +0200] "GET /catalog/product_reviews_info.php/products_id/32/reviews_id/576/language/de HTTP/1.1" 200 9997 "-" "Mozilla/5.0 (compatible; AhrefsBot/4.0; +http://ahrefs.com/robot/)"
173.199.115.179 - - [22/Jun/2013:07:26:08 +0200] "GET /catalog/product_reviews.php/products_id/47/reviews_id/358/page/2 HTTP/1.1" 200 10386 "-" "Mozilla/5.0 (compatible; AhrefsBot/4.0; +http://ahrefs.com/robot/)"
173.199.115.179 - - [22/Jun/2013:07:26:09 +0200] "GET /catalog/product_reviews.php/products_id/29/reviews_id/142/page/2/language/de HTTP/1.1" 200 10394 "-" "Mozilla/5.0 (compatible; AhrefsBot/4.0; +http://ahrefs.com/robot/)"
173.199.115.179 - - [22/Jun/2013:07:34:02 +0200] "GET /catalog/product_reviews.php/products_id/34/reviews_id/404/page/2/language/de HTTP/1.1" 200 10522 "-" "Mozilla/5.0 (compatible; AhrefsBot/4.0; +http://ahrefs.com/robot/)"
173.199.115.179 - - [22/Jun/2013:07:34:23 +0200] "GET /catalog/product_reviews.php/products_id/32/reviews_id/123/page/17/language/de HTTP/1.1" 200 10575 "-" "Mozilla/5.0 (compatible; AhrefsBot/4.0; +http://ahrefs.com/robot/)"
173.199.115.179 - - [22/Jun/2013:07:34:26 +0200] "GET /catalog/product_reviews.php/products_id/32/reviews_id/57/page/11/language/de HTTP/1.1" 200 10629 "-" "Mozilla/5.0 (compatible; AhrefsBot/4.0; +http://ahrefs.com/robot/)"
173.199.115.179 - - [22/Jun/2013:07:34:37 +0200] "GET /catalog/product_reviews_write.php/products_id/36/reviews_id/147/page/2 HTTP/1.1" 302 380 "-" "Mozilla/5.0 (compatible; AhrefsBot/4.0; +http://ahrefs.com/robot/)"
66.249.78.83 - - [22/Jun/2013:07:34:49 +0200] "GET /catalog/sitemap.php/language/de HTTP/1.1" 200 9568 "-" "Mozilla/5.0 (compatible; Googlebot/2.1; +http://www.google.com/bot.html)"
173.199.115.179 - - [22/Jun/2013:07:34:59 +0200] "GET /catalog/product_reviews_write.php/products_id/31/reviews_id/487/page/9 HTTP/1.1" 302 380 "-" "Mozilla/5.0 (compatible; AhrefsBot/4.0; +http://ahrefs.com/robot/)"
173.199.115.179 - - [22/Jun/2013:07:35:07 +0200] "GET /catalog/product_reviews.php/products_id/32/reviews_id/245/page/13/action/buy_now HTTP/1.1" 302 319 "-" "Mozilla/5.0 (compatible; AhrefsBot/4.0; +http://ahrefs.com/robot/)"
173.199.115.179 - - [22/Jun/2013:07:35:13 +0200] "GET /catalog/product_reviews.php/products_id/32/reviews_id/30/page/2 HTTP/1.1" 200 10578 "-" "Mozilla/5.0 (compatible; AhrefsBot/4.0; +http://ahrefs.com/robot/)"
173.199.115.179 - - [22/Jun/2013:07:35:22 +0200] "GET /catalog/product_reviews.php/products_id/32/reviews_id/376/page/8 HTTP/1.1" 200 10582 "-" "Mozilla/5.0 (compatible; AhrefsBot/4.0; +http://ahrefs.com/robot/)"
173.199.115.179 - - [22/Jun/2013:07:35:29 +0200] "GET /catalog/product_reviews.php/products_id/32/reviews_id/376/page/3 HTTP/1.1" 200 10535 "-" "Mozilla/5.0 (compatible; AhrefsBot/4.0; +http://ahrefs.com/robot/)"
173.199.115.179 - - [22/Jun/2013:07:35:43 +0200] "GET /catalog/product_reviews_write.php/products_id/52/reviews_id/356/page/1 HTTP/1.1" 302 380 "-" "Mozilla/5.0 (compatible; AhrefsBot/4.0; +http://ahrefs.com/robot/)"
74.125.184.86 - - [22/Jun/2013:07:36:07 +0200] "GET /index.php?ref=google HTTP/1.1" 200 3465 "http://www.google.de/url?sa=t&rct=j&q=www.footbag-shop.de%2Bindex&source=web&cd=1&ved=0CDMQFjAA&url=http%3A%2F%2Fwww.footbag-shop.de%2Findex.php%3Fref%3Dgoogle&ei=rjfFUZLBE4LzHKQt&usg=AFQjCNGT_2VYyYggAeZaiqZNZAaHllhJAA" "Mozilla/4.0 (compatible; MSIE 7.0; Windows NT 5.1; .NET CLR 1.1.4322; .NET CLR 2.0.50727; .NET CLR 3.0.4506.2152; .NET CLR 3.5.30729; InfoPath.2)"
74.125.184.81 - - [22/Jun/2013:07:36:08 +0200] "GET /catalog/includes/languages/english/images/icon.gif HTTP/1.1" 200 505 "http://www.footbag-shop.de/index.php?ref=google" "Mozilla/4.0 (compatible; MSIE 7.0; Windows NT 5.1; .NET CLR 1.1.4322; .NET CLR 2.0.50727; .NET CLR 3.0.4506.2152; .NET CLR 3.5.30729; InfoPath.2)"
74.125.184.82 - - [22/Jun/2013:07:36:08 +0200] "GET /pics/enter.png HTTP/1.1" 200 81537 "http://www.footbag-shop.de/index.php?ref=google" "Mozilla/4.0 (compatible; MSIE 7.0; Windows NT 5.1; .NET CLR 1.1.4322; .NET CLR 2.0.50727; .NET CLR 3.0.4506.2152; .NET CLR 3.5.30729; InfoPath.2)"
74.125.185.23 - - [22/Jun/2013:07:36:08 +0200] "GET /chCounter/additional.php?res_width=1024&res_height=768&js=true HTTP/1.1" 200 167 "http://www.footbag-shop.de/index.php?ref=google" "Mozilla/4.0 (compatible; MSIE 7.0; Windows NT 5.1; .NET CLR 1.1.4322; .NET CLR 2.0.50727; .NET CLR 3.0.4506.2152; .NET CLR 3.5.30729; InfoPath.2)"
74.125.185.16 - - [22/Jun/2013:07:36:09 +0200] "GET /favicon.ico HTTP/1.1" 200 2481 "-" "Mozilla/4.0 (compatible; MSIE 7.0; Windows NT 5.1; .NET CLR 1.1.4322; .NET CLR 2.0.50727; .NET CLR 3.0.4506.2152; .NET CLR 3.5.30729; InfoPath.2)"
173.199.115.179 - - [22/Jun/2013:07:36:46 +0200] "GET /catalog/product_reviews.php/products_id/34/reviews_id/272/page/5 HTTP/1.1" 200 10454 "-" "Mozilla/5.0 (compatible; AhrefsBot/4.0; +http://ahrefs.com/robot/)"
173.199.115.179 - - [22/Jun/2013:07:36:59 +0200] "GET /catalog/product_reviews.php/products_id/35/reviews_id/79/page/2/language/de HTTP/1.1" 200 10461 "-" "Mozilla/5.0 (compatible; AhrefsBot/4.0; +http://ahrefs.com/robot/)"
173.199.115.179 - - [22/Jun/2013:07:37:15 +0200] "GET /catalog/product_reviews.php/products_id/34/reviews_id/254/page/4/action/buy_now HTTP/1.1" 302 319 "-" "Mozilla/5.0 (compatible; AhrefsBot/4.0; +http://ahrefs.com/robot/)"
173.199.115.179 - - [22/Jun/2013:07:38:05 +0200] "GET /catalog/product_info.php/cPath//products_id/44 HTTP/1.1" 302 393 "-" "Mozilla/5.0 (compatible; AhrefsBot/4.0; +http://ahrefs.com/robot/)"
173.199.115.179 - - [22/Jun/2013:07:38:14 +0200] "GET /catalog/faqdesk_info.php/faqPath/4_6/faqdesk_id/8/language/de HTTP/1.1" 200 5916 "-" "Mozilla/5.0 (compatible; AhrefsBot/4.0; +http://ahrefs.com/robot/)"
173.199.115.179 - - [22/Jun/2013:07:38:22 +0200] "GET /catalog/product_reviews.php/products_id/32/reviews_id/290 HTTP/1.1" 200 10509 "-" "Mozilla/5.0 (compatible; AhrefsBot/4.0; +http://ahrefs.com/robot/)"
173.199.115.179 - - [22/Jun/2013:07:38:30 +0200] "GET /catalog/product_reviews.php/products_id/42/reviews_id/188/page/4/action/buy_now HTTP/1.1" 302 319 "-" "Mozilla/5.0 (compatible; AhrefsBot/4.0; +http://ahrefs.com/robot/)"
173.199.115.179 - - [22/Jun/2013:07:39:16 +0200] "GET /catalog/product_reviews.php/products_id/32/reviews_id/560/page/7/action/buy_now HTTP/1.1" 302 319 "-" "Mozilla/5.0 (compatible; AhrefsBot/4.0; +http://ahrefs.com/robot/)"
173.199.115.179 - - [22/Jun/2013:07:39:45 +0200] "GET /catalog/product_reviews.php/products_id/34/reviews_id/332/page/1/action/buy_now HTTP/1.1" 302 319 "-" "Mozilla/5.0 (compatible; AhrefsBot/4.0; +http://ahrefs.com/robot/)"
173.199.115.179 - - [22/Jun/2013:07:40:05 +0200] "GET /catalog/product_reviews_write.php/products_id/42/reviews_id/63/page/2 HTTP/1.1" 302 380 "-" "Mozilla/5.0 (compatible; AhrefsBot/4.0; +http://ahrefs.com/robot/)"
173.199.115.179 - - [22/Jun/2013:07:40:13 +0200] "GET /catalog/product_reviews.php/products_id/39/page/1/action/buy_now HTTP/1.1" 302 319 "-" "Mozilla/5.0 (compatible; AhrefsBot/4.0; +http://ahrefs.com/robot/)"
173.199.115.179 - - [22/Jun/2013:07:40:22 +0200] "GET /catalog/product_reviews_write.php/products_id/32/reviews_id/194/page/17 HTTP/1.1" 302 380 "-" "Mozilla/5.0 (compatible; AhrefsBot/4.0; +http://ahrefs.com/robot/)"
173.199.115.179 - - [22/Jun/2013:07:40:28 +0200] "GET /catalog/product_reviews_write.php/products_id/42/reviews_id/158/page/8 HTTP/1.1" 302 380 "-" "Mozilla/5.0 (compatible; AhrefsBot/4.0; +http://ahrefs.com/robot/)"
173.199.115.179 - - [22/Jun/2013:07:40:30 +0200] "GET /catalog/product_reviews.php/products_id/32/reviews_id/43/page/12/action/buy_now HTTP/1.1" 302 319 "-" "Mozilla/5.0 (compatible; AhrefsBot/4.0; +http://ahrefs.com/robot/)"
173.199.115.179 - - [22/Jun/2013:07:40:45 +0200] "GET /catalog/product_reviews.php/products_id/44/reviews_id/196/page/1/action/buy_now HTTP/1.1" 302 319 "-" "Mozilla/5.0 (compatible; AhrefsBot/4.0; +http://ahrefs.com/robot/)"
173.199.115.179 - - [22/Jun/2013:07:44:59 +0200] "GET /catalog/product_reviews.php/products_id/30/reviews_id/201/page/6/action/buy_now HTTP/1.1" 302 319 "-" "Mozilla/5.0 (compatible; AhrefsBot/4.0; +http://ahrefs.com/robot/)"
173.199.115.179 - - [22/Jun/2013:07:45:01 +0200] "GET /catalog/product_reviews.php/products_id/32/reviews_id/17/page/5 HTTP/1.1" 200 10550 "-" "Mozilla/5.0 (compatible; AhrefsBot/4.0; +http://ahrefs.com/robot/)"
173.199.115.179 - - [22/Jun/2013:07:45:05 +0200] "GET /catalog/product_reviews.php/products_id/32/reviews_id/64/page/12/language/de HTTP/1.1" 200 10559 "-" "Mozilla/5.0 (compatible; AhrefsBot/4.0; +http://ahrefs.com/robot/)"
173.199.115.179 - - [22/Jun/2013:07:45:08 +0200] "GET /catalog/product_reviews_info.php/products_id/31/reviews_id/380/language/de HTTP/1.1" 200 9783 "-" "Mozilla/5.0 (compatible; AhrefsBot/4.0; +http://ahrefs.com/robot/)"
173.199.115.179 - - [22/Jun/2013:07:45:36 +0200] "GET /catalog/product_reviews.php/products_id/32/reviews_id/296/page/12/action/buy_now HTTP/1.1" 302 319 "-" "Mozilla/5.0 (compatible; AhrefsBot/4.0; +http://ahrefs.com/robot/)"
173.199.115.179 - - [22/Jun/2013:07:46:10 +0200] "GET /catalog/index.php/cPath/23/page/1/sort/3d/action/buy_now/products_id/50 HTTP/1.1" 302 319 "-" "Mozilla/5.0 (compatible; AhrefsBot/4.0; +http://ahrefs.com/robot/)"
173.199.115.179 - - [22/Jun/2013:07:46:29 +0200] "GET /catalog/product_reviews_write.php/products_id/32/reviews_id/374/page/13 HTTP/1.1" 302 380 "-" "Mozilla/5.0 (compatible; AhrefsBot/4.0; +http://ahrefs.com/robot/)"
173.199.115.179 - - [22/Jun/2013:07:46:50 +0200] "GET /catalog/product_reviews.php/products_id/32/reviews_id/180/page/17/action/buy_now HTTP/1.1" 302 319 "-" "Mozilla/5.0 (compatible; AhrefsBot/4.0; +http://ahrefs.com/robot/)"
173.199.115.179 - - [22/Jun/2013:07:47:02 +0200] "GET /catalog/product_reviews.php/products_id/32/reviews_id/216/page/9 HTTP/1.1" 200 10628 "-" "Mozilla/5.0 (compatible; AhrefsBot/4.0; +http://ahrefs.com/robot/)"
173.199.115.179 - - [22/Jun/2013:07:47:08 +0200] "GET /catalog/product_reviews.php/products_id/42/reviews_id/199/page/11 HTTP/1.1" 200 10392 "-" "Mozilla/5.0 (compatible; AhrefsBot/4.0; +http://ahrefs.com/robot/)"
173.199.115.179 - - [22/Jun/2013:07:47:11 +0200] "GET /catalog/product_reviews_write.php/products_id/36/reviews_id/390/page/3 HTTP/1.1" 302 380 "-" "Mozilla/5.0 (compatible; AhrefsBot/4.0; +http://ahrefs.com/robot/)"
173.199.115.179 - - [22/Jun/2013:07:47:32 +0200] "GET /catalog/product_reviews.php/products_id/32/reviews_id/437/page/1/language/de HTTP/1.1" 200 10526 "-" "Mozilla/5.0 (compatible; AhrefsBot/4.0; +http://ahrefs.com/robot/)"
173.199.115.179 - - [22/Jun/2013:07:47:54 +0200] "GET /catalog/product_reviews_write.php/products_id/32/reviews_id/389/page/14 HTTP/1.1" 302 380 "-" "Mozilla/5.0 (compatible; AhrefsBot/4.0; +http://ahrefs.com/robot/)"
66.249.78.83 - - [22/Jun/2013:07:48:07 +0200] "GET /catalog/product_reviews.php/products_id/31/reviews_id/10/page/2/language/de HTTP/1.1" 200 10499 "-" "Mozilla/5.0 (compatible; Googlebot/2.1; +http://www.google.com/bot.html)"
173.199.115.179 - - [22/Jun/2013:07:48:07 +0200] "GET /catalog/faqdesk_index.php/faqPath/9/faqdesk_id/29/language/de HTTP/1.1" 200 7364 "-" "Mozilla/5.0 (compatible; AhrefsBot/4.0; +http://ahrefs.com/robot/)"
173.199.115.179 - - [22/Jun/2013:07:48:07 +0200] "GET /catalog/product_reviews.php/products_id/30/reviews_id/193/page/4/language/de HTTP/1.1" 200 10437 "-" "Mozilla/5.0 (compatible; AhrefsBot/4.0; +http://ahrefs.com/robot/)"
173.199.115.179 - - [22/Jun/2013:07:48:18 +0200] "GET /catalog/product_reviews.php/products_id/31/reviews_id/154/page/4 HTTP/1.1" 200 10531 "-" "Mozilla/5.0 (compatible; AhrefsBot/4.0; +http://ahrefs.com/robot/)"
173.199.115.179 - - [22/Jun/2013:07:48:28 +0200] "GET /catalog/product_reviews.php/products_id/42/reviews_id/26/page/8 HTTP/1.1" 200 10433 "-" "Mozilla/5.0 (compatible; AhrefsBot/4.0; +http://ahrefs.com/robot/)"
173.199.115.179 - - [22/Jun/2013:07:48:31 +0200] "GET /catalog/product_reviews_write.php/manufacturers_id/12/products_id/36 HTTP/1.1" 302 380 "-" "Mozilla/5.0 (compatible; AhrefsBot/4.0; +http://ahrefs.com/robot/)"
173.199.115.179 - - [22/Jun/2013:07:48:50 +0200] "GET /catalog/product_reviews.php/products_id/42/reviews_id/206/page/4 HTTP/1.1" 200 10459 "-" "Mozilla/5.0 (compatible; AhrefsBot/4.0; +http://ahrefs.com/robot/)"
173.199.115.179 - - [22/Jun/2013:07:49:13 +0200] "GET /catalog/product_reviews_write.php/products_id/40/reviews_id/60/page/6 HTTP/1.1" 302 380 "-" "Mozilla/5.0 (compatible; AhrefsBot/4.0; +http://ahrefs.com/robot/)"
173.199.115.179 - - [22/Jun/2013:07:49:20 +0200] "GET /catalog/product_reviews.php/products_id/31/reviews_id/494/page/6/action/buy_now HTTP/1.1" 302 319 "-" "Mozilla/5.0 (compatible; AhrefsBot/4.0; +http://ahrefs.com/robot/)"
173.199.115.179 - - [22/Jun/2013:07:49:39 +0200] "GET /catalog/product_reviews_write.php/products_id/34/reviews_id/298/page/7 HTTP/1.1" 302 380 "-" "Mozilla/5.0 (compatible; AhrefsBot/4.0; +http://ahrefs.com/robot/)"
173.199.115.179 - - [22/Jun/2013:07:49:56 +0200] "GET /catalog/product_reviews.php/products_id/30/reviews_id/336/page/3/language/de HTTP/1.1" 200 10484 "-" "Mozilla/5.0 (compatible; AhrefsBot/4.0; +http://ahrefs.com/robot/)"
173.199.115.179 - - [22/Jun/2013:07:50:10 +0200] "GET /catalog/product_reviews.php/products_id/32/reviews_id/180/page/16/action/buy_now HTTP/1.1" 302 319 "-" "Mozilla/5.0 (compatible; AhrefsBot/4.0; +http://ahrefs.com/robot/)"
173.199.115.179 - - [22/Jun/2013:07:50:36 +0200] "GET /catalog/product_reviews_write.php/products_id/32/reviews_id/576/page/17 HTTP/1.1" 302 380 "-" "Mozilla/5.0 (compatible; AhrefsBot/4.0; +http://ahrefs.com/robot/)"
173.199.115.179 - - [22/Jun/2013:07:51:02 +0200] "GET /catalog/product_reviews.php/products_id/31/reviews_id/409/page/3/action/buy_now HTTP/1.1" 302 319 "-" "Mozilla/5.0 (compatible; AhrefsBot/4.0; +http://ahrefs.com/robot/)"
173.199.115.179 - - [22/Jun/2013:07:51:09 +0200] "GET /catalog/product_reviews_write.php/products_id/31/reviews_id/253/page/5 HTTP/1.1" 302 380 "-" "Mozilla/5.0 (compatible; AhrefsBot/4.0; +http://ahrefs.com/robot/)"
173.199.115.179 - - [22/Jun/2013:07:51:17 +0200] "GET /catalog/product_reviews.php/products_id/31/reviews_id/359/page/7/language/de HTTP/1.1" 200 10524 "-" "Mozilla/5.0 (compatible; AhrefsBot/4.0; +http://ahrefs.com/robot/)"
173.199.115.179 - - [22/Jun/2013:07:51:42 +0200] "GET /catalog/product_reviews_write.php/products_id/40/reviews_id/244/page/3 HTTP/1.1" 302 380 "-" "Mozilla/5.0 (compatible; AhrefsBot/4.0; +http://ahrefs.com/robot/)"
173.199.115.179 - - [22/Jun/2013:07:53:08 +0200] "GET /catalog/product_reviews.php/products_id/34/reviews_id/504/page/5 HTTP/1.1" 200 10459 "-" "Mozilla/5.0 (compatible; AhrefsBot/4.0; +http://ahrefs.com/robot/)"
173.199.115.179 - - [22/Jun/2013:07:54:02 +0200] "GET /catalog/product_reviews.php/products_id/40/reviews_id/118/page/6 HTTP/1.1" 200 9996 "-" "Mozilla/5.0 (compatible; AhrefsBot/4.0; +http://ahrefs.com/robot/)"
182.118.25.237 - - [22/Jun/2013:07:54:22 +0200] "GET / HTTP/1.1" 200 2969 "http://www.footbag-shop.de/" "Mozilla/5.0 (Windows; U; Windows NT 5.1; zh-CN; rv:1.8.0.11)  Firefox/1.5.0.11; 360Spider"
173.199.115.179 - - [22/Jun/2013:07:54:27 +0200] "GET /catalog/product_reviews_write.php/products_id/34/reviews_id/415/page/1 HTTP/1.1" 302 380 "-" "Mozilla/5.0 (compatible; AhrefsBot/4.0; +http://ahrefs.com/robot/)"
173.199.115.179 - - [22/Jun/2013:07:54:43 +0200] "GET /catalog/product_reviews_write.php/products_id/32/reviews_id/57/page/20 HTTP/1.1" 302 380 "-" "Mozilla/5.0 (compatible; AhrefsBot/4.0; +http://ahrefs.com/robot/)"
173.199.115.179 - - [22/Jun/2013:07:54:55 +0200] "GET /catalog/product_reviews_write.php/products_id/40/reviews_id/214/page/1 HTTP/1.1" 302 380 "-" "Mozilla/5.0 (compatible; AhrefsBot/4.0; +http://ahrefs.com/robot/)"
173.199.115.179 - - [22/Jun/2013:07:55:45 +0200] "GET /catalog/product_reviews.php/products_id/32/reviews_id/258/page/13/language/de HTTP/1.1" 200 10587 "-" "Mozilla/5.0 (compatible; AhrefsBot/4.0; +http://ahrefs.com/robot/)"
173.199.115.179 - - [22/Jun/2013:07:56:12 +0200] "GET /catalog/product_reviews_write.php/products_id/32/reviews_id/319/page/8 HTTP/1.1" 302 380 "-" "Mozilla/5.0 (compatible; AhrefsBot/4.0; +http://ahrefs.com/robot/)"
173.199.115.179 - - [22/Jun/2013:07:59:28 +0200] "GET /catalog/product_reviews.php/products_id/34/reviews_id/173/page/2 HTTP/1.1" 200 10523 "-" "Mozilla/5.0 (compatible; AhrefsBot/4.0; +http://ahrefs.com/robot/)"
173.199.115.179 - - [22/Jun/2013:07:59:36 +0200] "GET /catalog/product_reviews_write.php/products_id/42/reviews_id/231/page/8 HTTP/1.1" 302 380 "-" "Mozilla/5.0 (compatible; AhrefsBot/4.0; +http://ahrefs.com/robot/)"
173.199.115.179 - - [22/Jun/2013:07:59:39 +0200] "GET /catalog/product_reviews.php/products_id/42/reviews_id/262/page/8/action/buy_now HTTP/1.1" 302 319 "-" "Mozilla/5.0 (compatible; AhrefsBot/4.0; +http://ahrefs.com/robot/)"
173.199.115.179 - - [22/Jun/2013:07:59:51 +0200] "GET /catalog/product_reviews.php/products_id/29/reviews_id/398 HTTP/1.1" 200 10325 "-" "Mozilla/5.0 (compatible; AhrefsBot/4.0; +http://ahrefs.com/robot/)"
173.199.115.179 - - [22/Jun/2013:08:00:18 +0200] "GET /catalog/product_reviews.php/products_id/32/reviews_id/73/page/16 HTTP/1.1" 200 10546 "-" "Mozilla/5.0 (compatible; AhrefsBot/4.0; +http://ahrefs.com/robot/)"
173.199.115.179 - - [22/Jun/2013:08:00:21 +0200] "GET /catalog/product_reviews.php/products_id/32/reviews_id/22/page/16/action/buy_now HTTP/1.1" 302 319 "-" "Mozilla/5.0 (compatible; AhrefsBot/4.0; +http://ahrefs.com/robot/)"
173.199.115.179 - - [22/Jun/2013:08:00:33 +0200] "GET /catalog/product_reviews.php/products_id/32/reviews_id/395/page/4 HTTP/1.1" 200 10564 "-" "Mozilla/5.0 (compatible; AhrefsBot/4.0; +http://ahrefs.com/robot/)"
173.199.115.179 - - [22/Jun/2013:08:00:36 +0200] "GET /catalog/product_reviews.php/products_id/32/reviews_id/236/page/7 HTTP/1.1" 200 10629 "-" "Mozilla/5.0 (compatible; AhrefsBot/4.0; +http://ahrefs.com/robot/)"
173.199.115.179 - - [22/Jun/2013:08:00:50 +0200] "GET /catalog/product_reviews.php/products_id/32/reviews_id/263/page/8/language/de HTTP/1.1" 200 10592 "-" "Mozilla/5.0 (compatible; AhrefsBot/4.0; +http://ahrefs.com/robot/)"
173.199.115.179 - - [22/Jun/2013:08:01:07 +0200] "GET /catalog/product_reviews.php/products_id/42/reviews_id/176/page/1/language/de HTTP/1.1" 200 10360 "-" "Mozilla/5.0 (compatible; AhrefsBot/4.0; +http://ahrefs.com/robot/)"
173.199.115.179 - - [22/Jun/2013:08:01:09 +0200] "GET /catalog/faqdesk_index.php/faqPath/6/faqdesk_id/9/page/1/sort/1d/language/de HTTP/1.1" 200 6040 "-" "Mozilla/5.0 (compatible; AhrefsBot/4.0; +http://ahrefs.com/robot/)"
173.199.115.179 - - [22/Jun/2013:08:01:31 +0200] "GET /catalog/product_reviews.php/products_id/32/reviews_id/576/page/12/action/buy_now HTTP/1.1" 302 319 "-" "Mozilla/5.0 (compatible; AhrefsBot/4.0; +http://ahrefs.com/robot/)"
173.199.115.179 - - [22/Jun/2013:08:01:41 +0200] "GET /catalog/product_reviews.php/products_id/40/reviews_id/348/page/6 HTTP/1.1" 200 10007 "-" "Mozilla/5.0 (compatible; AhrefsBot/4.0; +http://ahrefs.com/robot/)"
173.199.115.179 - - [22/Jun/2013:08:02:07 +0200] "GET /catalog/product_reviews.php/products_id/42/reviews_id/205/page/12 HTTP/1.1" 200 10031 "-" "Mozilla/5.0 (compatible; AhrefsBot/4.0; +http://ahrefs.com/robot/)"
173.199.115.179 - - [22/Jun/2013:08:02:18 +0200] "GET /catalog/product_reviews.php/products_id/32/reviews_id/437/page/6 HTTP/1.1" 200 10566 "-" "Mozilla/5.0 (compatible; AhrefsBot/4.0; +http://ahrefs.com/robot/)"
173.199.115.179 - - [22/Jun/2013:08:02:35 +0200] "GET /catalog/product_reviews.php/products_id/47/reviews_id/240/page/5/action/buy_now HTTP/1.1" 302 319 "-" "Mozilla/5.0 (compatible; AhrefsBot/4.0; +http://ahrefs.com/robot/)"
173.199.115.179 - - [22/Jun/2013:08:02:36 +0200] "GET /catalog/product_reviews.php/products_id/32/reviews_id/167/page/3/action/buy_now HTTP/1.1" 302 319 "-" "Mozilla/5.0 (compatible; AhrefsBot/4.0; +http://ahrefs.com/robot/)"
173.199.115.179 - - [22/Jun/2013:08:02:43 +0200] "GET /catalog/product_reviews_write.php/products_id/42/reviews_id/131/page/3 HTTP/1.1" 302 380 "-" "Mozilla/5.0 (compatible; AhrefsBot/4.0; +http://ahrefs.com/robot/)"
173.199.115.179 - - [22/Jun/2013:08:03:09 +0200] "GET /catalog/product_reviews.php/products_id/40/page/4/action/buy_now HTTP/1.1" 302 319 "-" "Mozilla/5.0 (compatible; AhrefsBot/4.0; +http://ahrefs.com/robot/)"
66.249.78.83 - - [22/Jun/2013:08:03:30 +0200] "GET /catalog/product_info.php/products_id/37/language/de HTTP/1.1" 200 11535 "-" "Mozilla/5.0 (compatible; Googlebot/2.1; +http://www.google.com/bot.html)"
173.199.115.179 - - [22/Jun/2013:08:03:30 +0200] "GET /catalog/product_reviews.php/products_id/32/reviews_id/576/page/14/language/de HTTP/1.1" 200 10623 "-" "Mozilla/5.0 (compatible; AhrefsBot/4.0; +http://ahrefs.com/robot/)"
173.199.115.179 - - [22/Jun/2013:08:04:04 +0200] "GET /catalog/product_reviews.php/products_id/32/reviews_id/116/page/11/action/buy_now HTTP/1.1" 302 319 "-" "Mozilla/5.0 (compatible; AhrefsBot/4.0; +http://ahrefs.com/robot/)"
173.199.115.179 - - [22/Jun/2013:08:04:46 +0200] "GET /catalog/product_reviews_info.php/products_id/30/reviews_id/534/action/buy_now HTTP/1.1" 302 319 "-" "Mozilla/5.0 (compatible; AhrefsBot/4.0; +http://ahrefs.com/robot/)"
173.199.115.179 - - [22/Jun/2013:08:05:01 +0200] "GET /catalog/product_reviews.php/products_id/32/reviews_id/471/page/12 HTTP/1.1" 200 10552 "-" "Mozilla/5.0 (compatible; AhrefsBot/4.0; +http://ahrefs.com/robot/)"
173.199.115.179 - - [22/Jun/2013:08:05:10 +0200] "GET /catalog/product_reviews.php/products_id/32/reviews_id/236/page/14/action/buy_now HTTP/1.1" 302 319 "-" "Mozilla/5.0 (compatible; AhrefsBot/4.0; +http://ahrefs.com/robot/)"
173.199.115.179 - - [22/Jun/2013:08:05:20 +0200] "GET /catalog/product_reviews_write.php/products_id/34/reviews_id/190/page/3 HTTP/1.1" 302 380 "-" "Mozilla/5.0 (compatible; AhrefsBot/4.0; +http://ahrefs.com/robot/)"
173.199.115.179 - - [22/Jun/2013:08:05:42 +0200] "GET /catalog/product_info.php/manufacturers_id/12/products_id/38/language/de HTTP/1.1" 200 12059 "-" "Mozilla/5.0 (compatible; AhrefsBot/4.0; +http://ahrefs.com/robot/)"
173.199.115.179 - - [22/Jun/2013:08:06:00 +0200] "GET /catalog/product_reviews_write.php/products_id/31/reviews_id/436/page/9 HTTP/1.1" 302 380 "-" "Mozilla/5.0 (compatible; AhrefsBot/4.0; +http://ahrefs.com/robot/)"
173.199.115.179 - - [22/Jun/2013:08:06:08 +0200] "GET /catalog/product_reviews.php/products_id/30/reviews_id/75/page/3 HTTP/1.1" 200 10472 "-" "Mozilla/5.0 (compatible; AhrefsBot/4.0; +http://ahrefs.com/robot/)"
173.199.115.179 - - [22/Jun/2013:08:06:17 +0200] "GET /catalog/product_reviews.php/products_id/32/reviews_id/543/page/11/language/de HTTP/1.1" 200 10626 "-" "Mozilla/5.0 (compatible; AhrefsBot/4.0; +http://ahrefs.com/robot/)"
173.199.115.179 - - [22/Jun/2013:08:06:34 +0200] "GET /catalog/product_reviews_write.php/products_id/32/reviews_id/306/page/17 HTTP/1.1" 302 380 "-" "Mozilla/5.0 (compatible; AhrefsBot/4.0; +http://ahrefs.com/robot/)"
173.199.115.179 - - [22/Jun/2013:08:06:55 +0200] "GET /catalog/product_reviews_write.php/products_id/32/reviews_id/471/page/6 HTTP/1.1" 302 380 "-" "Mozilla/5.0 (compatible; AhrefsBot/4.0; +http://ahrefs.com/robot/)"
173.199.115.179 - - [22/Jun/2013:08:07:17 +0200] "GET /catalog/product_reviews.php/products_id/32/reviews_id/461/page/14 HTTP/1.1" 200 10603 "-" "Mozilla/5.0 (compatible; AhrefsBot/4.0; +http://ahrefs.com/robot/)"
173.199.115.179 - - [22/Jun/2013:08:07:43 +0200] "GET /catalog/product_reviews_write.php/products_id/32/reviews_id/106/page/6 HTTP/1.1" 302 380 "-" "Mozilla/5.0 (compatible; AhrefsBot/4.0; +http://ahrefs.com/robot/)"
173.199.115.179 - - [22/Jun/2013:08:07:49 +0200] "GET /catalog/product_reviews.php/products_id/36/reviews_id/153/page/2/language/de HTTP/1.1" 200 10486 "-" "Mozilla/5.0 (compatible; AhrefsBot/4.0; +http://ahrefs.com/robot/)"
173.199.115.179 - - [22/Jun/2013:08:07:50 +0200] "GET /catalog/product_reviews.php/products_id/30/reviews_id/336/page/4 HTTP/1.1" 200 10440 "-" "Mozilla/5.0 (compatible; AhrefsBot/4.0; +http://ahrefs.com/robot/)"
173.199.115.179 - - [22/Jun/2013:08:07:50 +0200] "GET /catalog/product_reviews.php/products_id/32/reviews_id/319/page/19 HTTP/1.1" 200 10591 "-" "Mozilla/5.0 (compatible; AhrefsBot/4.0; +http://ahrefs.com/robot/)"
173.199.115.179 - - [22/Jun/2013:08:07:51 +0200] "GET /catalog/product_reviews.php/products_id/31/reviews_id/414/page/4/action/buy_now HTTP/1.1" 302 319 "-" "Mozilla/5.0 (compatible; AhrefsBot/4.0; +http://ahrefs.com/robot/)"
173.199.115.179 - - [22/Jun/2013:08:08:16 +0200] "GET /catalog/product_reviews.php/products_id/31/reviews_id/447/page/4/language/de HTTP/1.1" 200 10532 "-" "Mozilla/5.0 (compatible; AhrefsBot/4.0; +http://ahrefs.com/robot/)"
5.199.136.130 - - [22/Jun/2013:08:08:53 +0200] "GET /catalog/product_reviews.php/products_id/32/reviews_id/64/page/13 HTTP/1.1" 200 10597 "-" "Mozilla/5.0 (compatible; Spiderlytics/1.0; +spider@spiderlytics.com)"
173.199.115.179 - - [22/Jun/2013:08:09:00 +0200] "GET /catalog/product_reviews.php/products_id/32/reviews_id/544/page/20/action/buy_now HTTP/1.1" 302 319 "-" "Mozilla/5.0 (compatible; AhrefsBot/4.0; +http://ahrefs.com/robot/)"
173.199.115.179 - - [22/Jun/2013:08:09:02 +0200] "GET /catalog/product_reviews_write.php/products_id/32/reviews_id/283/page/3 HTTP/1.1" 302 380 "-" "Mozilla/5.0 (compatible; AhrefsBot/4.0; +http://ahrefs.com/robot/)"
173.199.115.179 - - [22/Jun/2013:08:09:36 +0200] "GET /catalog/product_reviews.php/products_id/42/page/9 HTTP/1.1" 200 10401 "-" "Mozilla/5.0 (compatible; AhrefsBot/4.0; +http://ahrefs.com/robot/)"
173.199.115.179 - - [22/Jun/2013:08:09:45 +0200] "GET /catalog/product_reviews.php/products_id/32/reviews_id/376/page/5/language/de HTTP/1.1" 200 10552 "-" "Mozilla/5.0 (compatible; AhrefsBot/4.0; +http://ahrefs.com/robot/)"
173.199.115.179 - - [22/Jun/2013:08:10:20 +0200] "GET /catalog/product_reviews.php/products_id/31/reviews_id/568/page/1/action/buy_now HTTP/1.1" 302 319 "-" "Mozilla/5.0 (compatible; AhrefsBot/4.0; +http://ahrefs.com/robot/)"
173.199.115.179 - - [22/Jun/2013:08:10:46 +0200] "GET /catalog/product_reviews_write.php/products_id/35/reviews_id/79/page/1 HTTP/1.1" 302 380 "-" "Mozilla/5.0 (compatible; AhrefsBot/4.0; +http://ahrefs.com/robot/)"
109.84.0.114 - - [22/Jun/2013:08:13:10 +0200] "GET /chCounter/additional.php?res_width=320&res_height=480&js=true HTTP/1.1" 200 167 "http://www.hacky-sack-shop.de/catalog/index.php/cPath/23?gclid=CK7wp4yB97cCFavHtAod9CMAtw" "Mozilla/5.0 (iPhone; CPU iPhone OS 6_1_2 like Mac OS X) AppleWebKit/536.26 (KHTML, like Gecko) Version/6.0 Mobile/10B146 Safari/8536.25"
173.199.115.179 - - [22/Jun/2013:08:15:21 +0200] "GET /catalog/product_reviews.php/products_id/34/reviews_id/69/page/1 HTTP/1.1" 200 10368 "-" "Mozilla/5.0 (compatible; AhrefsBot/4.0; +http://ahrefs.com/robot/)"
173.199.115.179 - - [22/Jun/2013:08:15:30 +0200] "GET /catalog/product_reviews_write.php/products_id/30/reviews_id/88 HTTP/1.1" 302 380 "-" "Mozilla/5.0 (compatible; AhrefsBot/4.0; +http://ahrefs.com/robot/)"
173.199.115.179 - - [22/Jun/2013:08:15:45 +0200] "GET /catalog/product_reviews_info.php/products_id/39/reviews_id/295/action/buy_now HTTP/1.1" 302 319 "-" "Mozilla/5.0 (compatible; AhrefsBot/4.0; +http://ahrefs.com/robot/)"
173.199.115.179 - - [22/Jun/2013:08:15:51 +0200] "GET /catalog/product_reviews.php/products_id/35/action/buy_now HTTP/1.1" 302 319 "-" "Mozilla/5.0 (compatible; AhrefsBot/4.0; +http://ahrefs.com/robot/)"
173.199.115.179 - - [22/Jun/2013:08:16:12 +0200] "GET /catalog/product_reviews.php/products_id/47/reviews_id/334/language/de HTTP/1.1" 200 10335 "-" "Mozilla/5.0 (compatible; AhrefsBot/4.0; +http://ahrefs.com/robot/)"
173.199.115.179 - - [22/Jun/2013:08:16:27 +0200] "GET /catalog/product_reviews.php/products_id/32/reviews_id/106/page/3/language/de HTTP/1.1" 200 10547 "-" "Mozilla/5.0 (compatible; AhrefsBot/4.0; +http://ahrefs.com/robot/)"
66.249.78.83 - - [22/Jun/2013:08:16:55 +0200] "GET /catalog/product_reviews.php/products_id/31/reviews_id/483/language/de HTTP/1.1" 200 10505 "-" "Mozilla/5.0 (compatible; Googlebot/2.1; +http://www.google.com/bot.html)"
173.199.115.179 - - [22/Jun/2013:08:17:10 +0200] "GET /catalog/product_reviews.php/products_id/47/reviews_id/354/page/6 HTTP/1.1" 200 9884 "-" "Mozilla/5.0 (compatible; AhrefsBot/4.0; +http://ahrefs.com/robot/)"
173.199.115.179 - - [22/Jun/2013:08:17:12 +0200] "GET /catalog/product_reviews_write.php/products_id/32/reviews_id/66/page/4 HTTP/1.1" 302 380 "-" "Mozilla/5.0 (compatible; AhrefsBot/4.0; +http://ahrefs.com/robot/)"
173.199.115.179 - - [22/Jun/2013:08:17:56 +0200] "GET /catalog/product_reviews_write.php/manufacturers_id/18/products_id/52/page/3 HTTP/1.1" 302 380 "-" "Mozilla/5.0 (compatible; AhrefsBot/4.0; +http://ahrefs.com/robot/)"
173.199.115.179 - - [22/Jun/2013:08:18:11 +0200] "GET /catalog/product_reviews_write.php/products_id/32/reviews_id/546/page/6 HTTP/1.1" 302 380 "-" "Mozilla/5.0 (compatible; AhrefsBot/4.0; +http://ahrefs.com/robot/)"
173.199.115.179 - - [22/Jun/2013:08:18:19 +0200] "GET /catalog/product_reviews.php/products_id/32/reviews_id/238/page/12/action/buy_now HTTP/1.1" 302 319 "-" "Mozilla/5.0 (compatible; AhrefsBot/4.0; +http://ahrefs.com/robot/)"
173.199.115.179 - - [22/Jun/2013:08:18:25 +0200] "GET /catalog/product_reviews_write.php/products_id/32/reviews_id/468/page/19 HTTP/1.1" 302 380 "-" "Mozilla/5.0 (compatible; AhrefsBot/4.0; +http://ahrefs.com/robot/)"
173.199.115.179 - - [22/Jun/2013:08:18:31 +0200] "GET /catalog/product_reviews.php/products_id/32/reviews_id/402/page/3/language/de HTTP/1.1" 200 10547 "-" "Mozilla/5.0 (compatible; AhrefsBot/4.0; +http://ahrefs.com/robot/)"
173.199.115.179 - - [22/Jun/2013:08:18:46 +0200] "GET /catalog/product_reviews_write.php/products_id/34/reviews_id/309/page/1 HTTP/1.1" 302 380 "-" "Mozilla/5.0 (compatible; AhrefsBot/4.0; +http://ahrefs.com/robot/)"
173.199.115.179 - - [22/Jun/2013:08:18:53 +0200] "GET /catalog/product_reviews.php/products_id/32/reviews_id/123/page/13/language/de HTTP/1.1" 200 10597 "-" "Mozilla/5.0 (compatible; AhrefsBot/4.0; +http://ahrefs.com/robot/)"
173.199.115.179 - - [22/Jun/2013:08:18:58 +0200] "GET /catalog/product_reviews_write.php/products_id/42/reviews_id/199/page/11 HTTP/1.1" 302 380 "-" "Mozilla/5.0 (compatible; AhrefsBot/4.0; +http://ahrefs.com/robot/)"
173.199.115.179 - - [22/Jun/2013:08:19:02 +0200] "GET /catalog/product_reviews.php/products_id/35/reviews_id/282/action/buy_now HTTP/1.1" 302 319 "-" "Mozilla/5.0 (compatible; AhrefsBot/4.0; +http://ahrefs.com/robot/)"
173.199.115.179 - - [22/Jun/2013:08:19:16 +0200] "GET /catalog/product_reviews_write.php/products_id/34/reviews_id/298/page/3 HTTP/1.1" 302 380 "-" "Mozilla/5.0 (compatible; AhrefsBot/4.0; +http://ahrefs.com/robot/)"
173.199.115.179 - - [22/Jun/2013:08:19:25 +0200] "GET /catalog/product_reviews.php/products_id/32/reviews_id/556/page/3/language/de HTTP/1.1" 200 10537 "-" "Mozilla/5.0 (compatible; AhrefsBot/4.0; +http://ahrefs.com/robot/)"
173.199.115.179 - - [22/Jun/2013:08:19:36 +0200] "GET /catalog/product_reviews_write.php/products_id/32/reviews_id/350 HTTP/1.1" 302 380 "-" "Mozilla/5.0 (compatible; AhrefsBot/4.0; +http://ahrefs.com/robot/)"
173.199.115.179 - - [22/Jun/2013:08:19:46 +0200] "GET /catalog/product_reviews.php/products_id/30/reviews_id/442/page/3/action/buy_now HTTP/1.1" 302 319 "-" "Mozilla/5.0 (compatible; AhrefsBot/4.0; +http://ahrefs.com/robot/)"
173.199.115.179 - - [22/Jun/2013:08:19:47 +0200] "GET /catalog/product_reviews_write.php/products_id/31/reviews_id/293/page/6 HTTP/1.1" 302 380 "-" "Mozilla/5.0 (compatible; AhrefsBot/4.0; +http://ahrefs.com/robot/)"
173.199.115.179 - - [22/Jun/2013:08:20:39 +0200] "GET /catalog/product_reviews_info.php/products_id/47/reviews_id/508/action/buy_now HTTP/1.1" 302 319 "-" "Mozilla/5.0 (compatible; AhrefsBot/4.0; +http://ahrefs.com/robot/)"
173.199.115.179 - - [22/Jun/2013:08:20:49 +0200] "GET /catalog/product_reviews_write.php/products_id/32/reviews_id/8/page/7 HTTP/1.1" 302 380 "-" "Mozilla/5.0 (compatible; AhrefsBot/4.0; +http://ahrefs.com/robot/)"
173.199.115.179 - - [22/Jun/2013:08:21:23 +0200] "GET /catalog/product_reviews_write.php/products_id/32/reviews_id/93/page/3 HTTP/1.1" 302 380 "-" "Mozilla/5.0 (compatible; AhrefsBot/4.0; +http://ahrefs.com/robot/)"
