173.199.115.179 - - [22/Jun/2013:00:24:17 +0200] "GET /catalog/product_reviews.php/products_id/42/reviews_id/247/page/3/language/de HTTP/1.1" 200 10409 "-" "Mozilla/5.0 (compatible; AhrefsBot/4.0; +http://ahrefs.com/robot/)"
173.199.115.179 - - [22/Jun/2013:00:24:17 +0200] "GET /catalog/product_reviews.php/products_id/44/reviews_id/267/action/buy_now HTTP/1.1" 302 319 "-" "Mozilla/5.0 (compatible; AhrefsBot/4.0; +http://ahrefs.com/robot/)"
173.199.115.179 - - [22/Jun/2013:00:24:45 +0200] "GET /catalog/faqdesk_index.php/faqPath/5/faqdesk_id/1 HTTP/1.1" 200 5991 "-" "Mozilla/5.0 (compatible; AhrefsBot/4.0; +http://ahrefs.com/robot/)"
173.199.115.179 - - [22/Jun/2013:00:24:51 +0200] "GET /catalog/product_reviews_write.php/products_id/52/reviews_id/351/page/1 HTTP/1.1" 302 380 "-" "Mozilla/5.0 (compatible; AhrefsBot/4.0; +http://ahrefs.com/robot/)"
173.199.115.179 - - [22/Jun/2013:00:25:20 +0200] "GET /catalog/product_reviews.php/products_id/32/reviews_id/169/page/19/action/buy_now HTTP/1.1" 302 319 "-" "Mozilla/5.0 (compatible; AhrefsBot/4.0; +http://ahrefs.com/robot/)"
173.199.115.179 - - [22/Jun/2013:00:25:56 +0200] "GET /catalog/product_reviews_write.php/products_id/32/reviews_id/238/page/18 HTTP/1.1" 302 380 "-" "Mozilla/5.0 (compatible; AhrefsBot/4.0; +http://ahrefs.com/robot/)"
173.199.115.179 - - [22/Jun/2013:00:26:12 +0200] "GET /catalog/product_reviews.php/products_id/34/reviews_id/156/page/2/action/buy_now HTTP/1.1" 302 319 "-" "Mozilla/5.0 (compatible; AhrefsBot/4.0; +http://ahrefs.com/robot/)"
141.8.147.14 - - [22/Jun/2013:00:27:25 +0200] "GET /pics/microsite_01_weihnachtsgeschenk_06.png HTTP/1.1" 200 61673 "-" "Mozilla/5.0 (compatible; YandexImages/3.0; +http://yandex.com/bots)"
123.125.71.104 - - [22/Jun/2013:00:29:28 +0200] "GET / HTTP/1.1" 301 525 "-" "Mozilla/5.0 (compatible; Baiduspider/2.0; +http://www.baidu.com/search/spider.html)"
220.181.108.156 - - [22/Jun/2013:00:29:53 +0200] "GET / HTTP/1.1" 301 525 "-" "Mozilla/5.0 (compatible; Baiduspider/2.0; +http://www.baidu.com/search/spider.html)"
173.199.115.179 - - [22/Jun/2013:00:31:20 +0200] "GET /catalog/product_reviews.php/products_id/32/reviews_id/546/page/7/action/buy_now HTTP/1.1" 302 319 "-" "Mozilla/5.0 (compatible; AhrefsBot/4.0; +http://ahrefs.com/robot/)"
173.199.115.179 - - [22/Jun/2013:00:31:56 +0200] "GET /catalog/product_reviews.php/products_id/42/reviews_id/324/page/6 HTTP/1.1" 200 10411 "-" "Mozilla/5.0 (compatible; AhrefsBot/4.0; +http://ahrefs.com/robot/)"
173.199.115.179 - - [22/Jun/2013:00:32:04 +0200] "GET /catalog/product_reviews.php/products_id/32/reviews_id/211/page/12 HTTP/1.1" 200 10560 "-" "Mozilla/5.0 (compatible; AhrefsBot/4.0; +http://ahrefs.com/robot/)"
173.199.115.179 - - [22/Jun/2013:00:32:24 +0200] "GET /catalog/product_reviews.php/products_id/32/reviews_id/471/page/14 HTTP/1.1" 200 10603 "-" "Mozilla/5.0 (compatible; AhrefsBot/4.0; +http://ahrefs.com/robot/)"
173.199.115.179 - - [22/Jun/2013:00:32:34 +0200] "GET /catalog/product_reviews_write.php/products_id/42/reviews_id/187/page/6 HTTP/1.1" 302 380 "-" "Mozilla/5.0 (compatible; AhrefsBot/4.0; +http://ahrefs.com/robot/)"
173.199.115.179 - - [22/Jun/2013:00:34:02 +0200] "GET /catalog/product_reviews.php/products_id/42/reviews_id/199/page/12/language/de HTTP/1.1" 200 10031 "-" "Mozilla/5.0 (compatible; AhrefsBot/4.0; +http://ahrefs.com/robot/)"
173.199.115.179 - - [22/Jun/2013:00:34:19 +0200] "GET /catalog/product_reviews_info.php/products_id/44/reviews_id/564 HTTP/1.1" 200 9964 "-" "Mozilla/5.0 (compatible; AhrefsBot/4.0; +http://ahrefs.com/robot/)"
173.199.115.179 - - [22/Jun/2013:00:34:37 +0200] "GET /catalog/product_reviews.php/products_id/32/reviews_id/185/page/8/action/buy_now HTTP/1.1" 302 319 "-" "Mozilla/5.0 (compatible; AhrefsBot/4.0; +http://ahrefs.com/robot/)"
173.199.115.179 - - [22/Jun/2013:00:34:53 +0200] "GET /catalog/product_reviews_write.php/products_id/47/reviews_id/521/page/2 HTTP/1.1" 302 380 "-" "Mozilla/5.0 (compatible; AhrefsBot/4.0; +http://ahrefs.com/robot/)"
173.199.115.179 - - [22/Jun/2013:00:35:02 +0200] "GET /catalog/product_reviews.php/products_id/40/reviews_id/418/page/2/action/buy_now HTTP/1.1" 302 319 "-" "Mozilla/5.0 (compatible; AhrefsBot/4.0; +http://ahrefs.com/robot/)"
173.199.115.179 - - [22/Jun/2013:00:35:20 +0200] "GET /catalog/product_reviews.php/products_id/32/reviews_id/167/page/18 HTTP/1.1" 200 10507 "-" "Mozilla/5.0 (compatible; AhrefsBot/4.0; +http://ahrefs.com/robot/)"
173.199.115.179 - - [22/Jun/2013:00:35:22 +0200] "GET /catalog/product_reviews.php/products_id/30/reviews_id/193/page/2/language/de HTTP/1.1" 200 10456 "-" "Mozilla/5.0 (compatible; AhrefsBot/4.0; +http://ahrefs.com/robot/)"
123.151.148.200 - - [22/Jun/2013:00:35:38 +0200] "GET / HTTP/1.1" 200 2969 "http://www.footbag-shop.de/" "Mozilla/5.0 (compatible; Sosospider/2.0; +http://help.soso.com/webspider.htm)"
66.249.78.83 - - [22/Jun/2013:00:36:07 +0200] "GET /catalog/product_reviews.php/products_id/34/reviews_id/225/page/4/language/de HTTP/1.1" 200 10468 "-" "Mozilla/5.0 (compatible; Googlebot/2.1; +http://www.google.com/bot.html)"
173.199.115.179 - - [22/Jun/2013:00:36:08 +0200] "GET /catalog/product_reviews.php/products_id/32/reviews_id/35/page/7/action/buy_now HTTP/1.1" 302 319 "-" "Mozilla/5.0 (compatible; AhrefsBot/4.0; +http://ahrefs.com/robot/)"
173.199.115.179 - - [22/Jun/2013:00:36:18 +0200] "GET /catalog/product_reviews_write.php/products_id/40/reviews_id/214/page/6 HTTP/1.1" 302 380 "-" "Mozilla/5.0 (compatible; AhrefsBot/4.0; +http://ahrefs.com/robot/)"
173.199.115.179 - - [22/Jun/2013:00:36:18 +0200] "GET /catalog/product_reviews_info.php/products_id/42/reviews_id/205 HTTP/1.1" 200 9846 "-" "Mozilla/5.0 (compatible; AhrefsBot/4.0; +http://ahrefs.com/robot/)"
141.8.147.14 - - [22/Jun/2013:00:36:30 +0200] "GET /catalog/images/footbag_freaks12freestyle3_medium.jpg HTTP/1.1" 200 5313 "-" "Mozilla/5.0 (compatible; YandexImages/3.0; +http://yandex.com/bots)"
173.199.115.179 - - [22/Jun/2013:00:37:08 +0200] "GET /catalog/product_reviews.php/products_id/34/reviews_id/397/page/5/action/buy_now HTTP/1.1" 302 319 "-" "Mozilla/5.0 (compatible; AhrefsBot/4.0; +http://ahrefs.com/robot/)"
173.199.115.179 - - [22/Jun/2013:00:37:26 +0200] "GET /catalog/product_reviews.php/products_id/32/reviews_id/382/page/6/action/buy_now HTTP/1.1" 302 319 "-" "Mozilla/5.0 (compatible; AhrefsBot/4.0; +http://ahrefs.com/robot/)"
208.115.111.70 - - [22/Jun/2013:00:37:48 +0200] "GET /catalog/faqdesk_info.php/faqPath/9/faqdesk_id/17 HTTP/1.1" 200 34031 "-" "Mozilla/5.0 (compatible; Ezooms/1.0; ezooms.bot@gmail.com)"
173.199.115.179 - - [22/Jun/2013:00:37:53 +0200] "GET /catalog/product_reviews.php/products_id/42/reviews_id/96/page/10 HTTP/1.1" 200 10477 "-" "Mozilla/5.0 (compatible; AhrefsBot/4.0; +http://ahrefs.com/robot/)"
173.199.115.179 - - [22/Jun/2013:00:38:22 +0200] "GET /catalog/product_reviews_info.php/products_id/56/reviews_id/578 HTTP/1.1" 200 9722 "-" "Mozilla/5.0 (compatible; AhrefsBot/4.0; +http://ahrefs.com/robot/)"
173.199.115.179 - - [22/Jun/2013:00:38:34 +0200] "GET /catalog/product_reviews_write.php/products_id/31/reviews_id/426/page/6 HTTP/1.1" 302 380 "-" "Mozilla/5.0 (compatible; AhrefsBot/4.0; +http://ahrefs.com/robot/)"
208.115.113.86 - - [22/Jun/2013:00:38:39 +0200] "GET /robots.txt HTTP/1.1" 200 406 "-" "Mozilla/5.0 (compatible; Ezooms/1.0; ezooms.bot@gmail.com)"
173.199.115.179 - - [22/Jun/2013:00:38:41 +0200] "GET /catalog/product_reviews.php/products_id/32/reviews_id/162/page/8/language/de HTTP/1.1" 200 10590 "-" "Mozilla/5.0 (compatible; AhrefsBot/4.0; +http://ahrefs.com/robot/)"
173.199.115.179 - - [22/Jun/2013:00:38:44 +0200] "GET /catalog/product_reviews.php/products_id/32/reviews_id/106/page/18/language/de HTTP/1.1" 200 10505 "-" "Mozilla/5.0 (compatible; AhrefsBot/4.0; +http://ahrefs.com/robot/)"
141.8.147.14 - - [22/Jun/2013:00:38:52 +0200] "GET /catalog/images/footbag_freaks08night_dark_medium.jpg HTTP/1.1" 200 2311 "-" "Mozilla/5.0 (compatible; YandexImages/3.0; +http://yandex.com/bots)"
173.199.115.179 - - [22/Jun/2013:00:38:57 +0200] "GET /catalog/product_reviews.php/products_id/32/reviews_id/189/page/2 HTTP/1.1" 200 10582 "-" "Mozilla/5.0 (compatible; AhrefsBot/4.0; +http://ahrefs.com/robot/)"
202.46.48.14 - - [22/Jun/2013:00:38:58 +0200] "GET / HTTP/1.1" 200 9327 "-" "Mozilla/4.0 (compatible; MSIE 7.0; Windows NT 6.0)"
119.63.193.132 - - [22/Jun/2013:00:38:58 +0200] "GET / HTTP/1.1" 200 8966 "-" "Mozilla/4.0 (compatible; MSIE 7.0; Windows NT 6.0)"
173.199.115.179 - - [22/Jun/2013:00:39:13 +0200] "GET /catalog/product_reviews_write.php/products_id/52/reviews_id/310/page/1 HTTP/1.1" 302 380 "-" "Mozilla/5.0 (compatible; AhrefsBot/4.0; +http://ahrefs.com/robot/)"
173.199.115.179 - - [22/Jun/2013:00:39:51 +0200] "GET /catalog/product_reviews.php/products_id/40/reviews_id/117 HTTP/1.1" 200 10269 "-" "Mozilla/5.0 (compatible; AhrefsBot/4.0; +http://ahrefs.com/robot/)"
173.199.115.179 - - [22/Jun/2013:00:39:57 +0200] "GET /catalog/product_reviews.php/products_id/35/reviews_id/441/page/2/action/buy_now HTTP/1.1" 302 319 "-" "Mozilla/5.0 (compatible; AhrefsBot/4.0; +http://ahrefs.com/robot/)"
173.199.115.179 - - [22/Jun/2013:00:40:02 +0200] "GET /catalog/product_reviews.php/products_id/30/reviews_id/75/page/2 HTTP/1.1" 200 10434 "-" "Mozilla/5.0 (compatible; AhrefsBot/4.0; +http://ahrefs.com/robot/)"
173.199.115.179 - - [22/Jun/2013:00:40:37 +0200] "GET /catalog/product_reviews_write.php/products_id/34/reviews_id/574/page/2 HTTP/1.1" 302 380 "-" "Mozilla/5.0 (compatible; AhrefsBot/4.0; +http://ahrefs.com/robot/)"
173.199.115.179 - - [22/Jun/2013:00:40:44 +0200] "GET /catalog/product_reviews_write.php/products_id/31/reviews_id/532/page/2 HTTP/1.1" 302 380 "-" "Mozilla/5.0 (compatible; AhrefsBot/4.0; +http://ahrefs.com/robot/)"
173.199.115.179 - - [22/Jun/2013:00:41:04 +0200] "GET /catalog/product_reviews.php/products_id/42/reviews_id/99/page/1/language/de HTTP/1.1" 200 10385 "-" "Mozilla/5.0 (compatible; AhrefsBot/4.0; +http://ahrefs.com/robot/)"
173.199.115.179 - - [22/Jun/2013:00:41:14 +0200] "GET /catalog/product_reviews.php/products_id/32/reviews_id/104/page/1/action/buy_now HTTP/1.1" 302 319 "-" "Mozilla/5.0 (compatible; AhrefsBot/4.0; +http://ahrefs.com/robot/)"
141.8.147.14 - - [22/Jun/2013:00:41:40 +0200] "GET /pics/microsite_01_weihnachtsgeschenk_07.png HTTP/1.1" 200 16799 "-" "Mozilla/5.0 (compatible; YandexImages/3.0; +http://yandex.com/bots)"
141.8.147.14 - - [22/Jun/2013:00:44:16 +0200] "GET /catalog/images/footbag_freaks32night_dark_medium.jpg HTTP/1.1" 200 3228 "-" "Mozilla/5.0 (compatible; YandexImages/3.0; +http://yandex.com/bots)"
141.8.147.14 - - [22/Jun/2013:00:45:57 +0200] "GET /catalog/images/footbag_freaks12freestyle2_medium.jpg HTTP/1.1" 200 4986 "-" "Mozilla/5.0 (compatible; YandexImages/3.0; +http://yandex.com/bots)"
173.199.115.179 - - [22/Jun/2013:00:46:11 +0200] "GET /catalog/product_reviews_write.php/products_id/44/reviews_id/399/page/3 HTTP/1.1" 302 380 "-" "Mozilla/5.0 (compatible; AhrefsBot/4.0; +http://ahrefs.com/robot/)"
173.199.115.179 - - [22/Jun/2013:00:46:11 +0200] "GET /catalog/product_reviews.php/products_id/42/reviews_id/160/page/8/language/de HTTP/1.1" 200 10433 "-" "Mozilla/5.0 (compatible; AhrefsBot/4.0; +http://ahrefs.com/robot/)"
173.199.115.179 - - [22/Jun/2013:00:46:19 +0200] "GET /catalog/product_reviews_write.php/products_id/32/reviews_id/120 HTTP/1.1" 302 380 "-" "Mozilla/5.0 (compatible; AhrefsBot/4.0; +http://ahrefs.com/robot/)"
173.199.115.179 - - [22/Jun/2013:00:46:49 +0200] "GET /catalog/product_reviews_info.php/products_id/30/reviews_id/442 HTTP/1.1" 200 9781 "-" "Mozilla/5.0 (compatible; AhrefsBot/4.0; +http://ahrefs.com/robot/)"
173.199.115.179 - - [22/Jun/2013:00:46:58 +0200] "GET /catalog/product_reviews_info.php/products_id/47/reviews_id/451/action/buy_now HTTP/1.1" 302 319 "-" "Mozilla/5.0 (compatible; AhrefsBot/4.0; +http://ahrefs.com/robot/)"
173.199.115.179 - - [22/Jun/2013:00:47:04 +0200] "GET /catalog/product_reviews.php/manufacturers_id/12/products_id/40/action/buy_now HTTP/1.1" 302 319 "-" "Mozilla/5.0 (compatible; AhrefsBot/4.0; +http://ahrefs.com/robot/)"
173.199.115.179 - - [22/Jun/2013:00:47:04 +0200] "GET /catalog/product_reviews.php/products_id/47/reviews_id/450/page/2 HTTP/1.1" 200 10436 "-" "Mozilla/5.0 (compatible; AhrefsBot/4.0; +http://ahrefs.com/robot/)"
173.199.115.179 - - [22/Jun/2013:00:47:07 +0200] "GET /catalog/product_reviews.php/products_id/32/reviews_id/350/page/19 HTTP/1.1" 200 10588 "-" "Mozilla/5.0 (compatible; AhrefsBot/4.0; +http://ahrefs.com/robot/)"
173.199.115.179 - - [22/Jun/2013:00:47:31 +0200] "GET /catalog/product_reviews.php/products_id/34/reviews_id/309/page/7/language/de HTTP/1.1" 200 10302 "-" "Mozilla/5.0 (compatible; AhrefsBot/4.0; +http://ahrefs.com/robot/)"
173.199.115.179 - - [22/Jun/2013:00:47:33 +0200] "GET /catalog/product_reviews.php/products_id/40/reviews_id/316/page/5 HTTP/1.1" 200 10407 "-" "Mozilla/5.0 (compatible; AhrefsBot/4.0; +http://ahrefs.com/robot/)"
173.199.115.179 - - [22/Jun/2013:00:47:38 +0200] "GET /catalog/product_reviews.php/products_id/52/reviews_id/305/page/5/language/de HTTP/1.1" 200 10078 "-" "Mozilla/5.0 (compatible; AhrefsBot/4.0; +http://ahrefs.com/robot/)"
173.199.115.179 - - [22/Jun/2013:00:47:44 +0200] "GET /catalog/product_reviews.php/products_id/32/reviews_id/411/page/16 HTTP/1.1" 200 10553 "-" "Mozilla/5.0 (compatible; AhrefsBot/4.0; +http://ahrefs.com/robot/)"
173.199.115.179 - - [22/Jun/2013:00:47:47 +0200] "GET /catalog/product_reviews.php/products_id/34/reviews_id/254/page/1/language/de HTTP/1.1" 200 10414 "-" "Mozilla/5.0 (compatible; AhrefsBot/4.0; +http://ahrefs.com/robot/)"
173.199.115.179 - - [22/Jun/2013:00:48:43 +0200] "GET /catalog/product_reviews.php/products_id/31/reviews_id/483 HTTP/1.1" 200 10516 "-" "Mozilla/5.0 (compatible; AhrefsBot/4.0; +http://ahrefs.com/robot/)"
173.199.115.179 - - [22/Jun/2013:00:48:49 +0200] "GET /catalog/product_reviews_info.php/products_id/47/reviews_id/450/language/de HTTP/1.1" 200 9723 "-" "Mozilla/5.0 (compatible; AhrefsBot/4.0; +http://ahrefs.com/robot/)"
173.199.115.179 - - [22/Jun/2013:00:49:02 +0200] "GET /catalog/product_reviews.php/products_id/32/reviews_id/576/page/9/language/de HTTP/1.1" 200 10629 "-" "Mozilla/5.0 (compatible; AhrefsBot/4.0; +http://ahrefs.com/robot/)"
173.199.115.179 - - [22/Jun/2013:00:49:04 +0200] "GET /catalog/product_reviews.php/products_id/35/reviews_id/547/page/1 HTTP/1.1" 200 10413 "-" "Mozilla/5.0 (compatible; AhrefsBot/4.0; +http://ahrefs.com/robot/)"
173.199.115.179 - - [22/Jun/2013:00:49:18 +0200] "GET /catalog/product_reviews_write.php/products_id/34/reviews_id/156/page/3 HTTP/1.1" 302 380 "-" "Mozilla/5.0 (compatible; AhrefsBot/4.0; +http://ahrefs.com/robot/)"
173.199.115.179 - - [22/Jun/2013:00:49:47 +0200] "GET /catalog/product_reviews.php/products_id/32/reviews_id/300/page/17 HTTP/1.1" 200 10562 "-" "Mozilla/5.0 (compatible; AhrefsBot/4.0; +http://ahrefs.com/robot/)"
173.199.115.179 - - [22/Jun/2013:00:50:15 +0200] "GET /catalog/product_reviews_write.php/products_id/42/reviews_id/438/page/9 HTTP/1.1" 302 380 "-" "Mozilla/5.0 (compatible; AhrefsBot/4.0; +http://ahrefs.com/robot/)"
173.199.115.179 - - [22/Jun/2013:00:50:30 +0200] "GET /catalog/product_reviews.php/products_id/34/reviews_id/254/page/3/language/de HTTP/1.1" 200 10489 "-" "Mozilla/5.0 (compatible; AhrefsBot/4.0; +http://ahrefs.com/robot/)"
173.199.115.179 - - [22/Jun/2013:00:50:34 +0200] "GET /catalog/product_reviews.php/products_id/42/reviews_id/324/page/10 HTTP/1.1" 200 10477 "-" "Mozilla/5.0 (compatible; AhrefsBot/4.0; +http://ahrefs.com/robot/)"
173.199.115.179 - - [22/Jun/2013:00:50:50 +0200] "GET /catalog/product_reviews_info.php/products_id/31/reviews_id/472/action/buy_now HTTP/1.1" 302 319 "-" "Mozilla/5.0 (compatible; AhrefsBot/4.0; +http://ahrefs.com/robot/)"
173.199.115.179 - - [22/Jun/2013:00:51:08 +0200] "GET /catalog/product_reviews.php/products_id/31/reviews_id/568/page/8/action/buy_now HTTP/1.1" 302 319 "-" "Mozilla/5.0 (compatible; AhrefsBot/4.0; +http://ahrefs.com/robot/)"
173.199.115.179 - - [22/Jun/2013:00:51:57 +0200] "GET /catalog/product_reviews.php/products_id/31/reviews_id/511/page/6/language/de HTTP/1.1" 200 10516 "-" "Mozilla/5.0 (compatible; AhrefsBot/4.0; +http://ahrefs.com/robot/)"
173.199.115.179 - - [22/Jun/2013:00:52:03 +0200] "GET /catalog/product_reviews.php/products_id/31/reviews_id/487/page/6/language/de HTTP/1.1" 200 10523 "-" "Mozilla/5.0 (compatible; AhrefsBot/4.0; +http://ahrefs.com/robot/)"
173.199.115.179 - - [22/Jun/2013:00:52:29 +0200] "GET /catalog/product_reviews_write.php/products_id/34/reviews_id/504/page/3 HTTP/1.1" 302 380 "-" "Mozilla/5.0 (compatible; AhrefsBot/4.0; +http://ahrefs.com/robot/)"
173.199.115.179 - - [22/Jun/2013:00:52:38 +0200] "GET /catalog/product_reviews_write.php/products_id/32/reviews_id/64/page/2 HTTP/1.1" 302 380 "-" "Mozilla/5.0 (compatible; AhrefsBot/4.0; +http://ahrefs.com/robot/)"
173.199.115.179 - - [22/Jun/2013:00:52:50 +0200] "GET /catalog/product_reviews_write.php/products_id/30/reviews_id/335/page/1 HTTP/1.1" 302 380 "-" "Mozilla/5.0 (compatible; AhrefsBot/4.0; +http://ahrefs.com/robot/)"
173.199.115.179 - - [22/Jun/2013:00:53:00 +0200] "GET /catalog/product_reviews.php/products_id/42/reviews_id/343/page/4/language/de HTTP/1.1" 200 10465 "-" "Mozilla/5.0 (compatible; AhrefsBot/4.0; +http://ahrefs.com/robot/)"
173.199.115.179 - - [22/Jun/2013:00:53:00 +0200] "GET /catalog/product_reviews.php/products_id/34/reviews_id/504/page/6/language/de HTTP/1.1" 200 10399 "-" "Mozilla/5.0 (compatible; AhrefsBot/4.0; +http://ahrefs.com/robot/)"
173.199.115.179 - - [22/Jun/2013:00:53:08 +0200] "GET /catalog/product_reviews_write.php/products_id/32/reviews_id/14/page/20 HTTP/1.1" 302 380 "-" "Mozilla/5.0 (compatible; AhrefsBot/4.0; +http://ahrefs.com/robot/)"
173.199.115.179 - - [22/Jun/2013:00:53:31 +0200] "GET /catalog/product_reviews.php/products_id/36/reviews_id/95/page/6 HTTP/1.1" 200 9803 "-" "Mozilla/5.0 (compatible; AhrefsBot/4.0; +http://ahrefs.com/robot/)"
173.199.115.179 - - [22/Jun/2013:00:53:32 +0200] "GET /catalog/index.php/manufacturers_id/12/page/1/sort/4a HTTP/1.1" 200 9891 "-" "Mozilla/5.0 (compatible; AhrefsBot/4.0; +http://ahrefs.com/robot/)"
173.199.115.179 - - [22/Jun/2013:00:53:36 +0200] "GET /catalog/product_reviews_info.php/products_id/31/reviews_id/38/language/de HTTP/1.1" 200 9780 "-" "Mozilla/5.0 (compatible; AhrefsBot/4.0; +http://ahrefs.com/robot/)"
173.199.115.179 - - [22/Jun/2013:00:53:49 +0200] "GET /catalog/product_reviews.php/products_id/42/reviews_id/346/page/11/action/buy_now HTTP/1.1" 302 319 "-" "Mozilla/5.0 (compatible; AhrefsBot/4.0; +http://ahrefs.com/robot/)"
173.199.115.179 - - [22/Jun/2013:00:54:11 +0200] "GET /catalog/product_reviews.php/products_id/31/reviews_id/253/action/buy_now HTTP/1.1" 302 319 "-" "Mozilla/5.0 (compatible; AhrefsBot/4.0; +http://ahrefs.com/robot/)"
173.199.115.179 - - [22/Jun/2013:00:54:13 +0200] "GET /catalog/product_reviews.php/products_id/52/reviews_id/275/page/5/language/de HTTP/1.1" 200 10074 "-" "Mozilla/5.0 (compatible; AhrefsBot/4.0; +http://ahrefs.com/robot/)"
173.199.115.179 - - [22/Jun/2013:00:54:23 +0200] "GET /catalog/product_reviews.php/products_id/30/reviews_id/277/page/5/action/buy_now HTTP/1.1" 302 319 "-" "Mozilla/5.0 (compatible; AhrefsBot/4.0; +http://ahrefs.com/robot/)"
173.199.115.179 - - [22/Jun/2013:00:54:31 +0200] "GET /catalog/product_reviews.php/products_id/31/reviews_id/513/language/de HTTP/1.1" 200 10507 "-" "Mozilla/5.0 (compatible; AhrefsBot/4.0; +http://ahrefs.com/robot/)"
173.199.115.179 - - [22/Jun/2013:00:54:32 +0200] "GET /catalog/product_reviews_write.php/products_id/32/reviews_id/319/page/14 HTTP/1.1" 302 380 "-" "Mozilla/5.0 (compatible; AhrefsBot/4.0; +http://ahrefs.com/robot/)"
173.199.115.179 - - [22/Jun/2013:00:54:33 +0200] "GET /catalog/product_reviews.php/products_id/32/reviews_id/290/page/5/language/de HTTP/1.1" 200 10540 "-" "Mozilla/5.0 (compatible; AhrefsBot/4.0; +http://ahrefs.com/robot/)"
173.199.115.179 - - [22/Jun/2013:00:55:38 +0200] "GET /catalog/product_reviews_write.php/products_id/31/reviews_id/483/page/4 HTTP/1.1" 302 380 "-" "Mozilla/5.0 (compatible; AhrefsBot/4.0; +http://ahrefs.com/robot/)"
173.199.115.179 - - [22/Jun/2013:00:56:04 +0200] "GET /catalog/news.php/news_id/103/page/7 HTTP/1.1" 200 11854 "-" "Mozilla/5.0 (compatible; AhrefsBot/4.0; +http://ahrefs.com/robot/)"
173.199.115.179 - - [22/Jun/2013:00:56:15 +0200] "GET /catalog/product_reviews_write.php/products_id/32/reviews_id/402/page/10 HTTP/1.1" 302 380 "-" "Mozilla/5.0 (compatible; AhrefsBot/4.0; +http://ahrefs.com/robot/)"
173.199.115.179 - - [22/Jun/2013:01:02:46 +0200] "GET /catalog/product_reviews.php/products_id/32/reviews_id/577/page/7 HTTP/1.1" 200 10623 "-" "Mozilla/5.0 (compatible; AhrefsBot/4.0; +http://ahrefs.com/robot/)"
173.199.115.179 - - [22/Jun/2013:01:02:55 +0200] "GET /catalog/product_reviews.php/products_id/39/reviews_id/375/page/1 HTTP/1.1" 200 10431 "-" "Mozilla/5.0 (compatible; AhrefsBot/4.0; +http://ahrefs.com/robot/)"
173.199.115.179 - - [22/Jun/2013:01:03:03 +0200] "GET /catalog/product_reviews.php/products_id/42/reviews_id/438/page/9 HTTP/1.1" 200 10408 "-" "Mozilla/5.0 (compatible; AhrefsBot/4.0; +http://ahrefs.com/robot/)"
173.199.115.179 - - [22/Jun/2013:01:03:47 +0200] "GET /catalog/product_reviews.php/products_id/47/reviews_id/531/action/buy_now HTTP/1.1" 302 319 "-" "Mozilla/5.0 (compatible; AhrefsBot/4.0; +http://ahrefs.com/robot/)"
173.199.115.179 - - [22/Jun/2013:01:03:51 +0200] "GET /catalog/product_reviews_write.php/products_id/47/reviews_id/517/page/1 HTTP/1.1" 302 380 "-" "Mozilla/5.0 (compatible; AhrefsBot/4.0; +http://ahrefs.com/robot/)"
173.199.115.179 - - [22/Jun/2013:01:04:07 +0200] "GET /catalog/product_reviews.php/products_id/32/reviews_id/484/page/14/language/de HTTP/1.1" 200 10604 "-" "Mozilla/5.0 (compatible; AhrefsBot/4.0; +http://ahrefs.com/robot/)"
173.199.115.179 - - [22/Jun/2013:01:04:10 +0200] "GET /catalog/product_reviews.php/products_id/32/reviews_id/269/page/12/language/de HTTP/1.1" 200 10557 "-" "Mozilla/5.0 (compatible; AhrefsBot/4.0; +http://ahrefs.com/robot/)"
173.199.115.179 - - [22/Jun/2013:01:04:34 +0200] "GET /catalog/faqdesk_index.php/faqPath/5/faqdesk_id/2/page/1/sort/2d/language/de HTTP/1.1" 200 5992 "-" "Mozilla/5.0 (compatible; AhrefsBot/4.0; +http://ahrefs.com/robot/)"
173.199.115.179 - - [22/Jun/2013:01:04:51 +0200] "GET /catalog/product_reviews.php/products_id/42/reviews_id/143/page/10 HTTP/1.1" 200 10483 "-" "Mozilla/5.0 (compatible; AhrefsBot/4.0; +http://ahrefs.com/robot/)"
173.199.115.179 - - [22/Jun/2013:01:04:58 +0200] "GET /catalog/product_reviews_write.php/products_id/36/reviews_id/507/page/6 HTTP/1.1" 302 380 "-" "Mozilla/5.0 (compatible; AhrefsBot/4.0; +http://ahrefs.com/robot/)"
66.249.78.83 - - [22/Jun/2013:01:05:02 +0200] "GET /catalog/product_reviews.php/products_id/42/reviews_id/247/page/3/language/de HTTP/1.1" 200 10409 "-" "Mozilla/5.0 (compatible; Googlebot/2.1; +http://www.google.com/bot.html)"
173.199.115.179 - - [22/Jun/2013:01:05:03 +0200] "GET /catalog/product_reviews_write.php/products_id/42/reviews_id/235/page/11 HTTP/1.1" 302 380 "-" "Mozilla/5.0 (compatible; AhrefsBot/4.0; +http://ahrefs.com/robot/)"
173.199.115.179 - - [22/Jun/2013:01:05:15 +0200] "GET /catalog/product_reviews.php/products_id/31/reviews_id/487/page/1 HTTP/1.1" 200 10511 "-" "Mozilla/5.0 (compatible; AhrefsBot/4.0; +http://ahrefs.com/robot/)"
173.199.115.179 - - [22/Jun/2013:01:05:44 +0200] "GET /catalog/product_reviews_write.php/products_id/32/reviews_id/577/page/3 HTTP/1.1" 302 380 "-" "Mozilla/5.0 (compatible; AhrefsBot/4.0; +http://ahrefs.com/robot/)"
173.199.115.179 - - [22/Jun/2013:01:05:44 +0200] "GET /catalog/product_reviews.php/products_id/32/reviews_id/85/page/17 HTTP/1.1" 200 10565 "-" "Mozilla/5.0 (compatible; AhrefsBot/4.0; +http://ahrefs.com/robot/)"
5.9.185.244 - - [22/Jun/2013:01:05:51 +0200] "HEAD / HTTP/1.1" 301 197 "-" "Opera/9.80 (Windows NT 5.1) Presto/2.12.388 Version/12.14"
173.199.115.179 - - [22/Jun/2013:01:05:51 +0200] "GET /catalog/product_reviews_write.php/products_id/32/reviews_id/119/page/18 HTTP/1.1" 302 380 "-" "Mozilla/5.0 (compatible; AhrefsBot/4.0; +http://ahrefs.com/robot/)"
173.199.115.179 - - [22/Jun/2013:01:06:36 +0200] "GET /catalog/product_reviews.php/products_id/32/reviews_id/106/language/de HTTP/1.1" 200 10528 "-" "Mozilla/5.0 (compatible; AhrefsBot/4.0; +http://ahrefs.com/robot/)"
173.199.115.179 - - [22/Jun/2013:01:06:48 +0200] "GET /catalog/product_reviews_write.php/products_id/47/reviews_id/499/page/6 HTTP/1.1" 302 380 "-" "Mozilla/5.0 (compatible; AhrefsBot/4.0; +http://ahrefs.com/robot/)"
173.199.115.179 - - [22/Jun/2013:01:07:07 +0200] "GET /catalog/product_reviews.php/products_id/42/reviews_id/231/language/de HTTP/1.1" 200 10380 "-" "Mozilla/5.0 (compatible; AhrefsBot/4.0; +http://ahrefs.com/robot/)"
173.199.115.179 - - [22/Jun/2013:01:07:15 +0200] "GET /catalog/product_reviews.php/products_id/32/reviews_id/437/page/16/action/buy_now HTTP/1.1" 302 319 "-" "Mozilla/5.0 (compatible; AhrefsBot/4.0; +http://ahrefs.com/robot/)"
173.199.115.179 - - [22/Jun/2013:01:07:32 +0200] "GET /catalog/product_reviews.php/products_id/42/reviews_id/217/page/11/language/de HTTP/1.1" 200 10379 "-" "Mozilla/5.0 (compatible; AhrefsBot/4.0; +http://ahrefs.com/robot/)"
173.199.115.179 - - [22/Jun/2013:01:07:33 +0200] "GET /catalog/product_reviews_write.php/products_id/30/reviews_id/75/page/4 HTTP/1.1" 302 380 "-" "Mozilla/5.0 (compatible; AhrefsBot/4.0; +http://ahrefs.com/robot/)"
173.199.115.179 - - [22/Jun/2013:01:07:47 +0200] "GET /catalog/product_reviews.php/products_id/47/reviews_id/517/page/1/language/de HTTP/1.1" 200 10346 "-" "Mozilla/5.0 (compatible; AhrefsBot/4.0; +http://ahrefs.com/robot/)"
173.199.115.179 - - [22/Jun/2013:01:08:09 +0200] "GET /catalog/index.php/manufacturers_id/12/page/1/sort/2d/action/buy_now/products_id/40 HTTP/1.1" 302 319 "-" "Mozilla/5.0 (compatible; AhrefsBot/4.0; +http://ahrefs.com/robot/)"
173.199.115.179 - - [22/Jun/2013:01:08:17 +0200] "GET /catalog/product_reviews.php/products_id/32/reviews_id/123/page/12/language/de HTTP/1.1" 200 10550 "-" "Mozilla/5.0 (compatible; AhrefsBot/4.0; +http://ahrefs.com/robot/)"
173.199.115.179 - - [22/Jun/2013:01:08:29 +0200] "GET /catalog/product_reviews.php/products_id/31/reviews_id/10/action/buy_now HTTP/1.1" 302 319 "-" "Mozilla/5.0 (compatible; AhrefsBot/4.0; +http://ahrefs.com/robot/)"
173.199.115.179 - - [22/Jun/2013:01:08:45 +0200] "GET /catalog/product_info.php/name/Footbag-32-Panele/products_id/30 HTTP/1.1" 200 11822 "-" "Mozilla/5.0 (compatible; AhrefsBot/4.0; +http://ahrefs.com/robot/)"
173.199.115.179 - - [22/Jun/2013:01:09:31 +0200] "GET /catalog/product_reviews.php/products_id/34/reviews_id/138/page/1/language/de HTTP/1.1" 200 10369 "-" "Mozilla/5.0 (compatible; AhrefsBot/4.0; +http://ahrefs.com/robot/)"
173.199.115.179 - - [22/Jun/2013:01:09:40 +0200] "GET /catalog/product_reviews_info.php/products_id/32/reviews_id/552/language/de HTTP/1.1" 200 9916 "-" "Mozilla/5.0 (compatible; AhrefsBot/4.0; +http://ahrefs.com/robot/)"
208.115.113.86 - - [22/Jun/2013:01:09:47 +0200] "GET /catalog/faqdesk_index.php/faqPath/4_6/page/1/sort/2a/language/de HTTP/1.1" 200 41483 "-" "Mozilla/5.0 (compatible; Ezooms/1.0; ezooms.bot@gmail.com)"
208.115.113.86 - - [22/Jun/2013:01:09:51 +0200] "GET /catalog/faqdesk_index.php/faqPath/9/page/1/sort/1a/language/de HTTP/1.1" 200 51450 "-" "Mozilla/5.0 (compatible; Ezooms/1.0; ezooms.bot@gmail.com)"
208.115.113.86 - - [22/Jun/2013:01:10:14 +0200] "GET /catalog/product_reviews_info.php/products_id/32/reviews_id/543/language/de HTTP/1.1" 200 60506 "-" "Mozilla/5.0 (compatible; Ezooms/1.0; ezooms.bot@gmail.com)"
208.115.113.86 - - [22/Jun/2013:01:10:25 +0200] "GET /catalog/product_reviews_info.php/products_id/32/reviews_id/489/language/de HTTP/1.1" 200 60432 "-" "Mozilla/5.0 (compatible; Ezooms/1.0; ezooms.bot@gmail.com)"
173.199.115.179 - - [22/Jun/2013:01:10:29 +0200] "GET /catalog/product_reviews.php/products_id/32/reviews_id/468/page/5 HTTP/1.1" 200 10538 "-" "Mozilla/5.0 (compatible; AhrefsBot/4.0; +http://ahrefs.com/robot/)"
173.199.115.179 - - [22/Jun/2013:01:10:29 +0200] "GET /catalog/index.php/cPath/22/page/1/sort/3a/action/buy_now/products_id/56 HTTP/1.1" 302 319 "-" "Mozilla/5.0 (compatible; AhrefsBot/4.0; +http://ahrefs.com/robot/)"
208.115.113.86 - - [22/Jun/2013:01:10:35 +0200] "GET /catalog/product_reviews_info.php/products_id/31/reviews_id/71/language/de HTTP/1.1" 200 60003 "-" "Mozilla/5.0 (compatible; Ezooms/1.0; ezooms.bot@gmail.com)"
173.199.115.179 - - [22/Jun/2013:01:10:49 +0200] "GET /catalog/product_reviews.php/products_id/32/reviews_id/80/page/18/language/de HTTP/1.1" 200 10499 "-" "Mozilla/5.0 (compatible; AhrefsBot/4.0; +http://ahrefs.com/robot/)"
208.115.113.86 - - [22/Jun/2013:01:11:05 +0200] "GET /catalog/news.php/news_id/87/page/3/language/de HTTP/1.1" 200 75622 "-" "Mozilla/5.0 (compatible; Ezooms/1.0; ezooms.bot@gmail.com)"
208.115.113.86 - - [22/Jun/2013:01:11:12 +0200] "GET /catalog/product_reviews.php/products_id/35/reviews_id/259/page/3/language/de HTTP/1.1" 200 69924 "-" "Mozilla/5.0 (compatible; Ezooms/1.0; ezooms.bot@gmail.com)"
208.115.113.86 - - [22/Jun/2013:01:11:15 +0200] "GET /catalog/product_reviews.php/products_id/31/reviews_id/494/language/de HTTP/1.1" 200 69710 "-" "Mozilla/5.0 (compatible; Ezooms/1.0; ezooms.bot@gmail.com)"
208.115.113.86 - - [22/Jun/2013:01:11:17 +0200] "GET /catalog/product_reviews.php/products_id/31/reviews_id/447/language/de HTTP/1.1" 200 69710 "-" "Mozilla/5.0 (compatible; Ezooms/1.0; ezooms.bot@gmail.com)"
208.115.113.86 - - [22/Jun/2013:01:11:19 +0200] "GET /catalog/product_reviews.php/products_id/31/reviews_id/494/page/4/language/de HTTP/1.1" 200 69982 "-" "Mozilla/5.0 (compatible; Ezooms/1.0; ezooms.bot@gmail.com)"
173.199.115.179 - - [22/Jun/2013:01:17:10 +0200] "GET /catalog/product_reviews.php/products_id/31/reviews_id/473/page/8/action/buy_now HTTP/1.1" 302 319 "-" "Mozilla/5.0 (compatible; AhrefsBot/4.0; +http://ahrefs.com/robot/)"
173.199.115.179 - - [22/Jun/2013:01:17:21 +0200] "GET /catalog/product_reviews.php/products_id/42/reviews_id/83/page/5/language/de HTTP/1.1" 200 10405 "-" "Mozilla/5.0 (compatible; AhrefsBot/4.0; +http://ahrefs.com/robot/)"
173.199.115.179 - - [22/Jun/2013:01:17:22 +0200] "GET /catalog/product_reviews_info.php/products_id/32/reviews_id/116 HTTP/1.1" 200 9907 "-" "Mozilla/5.0 (compatible; AhrefsBot/4.0; +http://ahrefs.com/robot/)"
173.199.115.179 - - [22/Jun/2013:01:17:43 +0200] "GET /catalog/product_reviews.php/products_id/42/reviews_id/145/page/3 HTTP/1.1" 200 10413 "-" "Mozilla/5.0 (compatible; AhrefsBot/4.0; +http://ahrefs.com/robot/)"
173.199.115.179 - - [22/Jun/2013:01:17:52 +0200] "GET /catalog/product_reviews.php/products_id/32/reviews_id/211/page/13/action/buy_now HTTP/1.1" 302 319 "-" "Mozilla/5.0 (compatible; AhrefsBot/4.0; +http://ahrefs.com/robot/)"
173.199.115.179 - - [22/Jun/2013:01:17:53 +0200] "GET /catalog/product_reviews_write.php/products_id/42/reviews_id/129/page/5 HTTP/1.1" 302 380 "-" "Mozilla/5.0 (compatible; AhrefsBot/4.0; +http://ahrefs.com/robot/)"
173.199.115.179 - - [22/Jun/2013:01:18:11 +0200] "GET /catalog/product_reviews_write.php/products_id/31/reviews_id/483 HTTP/1.1" 302 380 "-" "Mozilla/5.0 (compatible; AhrefsBot/4.0; +http://ahrefs.com/robot/)"
173.199.115.179 - - [22/Jun/2013:01:18:49 +0200] "GET /catalog/product_reviews_write.php/products_id/42/reviews_id/261/page/11 HTTP/1.1" 302 380 "-" "Mozilla/5.0 (compatible; AhrefsBot/4.0; +http://ahrefs.com/robot/)"
173.199.115.179 - - [22/Jun/2013:01:19:33 +0200] "GET /catalog/product_reviews_write.php/products_id/42/reviews_id/217/page/4 HTTP/1.1" 302 380 "-" "Mozilla/5.0 (compatible; AhrefsBot/4.0; +http://ahrefs.com/robot/)"
173.199.115.179 - - [22/Jun/2013:01:19:48 +0200] "GET /catalog/product_reviews.php/products_id/42/reviews_id/252/page/4 HTTP/1.1" 200 10460 "-" "Mozilla/5.0 (compatible; AhrefsBot/4.0; +http://ahrefs.com/robot/)"
173.199.115.179 - - [22/Jun/2013:01:19:49 +0200] "GET /catalog/product_reviews_write.php/products_id/32/reviews_id/490/page/13 HTTP/1.1" 302 380 "-" "Mozilla/5.0 (compatible; AhrefsBot/4.0; +http://ahrefs.com/robot/)"
173.199.115.179 - - [22/Jun/2013:01:19:51 +0200] "GET /catalog/product_reviews.php/products_id/32/reviews_id/540/page/13/language/de HTTP/1.1" 200 10585 "-" "Mozilla/5.0 (compatible; AhrefsBot/4.0; +http://ahrefs.com/robot/)"
173.199.115.179 - - [22/Jun/2013:01:19:58 +0200] "GET /catalog/product_reviews_write.php/products_id/47/reviews_id/358/page/1 HTTP/1.1" 302 380 "-" "Mozilla/5.0 (compatible; AhrefsBot/4.0; +http://ahrefs.com/robot/)"
173.199.115.179 - - [22/Jun/2013:01:20:04 +0200] "GET /catalog/product_reviews.php/products_id/32/reviews_id/430/page/11/language/de HTTP/1.1" 200 10612 "-" "Mozilla/5.0 (compatible; AhrefsBot/4.0; +http://ahrefs.com/robot/)"
173.199.115.179 - - [22/Jun/2013:01:20:04 +0200] "GET /catalog/product_reviews.php/products_id/32/reviews_id/212/page/8/language/de HTTP/1.1" 200 10591 "-" "Mozilla/5.0 (compatible; AhrefsBot/4.0; +http://ahrefs.com/robot/)"
173.199.115.179 - - [22/Jun/2013:01:20:14 +0200] "GET /catalog/reviews.php/page/66 HTTP/1.1" 200 10133 "-" "Mozilla/5.0 (compatible; AhrefsBot/4.0; +http://ahrefs.com/robot/)"
173.199.115.179 - - [22/Jun/2013:01:20:16 +0200] "GET /catalog/product_reviews_write.php/products_id/42/reviews_id/324/page/10 HTTP/1.1" 302 380 "-" "Mozilla/5.0 (compatible; AhrefsBot/4.0; +http://ahrefs.com/robot/)"
173.199.115.179 - - [22/Jun/2013:01:21:04 +0200] "GET /catalog/product_reviews_write.php/products_id/32/reviews_id/92/page/14 HTTP/1.1" 302 380 "-" "Mozilla/5.0 (compatible; AhrefsBot/4.0; +http://ahrefs.com/robot/)"
178.255.215.69 - - [22/Jun/2013:01:21:31 +0200] "GET /catalog/product_reviews.php/cPath/22/products_id/36/page/3 HTTP/1.1" 200 10448 "-" "Mozilla/5.0 (compatible; Exabot/3.0; +http://www.exabot.com/go/robot)"
173.199.115.179 - - [22/Jun/2013:01:21:43 +0200] "GET /catalog/product_reviews.php/products_id/32/reviews_id/43/page/7/action/buy_now HTTP/1.1" 302 319 "-" "Mozilla/5.0 (compatible; AhrefsBot/4.0; +http://ahrefs.com/robot/)"
173.199.115.179 - - [22/Jun/2013:01:22:07 +0200] "GET /catalog/product_reviews_info.php/products_id/34/reviews_id/281/language/de HTTP/1.1" 200 9802 "-" "Mozilla/5.0 (compatible; AhrefsBot/4.0; +http://ahrefs.com/robot/)"
173.199.115.179 - - [22/Jun/2013:01:22:15 +0200] "GET /catalog/product_reviews_info.php/products_id/32/reviews_id/66/action/buy_now HTTP/1.1" 302 319 "-" "Mozilla/5.0 (compatible; AhrefsBot/4.0; +http://ahrefs.com/robot/)"
173.199.115.179 - - [22/Jun/2013:01:22:21 +0200] "GET /catalog/product_reviews.php/products_id/32/reviews_id/141/page/18/action/buy_now HTTP/1.1" 302 319 "-" "Mozilla/5.0 (compatible; AhrefsBot/4.0; +http://ahrefs.com/robot/)"
173.199.115.179 - - [22/Jun/2013:01:22:32 +0200] "GET /catalog/product_reviews.php/products_id/32/reviews_id/491/page/19/action/buy_now HTTP/1.1" 302 319 "-" "Mozilla/5.0 (compatible; AhrefsBot/4.0; +http://ahrefs.com/robot/)"
173.199.115.179 - - [22/Jun/2013:01:22:35 +0200] "GET /catalog/product_reviews.php/products_id/32/reviews_id/135/action/buy_now HTTP/1.1" 302 319 "-" "Mozilla/5.0 (compatible; AhrefsBot/4.0; +http://ahrefs.com/robot/)"
173.199.115.179 - - [22/Jun/2013:01:23:19 +0200] "GET /catalog/product_reviews.php/products_id/31/reviews_id/327/page/8 HTTP/1.1" 200 10502 "-" "Mozilla/5.0 (compatible; AhrefsBot/4.0; +http://ahrefs.com/robot/)"
173.199.115.179 - - [22/Jun/2013:01:23:21 +0200] "GET /catalog/product_reviews.php/products_id/52/reviews_id/325 HTTP/1.1" 200 10320 "-" "Mozilla/5.0 (compatible; AhrefsBot/4.0; +http://ahrefs.com/robot/)"
173.199.115.179 - - [22/Jun/2013:01:23:22 +0200] "GET /catalog/product_reviews.php/products_id/32/reviews_id/64/page/9/action/buy_now HTTP/1.1" 302 319 "-" "Mozilla/5.0 (compatible; AhrefsBot/4.0; +http://ahrefs.com/robot/)"
173.199.115.179 - - [22/Jun/2013:01:23:49 +0200] "GET /catalog/product_reviews.php/products_id/42/reviews_id/322/page/2/action/buy_now HTTP/1.1" 302 319 "-" "Mozilla/5.0 (compatible; AhrefsBot/4.0; +http://ahrefs.com/robot/)"
173.199.115.179 - - [22/Jun/2013:01:23:58 +0200] "GET /catalog/product_reviews.php/products_id/36/reviews_id/312/page/1/action/buy_now HTTP/1.1" 302 319 "-" "Mozilla/5.0 (compatible; AhrefsBot/4.0; +http://ahrefs.com/robot/)"
173.199.115.179 - - [22/Jun/2013:01:24:32 +0200] "GET /catalog/product_reviews.php/products_id/42/reviews_id/101/page/2/language/de HTTP/1.1" 200 10432 "-" "Mozilla/5.0 (compatible; AhrefsBot/4.0; +http://ahrefs.com/robot/)"
173.199.115.179 - - [22/Jun/2013:01:24:38 +0200] "GET /catalog/product_reviews.php/products_id/32/reviews_id/220/page/9/action/buy_now HTTP/1.1" 302 319 "-" "Mozilla/5.0 (compatible; AhrefsBot/4.0; +http://ahrefs.com/robot/)"
173.199.115.179 - - [22/Jun/2013:01:24:49 +0200] "GET /catalog/product_reviews.php/products_id/32/reviews_id/64/page/7 HTTP/1.1" 200 10617 "-" "Mozilla/5.0 (compatible; AhrefsBot/4.0; +http://ahrefs.com/robot/)"
173.199.115.179 - - [22/Jun/2013:01:24:54 +0200] "GET /catalog/product_reviews.php/products_id/32/reviews_id/551/page/15 HTTP/1.1" 200 10525 "-" "Mozilla/5.0 (compatible; AhrefsBot/4.0; +http://ahrefs.com/robot/)"
173.199.115.179 - - [22/Jun/2013:01:25:01 +0200] "GET /catalog/product_reviews.php/products_id/42/reviews_id/557/page/8 HTTP/1.1" 200 10426 "-" "Mozilla/5.0 (compatible; AhrefsBot/4.0; +http://ahrefs.com/robot/)"
173.199.115.179 - - [22/Jun/2013:01:25:52 +0200] "GET /catalog/faqdesk_info.php/faqPath/5/faqdesk_id/4 HTTP/1.1" 200 5312 "-" "Mozilla/5.0 (compatible; AhrefsBot/4.0; +http://ahrefs.com/robot/)"
173.199.115.179 - - [22/Jun/2013:01:26:02 +0200] "GET /catalog/product_reviews.php/products_id/42/reviews_id/438/page/9/action/buy_now HTTP/1.1" 302 319 "-" "Mozilla/5.0 (compatible; AhrefsBot/4.0; +http://ahrefs.com/robot/)"
66.249.78.83 - - [22/Jun/2013:01:28:22 +0200] "GET /catalog/product_reviews_info.php/products_id/47/reviews_id/jvuqwpzlhqv.html HTTP/1.1" 302 396 "-" "Mozilla/5.0 (compatible; Googlebot/2.1; +http://www.google.com/bot.html)"
123.125.71.90 - - [22/Jun/2013:01:29:11 +0200] "GET / HTTP/1.1" 301 525 "-" "Mozilla/5.0 (compatible; Baiduspider/2.0; +http://www.baidu.com/search/spider.html)"
220.181.108.184 - - [22/Jun/2013:01:29:34 +0200] "GET / HTTP/1.1" 301 525 "-" "Mozilla/5.0 (compatible; Baiduspider/2.0; +http://www.baidu.com/search/spider.html)"
173.199.115.179 - - [22/Jun/2013:01:32:32 +0200] "GET /catalog/product_reviews.php/products_id/32/reviews_id/64/page/13/language/de HTTP/1.1" 200 10584 "-" "Mozilla/5.0 (compatible; AhrefsBot/4.0; +http://ahrefs.com/robot/)"
173.199.115.179 - - [22/Jun/2013:01:32:47 +0200] "GET /catalog/product_reviews.php/products_id/47/reviews_id/573/page/2 HTTP/1.1" 200 10425 "-" "Mozilla/5.0 (compatible; AhrefsBot/4.0; +http://ahrefs.com/robot/)"
173.199.115.179 - - [22/Jun/2013:01:33:10 +0200] "GET /catalog/product_reviews.php/products_id/42/reviews_id/204/page/1/action/buy_now HTTP/1.1" 302 319 "-" "Mozilla/5.0 (compatible; AhrefsBot/4.0; +http://ahrefs.com/robot/)"
173.199.115.179 - - [22/Jun/2013:01:33:29 +0200] "GET /catalog/product_reviews_info.php/products_id/36/reviews_id/449/language/de HTTP/1.1" 200 9767 "-" "Mozilla/5.0 (compatible; AhrefsBot/4.0; +http://ahrefs.com/robot/)"
173.199.115.179 - - [22/Jun/2013:01:33:29 +0200] "GET /catalog/product_reviews.php/products_id/32/reviews_id/114/page/18/language/de HTTP/1.1" 200 10509 "-" "Mozilla/5.0 (compatible; AhrefsBot/4.0; +http://ahrefs.com/robot/)"
173.199.115.179 - - [22/Jun/2013:01:33:29 +0200] "GET /catalog/product_reviews_info.php/products_id/38/reviews_id/170/language/de HTTP/1.1" 200 9824 "-" "Mozilla/5.0 (compatible; AhrefsBot/4.0; +http://ahrefs.com/robot/)"
173.199.115.179 - - [22/Jun/2013:01:33:44 +0200] "GET /catalog/news.php/news_id/92/page/9 HTTP/1.1" 200 10877 "-" "Mozilla/5.0 (compatible; AhrefsBot/4.0; +http://ahrefs.com/robot/)"
173.199.115.179 - - [22/Jun/2013:01:33:48 +0200] "GET /catalog/product_reviews.php/products_id/35/reviews_id/318/page/3 HTTP/1.1" 200 10482 "-" "Mozilla/5.0 (compatible; AhrefsBot/4.0; +http://ahrefs.com/robot/)"
173.199.115.179 - - [22/Jun/2013:01:33:51 +0200] "GET /catalog/product_reviews_write.php/products_id/32/reviews_id/389/page/7 HTTP/1.1" 302 380 "-" "Mozilla/5.0 (compatible; AhrefsBot/4.0; +http://ahrefs.com/robot/)"
173.199.115.179 - - [22/Jun/2013:01:34:01 +0200] "GET /catalog/product_reviews.php/products_id/36/reviews_id/529/page/2 HTTP/1.1" 200 10436 "-" "Mozilla/5.0 (compatible; AhrefsBot/4.0; +http://ahrefs.com/robot/)"
173.199.115.179 - - [22/Jun/2013:01:34:05 +0200] "GET /catalog/product_reviews.php/products_id/42/reviews_id/345/page/1 HTTP/1.1" 200 10397 "-" "Mozilla/5.0 (compatible; AhrefsBot/4.0; +http://ahrefs.com/robot/)"
173.199.115.179 - - [22/Jun/2013:01:34:17 +0200] "GET /catalog/product_reviews.php/products_id/31/reviews_id/426/page/6/language/de HTTP/1.1" 200 10522 "-" "Mozilla/5.0 (compatible; AhrefsBot/4.0; +http://ahrefs.com/robot/)"
173.199.115.179 - - [22/Jun/2013:01:34:38 +0200] "GET /catalog/product_reviews.php/products_id/47/reviews_id/450/page/1/action/buy_now HTTP/1.1" 302 319 "-" "Mozilla/5.0 (compatible; AhrefsBot/4.0; +http://ahrefs.com/robot/)"
173.199.115.179 - - [22/Jun/2013:01:35:03 +0200] "GET /catalog/product_reviews_write.php/products_id/32/reviews_id/37/page/13 HTTP/1.1" 302 380 "-" "Mozilla/5.0 (compatible; AhrefsBot/4.0; +http://ahrefs.com/robot/)"
173.199.115.179 - - [22/Jun/2013:01:35:26 +0200] "GET /catalog/product_reviews_write.php/products_id/42/reviews_id/252/page/9 HTTP/1.1" 302 380 "-" "Mozilla/5.0 (compatible; AhrefsBot/4.0; +http://ahrefs.com/robot/)"
66.249.78.83 - - [22/Jun/2013:01:35:29 +0200] "GET /catalog/product_reviews.php/products_id/42/reviews_id/12/page/5/language/de HTTP/1.1" 200 10422 "-" "Mozilla/5.0 (compatible; Googlebot/2.1; +http://www.google.com/bot.html)"
173.199.115.179 - - [22/Jun/2013:01:35:33 +0200] "GET /catalog/product_reviews.php/products_id/31/reviews_id/288/page/5 HTTP/1.1" 200 10555 "-" "Mozilla/5.0 (compatible; AhrefsBot/4.0; +http://ahrefs.com/robot/)"
173.199.115.179 - - [22/Jun/2013:01:36:51 +0200] "GET /catalog/product_reviews.php/products_id/32/reviews_id/100/page/18 HTTP/1.1" 200 10512 "-" "Mozilla/5.0 (compatible; AhrefsBot/4.0; +http://ahrefs.com/robot/)"
173.199.115.179 - - [22/Jun/2013:01:37:14 +0200] "GET /catalog/product_reviews_info.php/products_id/40/reviews_id/424 HTTP/1.1" 200 9648 "-" "Mozilla/5.0 (compatible; AhrefsBot/4.0; +http://ahrefs.com/robot/)"
173.199.115.179 - - [22/Jun/2013:01:37:34 +0200] "GET /catalog/index.php/manufacturers_id/12/page/1/sort/4a/action/buy_now/products_id/30 HTTP/1.1" 302 319 "-" "Mozilla/5.0 (compatible; AhrefsBot/4.0; +http://ahrefs.com/robot/)"
173.199.115.179 - - [22/Jun/2013:01:37:41 +0200] "GET /catalog/product_reviews.php/products_id/31/reviews_id/447/page/4 HTTP/1.1" 200 10515 "-" "Mozilla/5.0 (compatible; AhrefsBot/4.0; +http://ahrefs.com/robot/)"
173.199.115.179 - - [22/Jun/2013:01:37:54 +0200] "GET /catalog/product_reviews.php/products_id/36/reviews_id/94/page/3/action/buy_now HTTP/1.1" 302 319 "-" "Mozilla/5.0 (compatible; AhrefsBot/4.0; +http://ahrefs.com/robot/)"
173.199.115.179 - - [22/Jun/2013:01:37:54 +0200] "GET /catalog/product_reviews.php/products_id/32/page/19/action/buy_now HTTP/1.1" 302 319 "-" "Mozilla/5.0 (compatible; AhrefsBot/4.0; +http://ahrefs.com/robot/)"
173.199.115.179 - - [22/Jun/2013:01:38:05 +0200] "GET /catalog/product_reviews.php/products_id/47/reviews_id/433/action/buy_now HTTP/1.1" 302 319 "-" "Mozilla/5.0 (compatible; AhrefsBot/4.0; +http://ahrefs.com/robot/)"
66.249.72.93 - - [22/Jun/2013:01:38:20 +0200] "GET /catalog/case_studies.php/article/srh HTTP/1.1" 200 12963 "-" "Mozilla/5.0 (compatible; Googlebot/2.1; +http://www.google.com/bot.html)"
173.199.115.179 - - [22/Jun/2013:01:38:46 +0200] "GET /catalog/product_reviews.php/products_id/31/reviews_id/518/page/1/language/de HTTP/1.1" 200 10511 "-" "Mozilla/5.0 (compatible; AhrefsBot/4.0; +http://ahrefs.com/robot/)"
173.199.115.179 - - [22/Jun/2013:01:39:09 +0200] "GET /catalog/product_reviews_info.php/products_id/39/reviews_id/375/language/de HTTP/1.1" 200 9754 "-" "Mozilla/5.0 (compatible; AhrefsBot/4.0; +http://ahrefs.com/robot/)"
173.199.115.179 - - [22/Jun/2013:01:39:12 +0200] "GET /catalog/product_reviews.php/products_id/32/reviews_id/407/page/10 HTTP/1.1" 200 10605 "-" "Mozilla/5.0 (compatible; AhrefsBot/4.0; +http://ahrefs.com/robot/)"
173.199.115.179 - - [22/Jun/2013:01:39:20 +0200] "GET /catalog/product_reviews.php/products_id/32/reviews_id/144/page/4/language/de HTTP/1.1" 200 10563 "-" "Mozilla/5.0 (compatible; AhrefsBot/4.0; +http://ahrefs.com/robot/)"
173.199.115.179 - - [22/Jun/2013:01:39:26 +0200] "GET /catalog/product_reviews.php/products_id/32/reviews_id/155/page/10/action/buy_now HTTP/1.1" 302 319 "-" "Mozilla/5.0 (compatible; AhrefsBot/4.0; +http://ahrefs.com/robot/)"
173.199.115.179 - - [22/Jun/2013:01:39:56 +0200] "GET /catalog/product_reviews.php/products_id/36/reviews_id/465/page/4/language/de HTTP/1.1" 200 10499 "-" "Mozilla/5.0 (compatible; AhrefsBot/4.0; +http://ahrefs.com/robot/)"
173.199.115.179 - - [22/Jun/2013:01:40:32 +0200] "GET /catalog/product_reviews_write.php/products_id/32/reviews_id/116/page/10 HTTP/1.1" 302 380 "-" "Mozilla/5.0 (compatible; AhrefsBot/4.0; +http://ahrefs.com/robot/)"
173.199.115.179 - - [22/Jun/2013:01:41:05 +0200] "GET /catalog/product_reviews_info.php/products_id/42/reviews_id/219/action/buy_now HTTP/1.1" 302 319 "-" "Mozilla/5.0 (compatible; AhrefsBot/4.0; +http://ahrefs.com/robot/)"
173.199.115.179 - - [22/Jun/2013:01:41:10 +0200] "GET /catalog/product_reviews.php/products_id/32/reviews_id/491/page/9 HTTP/1.1" 200 10618 "-" "Mozilla/5.0 (compatible; AhrefsBot/4.0; +http://ahrefs.com/robot/)"
194.173.174.20 - - [22/Jun/2013:01:52:29 +0200] "HEAD / HTTP/1.1" 200 433 "-" "Mozilla/5.0 (Windows NT 6.2; WOW64; rv:21.0) Gecko/20100101 Firefox/21.0"
66.249.78.83 - - [22/Jun/2013:01:56:47 +0200] "GET /sitemap_german_reviews.xml HTTP/1.1" 200 142345 "-" "Mozilla/5.0 (compatible; Googlebot/2.1; +http://www.google.com/bot.html)"
66.249.78.83 - - [22/Jun/2013:02:02:24 +0200] "GET /catalog/case_studies.php/article/dm07 HTTP/1.1" 200 15161 "-" "Mozilla/5.0 (compatible; Googlebot/2.1; +http://www.google.com/bot.html)"
66.249.72.93 - - [22/Jun/2013:02:04:10 +0200] "GET /sitemap_german_news.xml HTTP/1.1" 200 2071 "-" "Mozilla/5.0 (compatible; Googlebot/2.1; +http://www.google.com/bot.html)"
66.249.78.83 - - [22/Jun/2013:02:05:40 +0200] "GET /catalog/product_reviews.php/products_id/34/reviews_id/347/page/4/language/de HTTP/1.1" 200 10443 "-" "Mozilla/5.0 (compatible; Googlebot/2.1; +http://www.google.com/bot.html)"
66.249.78.83 - - [22/Jun/2013:02:07:03 +0200] "GET /sitemap_german_index.xml HTTP/1.1" 200 1153 "-" "Mozilla/5.0 (compatible; Googlebot/2.1; +http://www.google.com/bot.html)"
66.249.78.83 - - [22/Jun/2013:02:16:09 +0200] "GET /catalog/product_reviews_info.php/products_id/29/reviews_id/480 HTTP/1.1" 200 9740 "-" "Mozilla/5.0 (iPhone; U; CPU iPhone OS 4_1 like Mac OS X; en-us) AppleWebKit/532.9 (KHTML, like Gecko) Version/4.0.5 Mobile/8B117 Safari/6531.22.7 (compatible; Googlebot-Mobile/2.1; +http://www.google.com/bot.html)"
66.249.78.83 - - [22/Jun/2013:02:24:19 +0200] "GET /catalog/product_info.php/products_id/52 HTTP/1.1" 200 12648 "-" "Mozilla/5.0 (compatible; Googlebot/2.1; +http://www.google.com/bot.html)"
123.125.71.90 - - [22/Jun/2013:02:31:21 +0200] "GET / HTTP/1.1" 301 525 "-" "Mozilla/5.0 (compatible; Baiduspider/2.0; +http://www.baidu.com/search/spider.html)"
220.181.108.187 - - [22/Jun/2013:02:31:49 +0200] "GET / HTTP/1.1" 301 525 "-" "Mozilla/5.0 (compatible; Baiduspider/2.0; +http://www.baidu.com/search/spider.html)"
66.249.78.83 - - [22/Jun/2013:02:34:46 +0200] "GET /catalog/product_reviews.php/products_id/52/reviews_id/498/page/4/language/de HTTP/1.1" 200 10402 "-" "Mozilla/5.0 (compatible; Googlebot/2.1; +http://www.google.com/bot.html)"
202.46.50.18 - - [22/Jun/2013:02:40:16 +0200] "GET / HTTP/1.1" 200 9327 "-" "Mozilla/4.0 (compatible; MSIE 7.0; Windows NT 6.0)"
119.63.193.131 - - [22/Jun/2013:02:40:19 +0200] "GET / HTTP/1.1" 200 8966 "-" "Mozilla/4.0 (compatible; MSIE 7.0; Windows NT 6.0)"
208.115.111.70 - - [22/Jun/2013:02:40:22 +0200] "GET /robots.txt HTTP/1.1" 200 406 "-" "Mozilla/5.0 (compatible; Ezooms/1.0; ezooms.bot@gmail.com)"
66.249.78.83 - - [22/Jun/2013:02:44:26 +0200] "GET /catalog/product_info.php/products_id/44 HTTP/1.1" 200 12324 "-" "Mozilla/5.0 (compatible; Googlebot/2.1; +http://www.google.com/bot.html)"
46.165.230.206 - - [22/Jun/2013:02:51:50 +0200] "GET /?dgcr=1 HTTP/1.1" 301 539 "-" "ScreenerBot Crawler Beta 2.0 (+http://www.ScreenerBot.com)"
46.165.230.206 - - [22/Jun/2013:02:51:51 +0200] "GET /?dgcr=1 HTTP/1.1" 200 8598 "-" "ScreenerBot Crawler Beta 2.0 (+http://www.ScreenerBot.com)"
66.249.78.83 - - [22/Jun/2013:03:00:07 +0200] "GET /catalog/product_reviews.php/products_id/42/reviews_id/477/page/5/language/de HTTP/1.1" 200 10422 "-" "Mozilla/5.0 (compatible; Googlebot/2.1; +http://www.google.com/bot.html)"
208.115.111.70 - - [22/Jun/2013:03:01:16 +0200] "GET /catalog/news.php/language/de HTTP/1.1" 200 72282 "-" "Mozilla/5.0 (compatible; Ezooms/1.0; ezooms.bot@gmail.com)"
46.161.41.24 - - [22/Jun/2013:03:01:41 +0200] "GET /catalog/index.php/manufacturers_id/12/products_id/44/page/1/sort/4d/action/buy_now/products_id/50?mysid=70b7bfffd39dd86af4209d750b4e29b4 HTTP/1.1" 302 634 "-" "Mozilla/4.0 (compatible; MSIE 6.0; MSIE 5.5; Windows 95) Opera 7.03 [de]"
46.161.41.24 - - [22/Jun/2013:03:01:44 +0200] "GET /catalog/shopping_cart.php/manufacturers_id/12/page/1/sort/4d?mysid=70b7bfffd39dd86af4209d750b4e29b4 HTTP/1.1" 200 10154 "-" "Mozilla/4.0 (compatible; MSIE 6.0; MSIE 5.5; Windows 95) Opera 7.03 [de]"
